Archive member included to satisfy reference by file (symbol)

app/libapp.a(main.c.obj)      (--whole-archive)
zephyr/libzephyr.a(cbprintf.c.obj)
                              (--whole-archive)
zephyr/libzephyr.a(crc32_sw.c.obj)
                              (--whole-archive)
zephyr/libzephyr.a(crc16_sw.c.obj)
                              (--whole-archive)
zephyr/libzephyr.a(crc8_sw.c.obj)
                              (--whole-archive)
zephyr/libzephyr.a(crc7_sw.c.obj)
                              (--whole-archive)
zephyr/libzephyr.a(dec.c.obj)
                              (--whole-archive)
zephyr/libzephyr.a(fdtable.c.obj)
                              (--whole-archive)
zephyr/libzephyr.a(hex.c.obj)
                              (--whole-archive)
zephyr/libzephyr.a(notify.c.obj)
                              (--whole-archive)
zephyr/libzephyr.a(printk.c.obj)
                              (--whole-archive)
zephyr/libzephyr.a(onoff.c.obj)
                              (--whole-archive)
zephyr/libzephyr.a(rb.c.obj)  (--whole-archive)
zephyr/libzephyr.a(sem.c.obj)
                              (--whole-archive)
zephyr/libzephyr.a(thread_entry.c.obj)
                              (--whole-archive)
zephyr/libzephyr.a(timeutil.c.obj)
                              (--whole-archive)
zephyr/libzephyr.a(work_q.c.obj)
                              (--whole-archive)
zephyr/libzephyr.a(heap.c.obj)
                              (--whole-archive)
zephyr/libzephyr.a(heap-validate.c.obj)
                              (--whole-archive)
zephyr/libzephyr.a(cbprintf_complete.c.obj)
                              (--whole-archive)
zephyr/libzephyr.a(assert.c.obj)
                              (--whole-archive)
zephyr/libzephyr.a(configs.c.obj)
                              (--whole-archive)
zephyr/libzephyr.a(soc.c.obj)
                              (--whole-archive)
zephyr/libzephyr.a(power.c.obj)
                              (--whole-archive)
zephyr/libzephyr.a(validate_base_addresses.c.obj)
                              (--whole-archive)
zephyr/libzephyr.a(validate_enabled_instances.c.obj)
                              (--whole-archive)
zephyr/libzephyr.a(log_list.c.obj)
                              (--whole-archive)
zephyr/libzephyr.a(log_core.c.obj)
                              (--whole-archive)
zephyr/libzephyr.a(log_msg.c.obj)
                              (--whole-archive)
zephyr/libzephyr.a(log_output.c.obj)
                              (--whole-archive)
zephyr/libzephyr.a(log_backend_uart.c.obj)
                              (--whole-archive)
zephyr/libzephyr.a(rpmsg_backend.c.obj)
                              (--whole-archive)
zephyr/libzephyr.a(rpmsg_service.c.obj)
                              (--whole-archive)
zephyr/libzephyr.a(addr_utils.c.obj)
                              (--whole-archive)
zephyr/libzephyr.a(power.c.obj)
                              (--whole-archive)
zephyr/libzephyr.a(reboot.c.obj)
                              (--whole-archive)
zephyr/libzephyr.a(policy_residency.c.obj)
                              (--whole-archive)
zephyr/libzephyr.a(uart_console.c.obj)
                              (--whole-archive)
zephyr/libzephyr.a(clock_control_nrf.c.obj)
                              (--whole-archive)
zephyr/libzephyr.a(sys_clock_init.c.obj)
                              (--whole-archive)
zephyr/libzephyr.a(nrf_rtc_timer.c.obj)
                              (--whole-archive)
zephyr/libzephyr.a(utils.c.obj)
                              (--whole-archive)
zephyr/libzephyr.a(ecc_dh.c.obj)
                              (--whole-archive)
zephyr/libzephyr.a(ecc.c.obj)
                              (--whole-archive)
zephyr/libzephyr.a(aes_decrypt.c.obj)
                              (--whole-archive)
zephyr/libzephyr.a(aes_encrypt.c.obj)
                              (--whole-archive)
zephyr/arch/common/libarch__common.a(sw_isr_common.c.obj)
                              (--whole-archive)
zephyr/arch/arch/arm/core/aarch32/libarch__arm__core__aarch32.a(swap.c.obj)
                              (--whole-archive)
zephyr/arch/arch/arm/core/aarch32/libarch__arm__core__aarch32.a(swap_helper.S.obj)
                              (--whole-archive)
zephyr/arch/arch/arm/core/aarch32/libarch__arm__core__aarch32.a(irq_manage.c.obj)
                              (--whole-archive)
zephyr/arch/arch/arm/core/aarch32/libarch__arm__core__aarch32.a(thread.c.obj)
                              (--whole-archive)
zephyr/arch/arch/arm/core/aarch32/libarch__arm__core__aarch32.a(cpu_idle.S.obj)
                              (--whole-archive)
zephyr/arch/arch/arm/core/aarch32/libarch__arm__core__aarch32.a(fatal.c.obj)
                              (--whole-archive)
zephyr/arch/arch/arm/core/aarch32/libarch__arm__core__aarch32.a(nmi.c.obj)
                              (--whole-archive)
zephyr/arch/arch/arm/core/aarch32/libarch__arm__core__aarch32.a(nmi_on_reset.S.obj)
                              (--whole-archive)
[...]
Memory Configuration

Name             Origin             Length             Attributes
FLASH            0x01000000         0x00040000         xr
SRAM             0x21000000         0x00010000         xw
IDT_LIST         0x21010000         0x00000800         xw
*default*        0x00000000         0xffffffff

Linker script and memory map

LOAD zephyr/CMakeFiles/zephyr_final.dir/misc/empty_file.c.obj
LOAD zephyr/CMakeFiles/zephyr_final.dir/isr_tables.c.obj
                0x00000020                _region_min_align = 0x20

.rel.plt        0x01000000        0x0
 *(SORT_BY_ALIGNMENT(.rel.plt))
                [!provide]                PROVIDE (__rel_iplt_start = .)
 *(SORT_BY_ALIGNMENT(.rel.iplt))
 .rel.iplt      0x01000000        0x0 zephyr/CMakeFiles/zephyr_final.dir/isr_tables.c.obj
                [!provide]                PROVIDE (__rel_iplt_end = .)

.rela.plt       0x00000000        0x0
 *(SORT_BY_ALIGNMENT(.rela.plt))
                [!provide]                PROVIDE (__rela_iplt_start = .)
 *(SORT_BY_ALIGNMENT(.rela.iplt))
                [!provide]                PROVIDE (__rela_iplt_end = .)

.rel.dyn
 *(SORT_BY_ALIGNMENT(.rel.*))

.rela.dyn
 *(SORT_BY_ALIGNMENT(.rela.*))

/DISCARD/
 *(SORT_BY_ALIGNMENT(.plt))
 *(SORT_BY_ALIGNMENT(.iplt))
 *(SORT_BY_ALIGNMENT(.got.plt))
 *(SORT_BY_ALIGNMENT(.igot.plt))
 *(SORT_BY_ALIGNMENT(.got))
 *(SORT_BY_ALIGNMENT(.igot))
 *(SORT_BY_ALIGNMENT(.irq_info*))
 *(SORT_BY_ALIGNMENT(.intList*))
 *(SORT_BY_ALIGNMENT(.note.GNU-stack))
                0x01000000                _image_rom_start = 0x1000000

rom_start       0x01000000       0xb8
                0x00000000                . = 0x0
                0x00000000                . = ALIGN (0x4)
                0x00000000                . = ALIGN (0x80)
                0x00000000                . = ALIGN (0x100)
                0x01000000                _vector_start = .
 *(SORT_BY_ALIGNMENT(.exc_vector_table))
 *(SORT_BY_ALIGNMENT(.exc_vector_table.*))
 .exc_vector_table._vector_table_section
                0x01000000       0x40 zephyr/arch/arch/arm/core/aarch32/cortex_m/libarch__arm__core__aarch32__cortex_m.a(vector_table.S.obj)
                0x01000000                _vector_table
 *(SORT_BY_ALIGNMENT(.gnu.linkonce.irq_vector_table*))
 .gnu.linkonce.irq_vector_table*
                0x01000040       0x78 zephyr/CMakeFiles/zephyr_final.dir/isr_tables.c.obj
                0x01000040                _irq_vector_table
 *(SORT_BY_ALIGNMENT(.vectors))
                0x010000b8                _vector_end = .
 *(SORT_BY_ALIGNMENT(.openocd_dbg))
 *(SORT_BY_ALIGNMENT(.openocd_dbg.*))

text            0x010000b8    0x28a3e
                0x010000b8                _image_text_start = .
 *(SORT_BY_ALIGNMENT(.text))
 .text          0x010000b8       0x30 c:/users/vai/ncs/v1.5.1/toolchain/opt/bin/../lib/gcc/arm-none-eabi/9.2.1/thumb/v8-m.main/nofp\libgcc.a(_aeabi_uldivmod.o)
                0x010000b8                __aeabi_uldivmod
 .text          0x010000e8      0x2c8 c:/users/vai/ncs/v1.5.1/toolchain/opt/bin/../lib/gcc/arm-none-eabi/9.2.1/thumb/v8-m.main/nofp\libgcc.a(_udivmoddi4.o)
                0x010000e8                __udivmoddi4
 .text          0x010003b0        0x4 c:/users/vai/ncs/v1.5.1/toolchain/opt/bin/../lib/gcc/arm-none-eabi/9.2.1/thumb/v8-m.main/nofp\libgcc.a(_dvmd_tls.o)
                0x010003b0                __aeabi_idiv0
                0x010003b0                __aeabi_ldiv0
 .text          0x010003b4       0x30 C:/Users/VAI/ncs/v1.5.1/nrfxlib/mpsl/lib/cortex-m33+nodsp/soft-float/libmpsl.a(libmpsl_debug_soft__obfuscated.elf)
                0x010003b4                sym_QV6CME4HLWJA6KQZ7HE7ECNT7UGKOYHKNHH6E7I
 .text          0x010003e4        0xc C:/Users/VAI/ncs/v1.5.1/nrfxlib/mpsl/lib/cortex-m33+nodsp/soft-float/libmpsl.a(libmpsl_debug_soft__obfuscated.elf)
                0x010003e4                sym_SKFSQME5SGNPYLL7B75KY7PHXFYWSRI2HSTT45A
 .text          0x010003f0       0x18 C:/Users/VAI/ncs/v1.5.1/nrfxlib/mpsl/lib/cortex-m33+nodsp/soft-float/libmpsl.a(libmpsl_debug_soft__obfuscated.elf)
                0x010003f0                sym_4RNEPYYQOFM4LAOGLN2TB27X7L3XBISTGAWYOHQ
 .text          0x01000408       0xf0 C:/Users/VAI/ncs/v1.5.1/nrfxlib/mpsl/lib/cortex-m33+nodsp/soft-float/libmpsl.a(libmpsl_debug_soft__obfuscated.elf)
 .text          0x010004f8      0x1bc C:/Users/VAI/ncs/v1.5.1/nrfxlib/mpsl/lib/cortex-m33+nodsp/soft-float/libmpsl.a(libmpsl_debug_soft__obfuscated.elf)
 .text          0x010006b4       0xdc C:/Users/VAI/ncs/v1.5.1/nrfxlib/mpsl/lib/cortex-m33+nodsp/soft-float/libmpsl.a(libmpsl_debug_soft__obfuscated.elf)
 .text          0x01000790       0xf0 C:/Users/VAI/ncs/v1.5.1/nrfxlib/mpsl/lib/cortex-m33+nodsp/soft-float/libmpsl.a(libmpsl_debug_soft__obfuscated.elf)
 .text          0x01000880      0x188 C:/Users/VAI/ncs/v1.5.1/nrfxlib/mpsl/lib/cortex-m33+nodsp/soft-float/libmpsl.a(libmpsl_debug_soft__obfuscated.elf)
 .text          0x01000a08      0x6c8 C:/Users/VAI/ncs/v1.5.1/nrfxlib/mpsl/lib/cortex-m33+nodsp/soft-float/libmpsl.a(libmpsl_debug_soft__obfuscated.elf)
 .text          0x010010d0      0x120 C:/Users/VAI/ncs/v1.5.1/nrfxlib/mpsl/lib/cortex-m33+nodsp/soft-float/libmpsl.a(libmpsl_debug_soft__obfuscated.elf)
 .text          0x010011f0       0x80 C:/Users/VAI/ncs/v1.5.1/nrfxlib/mpsl/lib/cortex-m33+nodsp/soft-float/libmpsl.a(libmpsl_debug_soft__obfuscated.elf)
                0x010011f0                sym_ZC6NJBPUISWILQK6OTOBMJVVUT63JRIDGH5WNCY
 .text          0x01001270       0x30 C:/Users/VAI/ncs/v1.5.1/nrfxlib/mpsl/lib/cortex-m33+nodsp/soft-float/libmpsl.a(libmpsl_debug_soft__obfuscated.elf)
                0x01001270                sym_4FXF7BZT2IZ3YRYSE3Z2XCICKWZPGDZTXL2ECZQ
 .text          0x010012a0      0x28c C:/Users/VAI/ncs/v1.5.1/nrfxlib/mpsl/lib/cortex-m33+nodsp/soft-float/libmpsl.a(libmpsl_debug_soft__obfuscated.elf)
                0x010012a0                sym_SFR5TVV24PZRIRC5QGOHL2X436PUHKRY2QWKP5Y
 .text          0x0100152c       0x50 C:/Users/VAI/ncs/v1.5.1/nrfxlib/mpsl/lib/cortex-m33+nodsp/soft-float/libmpsl.a(libmpsl_debug_soft__obfuscated.elf)
                0x0100152c                sym_RPHL2J7CVNKM6GKLDIFI4NVAPZE2FHTYW4VJSJI
 .text          0x0100157c       0x14 C:/Users/VAI/ncs/v1.5.1/nrfxlib/mpsl/lib/cortex-m33+nodsp/soft-float/libmpsl.a(libmpsl_debug_soft__obfuscated.elf)
                0x0100157c                sym_MGCUANL7Q2CUPWKYBFLWSWSNXIEEYBPZTHT2VZI
 .text          0x01001590       0x50 C:/Users/VAI/ncs/v1.5.1/nrfxlib/mpsl/lib/cortex-m33+nodsp/soft-float/libmpsl.a(libmpsl_debug_soft__obfuscated.elf)
                0x01001590                sym_CFZK3G6ZC4ONUAYO2UALWQ4CBO7A6ADNAS2FS7Y
 .text          0x010015e0       0x10 C:/Users/VAI/ncs/v1.5.1/nrfxlib/mpsl/lib/cortex-m33+nodsp/soft-float/libmpsl.a(libmpsl_debug_soft__obfuscated.elf)
                0x010015e0                sym_KN3Y3AMHXOHKS2EMALWM5VNLRDL2MPKHIP6XPDA
 .text          0x010015f0       0x68 C:/Users/VAI/ncs/v1.5.1/nrfxlib/mpsl/lib/cortex-m33+nodsp/soft-float/libmpsl.a(libmpsl_debug_soft__obfuscated.elf)
                0x010015f0                sym_2O2USXABBLL6KC7E5NJFOHR6JLZMSV4AU5ZYH3Q
 .text          0x01001658      0x370 C:/Users/VAI/ncs/v1.5.1/nrfxlib/mpsl/lib/cortex-m33+nodsp/soft-float/libmpsl.a(libmpsl_debug_soft__obfuscated.elf)
                0x01001658                sym_CVH6S6LMSFPC2RM6I6LYWFRVOJUD3A6OCMG7AAI
 .text          0x010019c8      0x6c4 C:/Users/VAI/ncs/v1.5.1/nrfxlib/mpsl/lib/cortex-m33+nodsp/soft-float/libmpsl.a(libmpsl_debug_soft__obfuscated.elf)
                0x010019c8                sym_NFDFVOR5BUFND4TNTGYIYR4ARXJRXWSQ4PVFUKY
 .text          0x0100208c      0x298 C:/Users/VAI/ncs/v1.5.1/nrfxlib/mpsl/lib/cortex-m33+nodsp/soft-float/libmpsl.a(libmpsl_debug_soft__obfuscated.elf)
                0x0100208c                sym_R4Y3KWNYX4PGGLE5X2L7DXMWMJUY3DOXD7LSUKY
 .text          0x01002324        0x8 C:/Users/VAI/ncs/v1.5.1/nrfxlib/mpsl/lib/cortex-m33+nodsp/soft-float/libmpsl.a(libmpsl_debug_soft__obfuscated.elf)
                0x01002324                sym_AQI4OLZLNAFMKTQHPKXO3EVYHTLAOB676ZYU7WY
 .text          0x0100232c        0xc C:/Users/VAI/ncs/v1.5.1/nrfxlib/mpsl/lib/cortex-m33+nodsp/soft-float/libmpsl.a(libmpsl_debug_soft__obfuscated.elf)
                0x0100232c                sym_VJEK4XS7F73UVK3OKMWLYLJEHOD3EB5MY72V6OQ
 .text          0x01002338      0x30c C:/Users/VAI/ncs/v1.5.1/nrfxlib/mpsl/lib/cortex-m33+nodsp/soft-float/libmpsl.a(libmpsl_debug_soft__obfuscated.elf)
                0x01002338                sym_J5F7QGRFPKMLWRNSXZXS5YI7BM4DUTISCOASCOA
 .text          0x01002644       0x34 C:/Users/VAI/ncs/v1.5.1/nrfxlib/mpsl/lib/cortex-m33+nodsp/soft-float/libmpsl.a(libmpsl_debug_soft__obfuscated.elf)
                0x01002644                sym_UY2NI5OOASY6266A2A7GY3XEUA5M2CDE2WTVEIY
 .text          0x01002678       0xc8 C:/Users/VAI/ncs/v1.5.1/nrfxlib/mpsl/lib/cortex-m33+nodsp/soft-float/libmpsl.a(libmpsl_debug_soft__obfuscated.elf)
                0x01002678                sym_URFU24FFGR2HYB6CCPIPKPNZNMTWHKDYOATUJNY
 .text          0x01002740       0x4c C:/Users/VAI/ncs/v1.5.1/nrfxlib/mpsl/lib/cortex-m33+nodsp/soft-float/libmpsl.a(libmpsl_debug_soft__obfuscated.elf)
                0x01002740                sym_VDVM4QLBTRUPEGCBUXIK25LH2KVQWBZXHRBYEFY
 .text          0x0100278c       0x30 C:/Users/VAI/ncs/v1.5.1/nrfxlib/mpsl/lib/cortex-m33+nodsp/soft-float/libmpsl.a(libmpsl_debug_soft__obfuscated.elf)
                0x0100278c                sym_VEWW3RW4OAPPUFDQOJ7JRKBAAFEHR5NLTH3O5OQ
 .text          0x010027bc       0x4c C:/Users/VAI/ncs/v1.5.1/nrfxlib/mpsl/lib/cortex-m33+nodsp/soft-float/libmpsl.a(libmpsl_debug_soft__obfuscated.elf)
                0x010027bc                sym_KRIFY7ONBBSU6QHFDWYLN5WQPGGEBIZW5444PSQ
 .text          0x01002808        0x4 C:/Users/VAI/ncs/v1.5.1/nrfxlib/mpsl/lib/cortex-m33+nodsp/soft-float/libmpsl.a(libmpsl_debug_soft__obfuscated.elf)
                0x01002808                sym_HAHEAVDZUSPPA6H5H73M6WNIYXBR6WNMIDQIM7Q
 .text          0x0100280c      0x1a0 C:/Users/VAI/ncs/v1.5.1/nrfxlib/mpsl/lib/cortex-m33+nodsp/soft-float/libmpsl.a(libmpsl_debug_soft__obfuscated.elf)
                0x0100280c                sym_QWOE5H22ZADGJX5JSROW7BOI32Z6PPEEJCISNOQ
 .text          0x010029ac      0x290 C:/Users/VAI/ncs/v1.5.1/nrfxlib/mpsl/lib/cortex-m33+nodsp/soft-float/libmpsl.a(libmpsl_debug_soft__obfuscated.elf)
                0x010029ac                sym_DQFOGVCNU4NTOMWSL3IYDNCMIXT2LT7SZHL5IHI
 .text          0x01002c3c       0x60 C:/Users/VAI/ncs/v1.5.1/nrfxlib/mpsl/lib/cortex-m33+nodsp/soft-float/libmpsl.a(libmpsl_debug_soft__obfuscated.elf)
                0x01002c3c                sym_ORUJDMUJV7RZIFXM3X5KLRROPKJ7VPLJ65JMLRQ
 .text          0x01002c9c       0xc4 C:/Users/VAI/ncs/v1.5.1/nrfxlib/mpsl/lib/cortex-m33+nodsp/soft-float/libmpsl.a(libmpsl_debug_soft__obfuscated.elf)
                0x01002c9c                sym_3SK52U5TD4ACVVYKWS6UI6ZPWKSLV6BW5IGCPJI
 .text          0x01002d60      0x17c C:/Users/VAI/ncs/v1.5.1/nrfxlib/mpsl/lib/cortex-m33+nodsp/soft-float/libmpsl.a(libmpsl_debug_soft__obfuscated.elf)
                0x01002d60                sym_2ZDZA75WOMRNSQ6XL7IZWAQKYFFSRJOGBGKPTIQ
 .text          0x01002edc       0xc0 C:/Users/VAI/ncs/v1.5.1/nrfxlib/mpsl/lib/cortex-m33+nodsp/soft-float/libmpsl.a(libmpsl_debug_soft__obfuscated.elf)
                0x01002edc                sym_UGOJA475OXR5HR5WFINUK27HP5BRGNWCZXQLKDI
 .text          0x01002f9c      0x118 C:/Users/VAI/ncs/v1.5.1/nrfxlib/mpsl/lib/cortex-m33+nodsp/soft-float/libmpsl.a(libmpsl_debug_soft__obfuscated.elf)
                0x01002f9c                sym_QUBGY7RMPG7R5F6DVNURH4AVGDAWMK46YXU4DRA
 .text          0x010030b4        0xc C:/Users/VAI/ncs/v1.5.1/nrfxlib/mpsl/lib/cortex-m33+nodsp/soft-float/libmpsl.a(libmpsl_debug_soft__obfuscated.elf)
                0x010030b4                sym_RUQO26WM5KVVEW7O3OHCXPO7LLLXRBDPIPSWIWY
 .text          0x010030c0        0xc C:/Users/VAI/ncs/v1.5.1/nrfxlib/mpsl/lib/cortex-m33+nodsp/soft-float/libmpsl.a(libmpsl_debug_soft__obfuscated.elf)
                0x010030c0                sym_M4DIQOXJAE3BNHQBIUCZXAABSM24CWUEJOCU7DY
 .text          0x010030cc      0x138 C:/Users/VAI/ncs/v1.5.1/nrfxlib/mpsl/lib/cortex-m33+nodsp/soft-float/libmpsl.a(libmpsl_debug_soft__obfuscated.elf)
                0x010030cc                sym_X2K67YH6UCW6TFK6NTLPZZFGWYHTTPZYK5PXHNQ
 .text          0x01003204       0x38 C:/Users/VAI/ncs/v1.5.1/nrfxlib/mpsl/lib/cortex-m33+nodsp/soft-float/libmpsl.a(libmpsl_debug_soft__obfuscated.elf)
                0x01003204                sym_CQWZ455IMTLTPY5LEEZHXHRRNX223B3HTDD45HA
 .text          0x0100323c      0x108 C:/Users/VAI/ncs/v1.5.1/nrfxlib/mpsl/lib/cortex-m33+nodsp/soft-float/libmpsl.a(libmpsl_debug_soft__obfuscated.elf)
                0x0100323c                sym_TSYEIN5CZPQE3YK6VECZD5C2M4LMXKKH6O7LNAY
 .text          0x01003344       0x94 C:/Users/VAI/ncs/v1.5.1/nrfxlib/mpsl/lib/cortex-m33+nodsp/soft-float/libmpsl.a(libmpsl_debug_soft__obfuscated.elf)
                0x01003344                sym_OLTN5HGCU3P74AJAQRGNYBUXASUKWF3RI2Q3H5Q
 .text          0x010033d8       0x28 C:/Users/VAI/ncs/v1.5.1/nrfxlib/mpsl/lib/cortex-m33+nodsp/soft-float/libmpsl.a(libmpsl_debug_soft__obfuscated.elf)
                0x010033d8                sym_CPXNCG66C5WXYS4GOKTR2JEIS45ZVRZUCBYX34I
 .text          0x01003400       0x1c C:/Users/VAI/ncs/v1.5.1/nrfxlib/mpsl/lib/cortex-m33+nodsp/soft-float/libmpsl.a(libmpsl_debug_soft__obfuscated.elf)
                0x01003400                sym_2VDVUOTV276POQPJRTHRUH2MRDLS4UTGJOVIRQY
 .text          0x0100341c       0x50 C:/Users/VAI/ncs/v1.5.1/nrfxlib/mpsl/lib/cortex-m33+nodsp/soft-float/libmpsl.a(libmpsl_debug_soft__obfuscated.elf)
                0x0100341c                sym_AO7IDJTBMFZUQLFLRLEUMHZWK5ISLDQ2UN56FCI
 .text          0x0100346c       0x9c C:/Users/VAI/ncs/v1.5.1/nrfxlib/mpsl/lib/cortex-m33+nodsp/soft-float/libmpsl.a(libmpsl_debug_soft__obfuscated.elf)
                0x0100346c                MPSL_IRQ_RTC0_Handler
 .text          0x01003508      0x184 C:/Users/VAI/ncs/v1.5.1/nrfxlib/mpsl/lib/cortex-m33+nodsp/soft-float/libmpsl.a(libmpsl_debug_soft__obfuscated.elf)
                0x01003508                MPSL_IRQ_TIMER0_Handler
 .text          0x0100368c        0x4 C:/Users/VAI/ncs/v1.5.1/nrfxlib/mpsl/lib/cortex-m33+nodsp/soft-float/libmpsl.a(libmpsl_debug_soft__obfuscated.elf)
                0x0100368c                MPSL_IRQ_RADIO_Handler
 .text          0x01003690       0x1c C:/Users/VAI/ncs/v1.5.1/nrfxlib/mpsl/lib/cortex-m33+nodsp/soft-float/libmpsl.a(libmpsl_debug_soft__obfuscated.elf)
 .text          0x010036ac        0xc C:/Users/VAI/ncs/v1.5.1/nrfxlib/mpsl/lib/cortex-m33+nodsp/soft-float/libmpsl.a(libmpsl_debug_soft__obfuscated.elf)
                0x010036ac                sym_ETIE3PCEXQYLK2GIVZENQ6V7PLBRV57MB7BDMNY
 .text          0x010036b8       0x28 C:/Users/VAI/ncs/v1.5.1/nrfxlib/mpsl/lib/cortex-m33+nodsp/soft-float/libmpsl.a(libmpsl_debug_soft__obfuscated.elf)
                0x010036b8                sym_PEUB6CZG5CWXXD4M2S6OVBXZGDFOG4XII7USUDQ
 .text          0x010036e0       0x38 C:/Users/VAI/ncs/v1.5.1/nrfxlib/mpsl/lib/cortex-m33+nodsp/soft-float/libmpsl.a(libmpsl_debug_soft__obfuscated.elf)
                0x010036e0                mpsl_clock_hfclk_request
 .text          0x01003718       0x38 C:/Users/VAI/ncs/v1.5.1/nrfxlib/mpsl/lib/cortex-m33+nodsp/soft-float/libmpsl.a(libmpsl_debug_soft__obfuscated.elf)
 .text          0x01003750       0x50 C:/Users/VAI/ncs/v1.5.1/nrfxlib/mpsl/lib/cortex-m33+nodsp/soft-float/libmpsl.a(libmpsl_debug_soft__obfuscated.elf)
 .text          0x010037a0       0x38 C:/Users/VAI/ncs/v1.5.1/nrfxlib/mpsl/lib/cortex-m33+nodsp/soft-float/libmpsl.a(libmpsl_debug_soft__obfuscated.elf)
                0x010037a0                sym_AF5XKA2WT4DMFZTLKHOBWE7E2EZAMLDDFPQGGTQ
 .text          0x010037d8       0x1c C:/Users/VAI/ncs/v1.5.1/nrfxlib/mpsl/lib/cortex-m33+nodsp/soft-float/libmpsl.a(libmpsl_debug_soft__obfuscated.elf)
                0x010037d8                mpsl_clock_hfclk_release
 .text          0x010037f4       0x1c C:/Users/VAI/ncs/v1.5.1/nrfxlib/mpsl/lib/cortex-m33+nodsp/soft-float/libmpsl.a(libmpsl_debug_soft__obfuscated.elf)
                0x010037f4                sym_MXEZOAVPP5LXUOZ6LJGDWJ57JEG5BZ5YB7LCG7Y
 .text          0x01003810       0x38 C:/Users/VAI/ncs/v1.5.1/nrfxlib/mpsl/lib/cortex-m33+nodsp/soft-float/libmpsl.a(libmpsl_debug_soft__obfuscated.elf)
                0x01003810                sym_UZOVMIXHY2SDZSVAWFRK4RKQPHXNS37P2CLQ57A
 .text          0x01003848       0x10 C:/Users/VAI/ncs/v1.5.1/nrfxlib/mpsl/lib/cortex-m33+nodsp/soft-float/libmpsl.a(libmpsl_debug_soft__obfuscated.elf)
                0x01003848                sym_4CZSFTTT34WDYFZKE2NSCSVSYLPHLZYN7QUTGHY
 .text          0x01003858       0x80 C:/Users/VAI/ncs/v1.5.1/nrfxlib/mpsl/lib/cortex-m33+nodsp/soft-float/libmpsl.a(libmpsl_debug_soft__obfuscated.elf)
                0x01003858                sym_A4JUKJUCTJV55V2WD6TXU63VO5GAMB4XA4EE56Q
 .text          0x010038d8       0xa8 C:/Users/VAI/ncs/v1.5.1/nrfxlib/mpsl/lib/cortex-m33+nodsp/soft-float/libmpsl.a(libmpsl_debug_soft__obfuscated.elf)
                0x010038d8                MPSL_IRQ_CLOCK_Handler
 .text          0x01003980       0x18 C:/Users/VAI/ncs/v1.5.1/nrfxlib/mpsl/lib/cortex-m33+nodsp/soft-float/libmpsl.a(libmpsl_debug_soft__obfuscated.elf)
                0x01003980                sym_4PX37LW4KIUYQZ73JWLPH5GAGIRWAKTV3E6F62Q
 .text          0x01003998      0x1a0 C:/Users/VAI/ncs/v1.5.1/nrfxlib/mpsl/lib/cortex-m33+nodsp/soft-float/libmpsl.a(libmpsl_debug_soft__obfuscated.elf)
                0x01003998                sym_FYHKZOVAJN6VDDHY43FT7PF4YLRDHWRTEWHFG6I
 .text          0x01003b38        0xc C:/Users/VAI/ncs/v1.5.1/nrfxlib/mpsl/lib/cortex-m33+nodsp/soft-float/libmpsl.a(libmpsl_debug_soft__obfuscated.elf)
                0x01003b38                sym_IFJHPQV3B4EIN6OIUP3LZSPJBF5HLX2VYD323GA
 .text          0x01003b44       0x20 C:/Users/VAI/ncs/v1.5.1/nrfxlib/mpsl/lib/cortex-m33+nodsp/soft-float/libmpsl.a(libmpsl_debug_soft__obfuscated.elf)
                0x01003b44                sym_XK3TMLCZALCYYWGULGHQIRSOBMPIIPJ7HEMOZIQ
 .text          0x01003b64        0xc C:/Users/VAI/ncs/v1.5.1/nrfxlib/mpsl/lib/cortex-m33+nodsp/soft-float/libmpsl.a(libmpsl_debug_soft__obfuscated.elf)
                0x01003b64                sym_PIRI3CTIHOPR5MPDQRHBJRRZEA2NVOD4J3GXGOA
 .text          0x01003b70       0x1c C:/Users/VAI/ncs/v1.5.1/nrfxlib/mpsl/lib/cortex-m33+nodsp/soft-float/libmpsl.a(libmpsl_debug_soft__obfuscated.elf)
                0x01003b70                sym_LIY23QT3GHIV7NCGJ6ZW6LB2ZUSI56CIFCL6HUY
 .text          0x01003b8c       0x10 C:/Users/VAI/ncs/v1.5.1/nrfxlib/mpsl/lib/cortex-m33+nodsp/soft-float/libmpsl.a(libmpsl_debug_soft__obfuscated.elf)
                0x01003b8c                sym_TIWHB6UQGI33JQCQDL7C2BRAEXCRAFYENVN6QEI
 .text          0x01003b9c       0x10 C:/Users/VAI/ncs/v1.5.1/nrfxlib/mpsl/lib/cortex-m33+nodsp/soft-float/libmpsl.a(libmpsl_debug_soft__obfuscated.elf)
                0x01003b9c                sym_AL7FCNVVCF72BNYCTLA5UGAWCQFXFPGE2ULTWOA
 .text          0x01003bac       0x10 C:/Users/VAI/ncs/v1.5.1/nrfxlib/mpsl/lib/cortex-m33+nodsp/soft-float/libmpsl.a(libmpsl_debug_soft__obfuscated.elf)
                0x01003bac                sym_7BUNPUBNWNFVXXIMNFFNK765OVON5LBIUZ66QRI
 .text          0x01003bbc       0x28 C:/Users/VAI/ncs/v1.5.1/nrfxlib/mpsl/lib/cortex-m33+nodsp/soft-float/libmpsl.a(libmpsl_debug_soft__obfuscated.elf)
                0x01003bbc                sym_LZEJCP3HZIBKMJQC47UQXAHGCQ52QF47EXOH2WA
 .text          0x01003be4       0x14 C:/Users/VAI/ncs/v1.5.1/nrfxlib/mpsl/lib/cortex-m33+nodsp/soft-float/libmpsl.a(libmpsl_debug_soft__obfuscated.elf)
 .text          0x01003bf8       0x20 C:/Users/VAI/ncs/v1.5.1/nrfxlib/mpsl/lib/cortex-m33+nodsp/soft-float/libmpsl.a(libmpsl_debug_soft__obfuscated.elf)
 .text          0x01003c18       0x34 C:/Users/VAI/ncs/v1.5.1/nrfxlib/mpsl/lib/cortex-m33+nodsp/soft-float/libmpsl.a(libmpsl_debug_soft__obfuscated.elf)
 .text          0x01003c4c       0x48 C:/Users/VAI/ncs/v1.5.1/nrfxlib/mpsl/lib/cortex-m33+nodsp/soft-float/libmpsl.a(libmpsl_debug_soft__obfuscated.elf)
 .text          0x01003c94       0x24 C:/Users/VAI/ncs/v1.5.1/nrfxlib/mpsl/lib/cortex-m33+nodsp/soft-float/libmpsl.a(libmpsl_debug_soft__obfuscated.elf)
 .text          0x01003cb8       0xfc C:/Users/VAI/ncs/v1.5.1/nrfxlib/mpsl/lib/cortex-m33+nodsp/soft-float/libmpsl.a(libmpsl_debug_soft__obfuscated.elf)
 .text          0x01003db4        0xc C:/Users/VAI/ncs/v1.5.1/nrfxlib/mpsl/lib/cortex-m33+nodsp/soft-float/libmpsl.a(libmpsl_debug_soft__obfuscated.elf)
                0x01003db4                sym_JNBYD5ZJ5MPK62ZKHKS33GEXMN2T7JK3PFE544A
 .text          0x01003dc0      0x10c C:/Users/VAI/ncs/v1.5.1/nrfxlib/mpsl/lib/cortex-m33+nodsp/soft-float/libmpsl.a(libmpsl_debug_soft__obfuscated.elf)
                0x01003dc0                sym_SMM7FXAGNH5CGLSU6FKRBG24XS3XTMWJCOJFD6Q
 .text          0x01003ecc       0x30 C:/Users/VAI/ncs/v1.5.1/nrfxlib/mpsl/lib/cortex-m33+nodsp/soft-float/libmpsl.a(libmpsl_debug_soft__obfuscated.elf)
 .text          0x01003efc      0x208 C:/Users/VAI/ncs/v1.5.1/nrfxlib/mpsl/lib/cortex-m33+nodsp/soft-float/libmpsl.a(libmpsl_debug_soft__obfuscated.elf)
 .text          0x01004104       0x6c C:/Users/VAI/ncs/v1.5.1/nrfxlib/mpsl/lib/cortex-m33+nodsp/soft-float/libmpsl.a(libmpsl_debug_soft__obfuscated.elf)
                0x01004104                mpsl_init
 .text          0x01004170       0x50 C:/Users/VAI/ncs/v1.5.1/nrfxlib/mpsl/lib/cortex-m33+nodsp/soft-float/libmpsl.a(libmpsl_debug_soft__obfuscated.elf)
                0x01004170                sym_S2UAPMFVIQXDUOA6CV7GJMB33TYHEUH5D6LHO5Q
 .text          0x010041c0       0x28 C:/Users/VAI/ncs/v1.5.1/nrfxlib/mpsl/lib/cortex-m33+nodsp/soft-float/libmpsl.a(libmpsl_debug_soft__obfuscated.elf)
                0x010041c0                sym_XR32KBBIVYD5OVRJM2RBQ57EGCCM2C3F5IY6OHQ
 .text          0x010041e8        0xc C:/Users/VAI/ncs/v1.5.1/nrfxlib/mpsl/lib/cortex-m33+nodsp/soft-float/libmpsl.a(libmpsl_debug_soft__obfuscated.elf)
                0x010041e8                mpsl_is_initialized
 .text          0x010041f4       0x7c C:/Users/VAI/ncs/v1.5.1/nrfxlib/mpsl/lib/cortex-m33+nodsp/soft-float/libmpsl.a(libmpsl_debug_soft__obfuscated.elf)
                0x010041f4                mpsl_temperature_get
 .text          0x01004270       0x38 C:/Users/VAI/ncs/v1.5.1/nrfxlib/mpsl/lib/cortex-m33+nodsp/soft-float/libmpsl.a(libmpsl_debug_soft__obfuscated.elf)
                0x01004270                sym_W7ROFHNOSDKPIRUKDGIZZ5YR3MC3DAM2YLJOUIA
 .text          0x010042a8       0x38 C:/Users/VAI/ncs/v1.5.1/nrfxlib/mpsl/lib/cortex-m33+nodsp/soft-float/libmpsl.a(libmpsl_debug_soft__obfuscated.elf)
                0x010042a8                sym_GURZ3AH6X65RGSKYMYNWZVP6HM56LA5MRAQWT6Q
 .text          0x010042e0       0x50 C:/Users/VAI/ncs/v1.5.1/nrfxlib/mpsl/lib/cortex-m33+nodsp/soft-float/libmpsl.a(libmpsl_debug_soft__obfuscated.elf)
                0x010042e0                sym_VWGRUQT3LYZHLYS5KJ7UOCJEHLDJTWH4RVJBGKQ
 .text          0x01004330       0x10 C:/Users/VAI/ncs/v1.5.1/nrfxlib/mpsl/lib/cortex-m33+nodsp/soft-float/libmpsl.a(libmpsl_debug_soft__obfuscated.elf)
                0x01004330                sym_B4H3F5QPN2TDYOODF5YTAXQXBYEXGRA3HU76OEQ
 .text          0x01004340        0x8 C:/Users/VAI/ncs/v1.5.1/nrfxlib/mpsl/lib/cortex-m33+nodsp/soft-float/libmpsl.a(libmpsl_debug_soft__obfuscated.elf)
                0x01004340                sym_4WL3TG4Q7RCTFEMPQ2CQTOL4PAKUULDPJUM5DTY
 .text          0x01004348       0x34 C:/Users/VAI/ncs/v1.5.1/nrfxlib/mpsl/lib/cortex-m33+nodsp/soft-float/libmpsl.a(libmpsl_debug_soft__obfuscated.elf)
                0x01004348                sym_K65IFLJONCLHPD5IQ4ENBWGA3PVI55UHZKOIVDQ
 .text          0x0100437c       0xf0 C:/Users/VAI/ncs/v1.5.1/nrfxlib/mpsl/lib/cortex-m33+nodsp/soft-float/libmpsl.a(libmpsl_debug_soft__obfuscated.elf)
                0x0100437c                sym_DQONLUECJTIEYFOFJXXAPJO4POIAJKJNKBGVN5A
 .text          0x0100446c       0xe4 C:/Users/VAI/ncs/v1.5.1/nrfxlib/mpsl/lib/cortex-m33+nodsp/soft-float/libmpsl.a(libmpsl_debug_soft__obfuscated.elf)
                0x0100446c                sym_VSILKYHVQ5DVF6LG5MG267DQVA3A2XZQ6FSCLXA
 .text          0x01004550       0x40 C:/Users/VAI/ncs/v1.5.1/nrfxlib/mpsl/lib/cortex-m33+nodsp/soft-float/libmpsl.a(libmpsl_debug_soft__obfuscated.elf)
 .text          0x01004590       0x50 C:/Users/VAI/ncs/v1.5.1/nrfxlib/mpsl/lib/cortex-m33+nodsp/soft-float/libmpsl.a(libmpsl_debug_soft__obfuscated.elf)
                0x01004590                sym_GNQQQFEWM5SWEGVB5JHP7HYAZGI4CDQXSGHR4SQ
 .text          0x010045e0       0x30 C:/Users/VAI/ncs/v1.5.1/nrfxlib/mpsl/lib/cortex-m33+nodsp/soft-float/libmpsl.a(libmpsl_debug_soft__obfuscated.elf)
                0x010045e0                sym_H2AKPOL4Q6GKGQJVBUBWLPO3RBNKXXQE2HSOELQ
 .text          0x01004610       0x28 C:/Users/VAI/ncs/v1.5.1/nrfxlib/mpsl/lib/cortex-m33+nodsp/soft-float/libmpsl.a(libmpsl_debug_soft__obfuscated.elf)
                0x01004610                sym_24DWUIEE2POS3GYSEVA4IAL4G7TGCCCJXT6D5AA
 .text          0x01004638       0x20 C:/Users/VAI/ncs/v1.5.1/nrfxlib/mpsl/lib/cortex-m33+nodsp/soft-float/libmpsl.a(libmpsl_debug_soft__obfuscated.elf)
                0x01004638                sym_65YCAVBDKPZHZGRZXNQZCLS62UDJXZDBEFWVSII
 .text          0x01004658       0x20 C:/Users/VAI/ncs/v1.5.1/nrfxlib/mpsl/lib/cortex-m33+nodsp/soft-float/libmpsl.a(libmpsl_debug_soft__obfuscated.elf)
                0x01004658                sym_UCUZCD3IIQBIFBTQEAMBH3ROVF42G3OC6HCQXWQ
 .text          0x01004678       0x84 C:/Users/VAI/ncs/v1.5.1/nrfxlib/softdevice_controller/lib/cortex-m33+nodsp/soft-float/libsoftdevice_controller_multirole.a(libsoftdevice_controller_s140_debug_soft__obfuscated.elf)
 .text          0x010046fc       0x70 C:/Users/VAI/ncs/v1.5.1/nrfxlib/softdevice_controller/lib/cortex-m33+nodsp/soft-float/libsoftdevice_controller_multirole.a(libsoftdevice_controller_s140_debug_soft__obfuscated.elf)
                0x010046fc                sym_476LRB5XNUARAHCHHC7ZAIGPFC5VZ4W2N4467LI
 .text          0x0100476c       0x68 C:/Users/VAI/ncs/v1.5.1/nrfxlib/softdevice_controller/lib/cortex-m33+nodsp/soft-float/libsoftdevice_controller_multirole.a(libsoftdevice_controller_s140_debug_soft__obfuscated.elf)
 .text          0x010047d4       0x88 C:/Users/VAI/ncs/v1.5.1/nrfxlib/softdevice_controller/lib/cortex-m33+nodsp/soft-float/libsoftdevice_controller_multirole.a(libsoftdevice_controller_s140_debug_soft__obfuscated.elf)
                0x010047d4                sdc_init
 .text          0x0100485c       0x58 C:/Users/VAI/ncs/v1.5.1/nrfxlib/softdevice_controller/lib/cortex-m33+nodsp/soft-float/libsoftdevice_controller_multirole.a(libsoftdevice_controller_s140_debug_soft__obfuscated.elf)
                0x0100485c                sdc_cfg_set
 .text          0x010048b4       0x44 C:/Users/VAI/ncs/v1.5.1/nrfxlib/softdevice_controller/lib/cortex-m33+nodsp/soft-float/libsoftdevice_controller_multirole.a(libsoftdevice_controller_s140_debug_soft__obfuscated.elf)
                0x010048b4                sdc_enable
 .text          0x010048f8       0x24 C:/Users/VAI/ncs/v1.5.1/nrfxlib/softdevice_controller/lib/cortex-m33+nodsp/soft-float/libsoftdevice_controller_multirole.a(libsoftdevice_controller_s140_debug_soft__obfuscated.elf)
                0x010048f8                sdc_build_revision_get
 .text          0x0100491c       0x1c C:/Users/VAI/ncs/v1.5.1/nrfxlib/softdevice_controller/lib/cortex-m33+nodsp/soft-float/libsoftdevice_controller_multirole.a(libsoftdevice_controller_s140_debug_soft__obfuscated.elf)
                0x0100491c                sdc_support_adv
 .text          0x01004938       0x1c C:/Users/VAI/ncs/v1.5.1/nrfxlib/softdevice_controller/lib/cortex-m33+nodsp/soft-float/libsoftdevice_controller_multirole.a(libsoftdevice_controller_s140_debug_soft__obfuscated.elf)
                0x01004938                sdc_support_slave
 .text          0x01004954       0x1c C:/Users/VAI/ncs/v1.5.1/nrfxlib/softdevice_controller/lib/cortex-m33+nodsp/soft-float/libsoftdevice_controller_multirole.a(libsoftdevice_controller_s140_debug_soft__obfuscated.elf)
                0x01004954                sdc_support_scan
 .text          0x01004970       0x1c C:/Users/VAI/ncs/v1.5.1/nrfxlib/softdevice_controller/lib/cortex-m33+nodsp/soft-float/libsoftdevice_controller_multirole.a(libsoftdevice_controller_s140_debug_soft__obfuscated.elf)
                0x01004970                sdc_support_master
 .text          0x0100498c       0x1c C:/Users/VAI/ncs/v1.5.1/nrfxlib/softdevice_controller/lib/cortex-m33+nodsp/soft-float/libsoftdevice_controller_multirole.a(libsoftdevice_controller_s140_debug_soft__obfuscated.elf)
                0x0100498c                sdc_support_dle
 .text          0x010049a8       0x1c C:/Users/VAI/ncs/v1.5.1/nrfxlib/softdevice_controller/lib/cortex-m33+nodsp/soft-float/libsoftdevice_controller_multirole.a(libsoftdevice_controller_s140_debug_soft__obfuscated.elf)
                0x010049a8                sdc_support_le_2m_phy
 .text          0x010049c4       0x1c C:/Users/VAI/ncs/v1.5.1/nrfxlib/softdevice_controller/lib/cortex-m33+nodsp/soft-float/libsoftdevice_controller_multirole.a(libsoftdevice_controller_s140_debug_soft__obfuscated.elf)
                0x010049c4                sdc_support_le_coded_phy
 .text          0x010049e0       0x4c C:/Users/VAI/ncs/v1.5.1/nrfxlib/softdevice_controller/lib/cortex-m33+nodsp/soft-float/libsoftdevice_controller_multirole.a(libsoftdevice_controller_s140_debug_soft__obfuscated.elf)
                0x010049e0                sym_MEYOCD6AYGN6BYYH5M35H6GLLMHM6TYBBTCW2LI
 .text          0x01004a2c       0x30 C:/Users/VAI/ncs/v1.5.1/nrfxlib/softdevice_controller/lib/cortex-m33+nodsp/soft-float/libsoftdevice_controller_multirole.a(libsoftdevice_controller_s140_debug_soft__obfuscated.elf)
 .text          0x01004a5c        0xc C:/Users/VAI/ncs/v1.5.1/nrfxlib/softdevice_controller/lib/cortex-m33+nodsp/soft-float/libsoftdevice_controller_multirole.a(libsoftdevice_controller_s140_debug_soft__obfuscated.elf)
                0x01004a5c                sym_Q4MVB6BAYYKAN3YZ2SZEJW6V5OITCIHY2IOHXKY
 .text          0x01004a68       0x98 C:/Users/VAI/ncs/v1.5.1/nrfxlib/softdevice_controller/lib/cortex-m33+nodsp/soft-float/libsoftdevice_controller_multirole.a(libsoftdevice_controller_s140_debug_soft__obfuscated.elf)
                0x01004a68                sym_DUIEI4YTK3TJQ2V3W7PLOGVTWVPNDBBG4WJWTAQ
 .text          0x01004b00       0x24 C:/Users/VAI/ncs/v1.5.1/nrfxlib/softdevice_controller/lib/cortex-m33+nodsp/soft-float/libsoftdevice_controller_multirole.a(libsoftdevice_controller_s140_debug_soft__obfuscated.elf)
                0x01004b00                sym_TG7NSIC2UKHCUBZWZ4K4EMD5QRI2QVSKVKV6CFQ
 .text          0x01004b24       0x3c C:/Users/VAI/ncs/v1.5.1/nrfxlib/softdevice_controller/lib/cortex-m33+nodsp/soft-float/libsoftdevice_controller_multirole.a(libsoftdevice_controller_s140_debug_soft__obfuscated.elf)
                0x01004b24                sym_Z7NJGBYWCKFTEHRYWAIDKWPEUN45273QSWUA5CY
 .text          0x01004b60       0x1c C:/Users/VAI/ncs/v1.5.1/nrfxlib/softdevice_controller/lib/cortex-m33+nodsp/soft-float/libsoftdevice_controller_multirole.a(libsoftdevice_controller_s140_debug_soft__obfuscated.elf)
                0x01004b60                sym_TU2SMBIUC7JL6C3K2XB6727DQLBLV5LEGIMZAFQ
 .text          0x01004b7c        0xc C:/Users/VAI/ncs/v1.5.1/nrfxlib/softdevice_controller/lib/cortex-m33+nodsp/soft-float/libsoftdevice_controller_multirole.a(libsoftdevice_controller_s140_debug_soft__obfuscated.elf)
                0x01004b7c                sym_CIVMWIRGIOQ374UFFPIFNN4ZGKYK2FRKTT6YRYA
 .text          0x01004b88        0xc C:/Users/VAI/ncs/v1.5.1/nrfxlib/softdevice_controller/lib/cortex-m33+nodsp/soft-float/libsoftdevice_controller_multirole.a(libsoftdevice_controller_s140_debug_soft__obfuscated.elf)
                0x01004b88                sym_PPT6FEOF2T6DRALMCRRTUI7CHLEPBAN25HYV3KQ
 .text          0x01004b94       0x1c C:/Users/VAI/ncs/v1.5.1/nrfxlib/softdevice_controller/lib/cortex-m33+nodsp/soft-float/libsoftdevice_controller_multirole.a(libsoftdevice_controller_s140_debug_soft__obfuscated.elf)
                0x01004b94                sym_CEENVC5DZRUT7MGF5LABXKT4NV7YUL5F6EX6TEQ
 .text          0x01004bb0        0xc C:/Users/VAI/ncs/v1.5.1/nrfxlib/softdevice_controller/lib/cortex-m33+nodsp/soft-float/libsoftdevice_controller_multirole.a(libsoftdevice_controller_s140_debug_soft__obfuscated.elf)
                0x01004bb0                sym_G3KVRHCJDVHL7HV53526V3YI3DTK2IW2CADUWZQ
 .text          0x01004bbc       0x24 C:/Users/VAI/ncs/v1.5.1/nrfxlib/softdevice_controller/lib/cortex-m33+nodsp/soft-float/libsoftdevice_controller_multirole.a(libsoftdevice_controller_s140_debug_soft__obfuscated.elf)
                0x01004bbc                sdc_hci_cmd_cb_reset
 .text          0x01004be0       0x98 C:/Users/VAI/ncs/v1.5.1/nrfxlib/softdevice_controller/lib/cortex-m33+nodsp/soft-float/libsoftdevice_controller_multirole.a(libsoftdevice_controller_s140_debug_soft__obfuscated.elf)
                0x01004be0                sdc_hci_cmd_vs_zephyr_read_static_addresses
 .text          0x01004c78       0xa4 C:/Users/VAI/ncs/v1.5.1/nrfxlib/softdevice_controller/lib/cortex-m33+nodsp/soft-float/libsoftdevice_controller_multirole.a(libsoftdevice_controller_s140_debug_soft__obfuscated.elf)
 .text          0x01004d1c       0x2c C:/Users/VAI/ncs/v1.5.1/nrfxlib/softdevice_controller/lib/cortex-m33+nodsp/soft-float/libsoftdevice_controller_multirole.a(libsoftdevice_controller_s140_debug_soft__obfuscated.elf)
 .text          0x01004d48       0x30 C:/Users/VAI/ncs/v1.5.1/nrfxlib/softdevice_controller/lib/cortex-m33+nodsp/soft-float/libsoftdevice_controller_multirole.a(libsoftdevice_controller_s140_debug_soft__obfuscated.elf)
 .text          0x01004d78       0x5c C:/Users/VAI/ncs/v1.5.1/nrfxlib/softdevice_controller/lib/cortex-m33+nodsp/soft-float/libsoftdevice_controller_multirole.a(libsoftdevice_controller_s140_debug_soft__obfuscated.elf)
 .text          0x01004dd4       0x78 C:/Users/VAI/ncs/v1.5.1/nrfxlib/softdevice_controller/lib/cortex-m33+nodsp/soft-float/libsoftdevice_controller_multirole.a(libsoftdevice_controller_s140_debug_soft__obfuscated.elf)
 .text          0x01004e4c       0x94 C:/Users/VAI/ncs/v1.5.1/nrfxlib/softdevice_controller/lib/cortex-m33+nodsp/soft-float/libsoftdevice_controller_multirole.a(libsoftdevice_controller_s140_debug_soft__obfuscated.elf)
 .text          0x01004ee0       0x6c C:/Users/VAI/ncs/v1.5.1/nrfxlib/softdevice_controller/lib/cortex-m33+nodsp/soft-float/libsoftdevice_controller_multirole.a(libsoftdevice_controller_s140_debug_soft__obfuscated.elf)
 .text          0x01004f4c       0xc8 C:/Users/VAI/ncs/v1.5.1/nrfxlib/softdevice_controller/lib/cortex-m33+nodsp/soft-float/libsoftdevice_controller_multirole.a(libsoftdevice_controller_s140_debug_soft__obfuscated.elf)
 .text          0x01005014       0x44 C:/Users/VAI/ncs/v1.5.1/nrfxlib/softdevice_controller/lib/cortex-m33+nodsp/soft-float/libsoftdevice_controller_multirole.a(libsoftdevice_controller_s140_debug_soft__obfuscated.elf)
 .text          0x01005058       0xac C:/Users/VAI/ncs/v1.5.1/nrfxlib/softdevice_controller/lib/cortex-m33+nodsp/soft-float/libsoftdevice_controller_multirole.a(libsoftdevice_controller_s140_debug_soft__obfuscated.elf)
                0x01005058                sym_EQ53CEL7EDVHMFMHMFPRRQU46C5YKKFEBAACFOA
 .text          0x01005104       0x2c C:/Users/VAI/ncs/v1.5.1/nrfxlib/softdevice_controller/lib/cortex-m33+nodsp/soft-float/libsoftdevice_controller_multirole.a(libsoftdevice_controller_s140_debug_soft__obfuscated.elf)
                0x01005104                sym_XHE47EZYHONCPR22HUAZULMCALDJINMYREOFDEI
 .text          0x01005130       0x9c C:/Users/VAI/ncs/v1.5.1/nrfxlib/softdevice_controller/lib/cortex-m33+nodsp/soft-float/libsoftdevice_controller_multirole.a(libsoftdevice_controller_s140_debug_soft__obfuscated.elf)
                0x01005130                sym_4AWF7EXI3MMHUULTY73E756U3IY5DEXOZ265MZY
 .text          0x010051cc       0x98 C:/Users/VAI/ncs/v1.5.1/nrfxlib/softdevice_controller/lib/cortex-m33+nodsp/soft-float/libsoftdevice_controller_multirole.a(libsoftdevice_controller_s140_debug_soft__obfuscated.elf)
                0x010051cc                sym_6I4XEOIW7LI2E3Z53L54ZHQQHYICXR4H4JQWXLA
 .text          0x01005264       0x48 C:/Users/VAI/ncs/v1.5.1/nrfxlib/softdevice_controller/lib/cortex-m33+nodsp/soft-float/libsoftdevice_controller_multirole.a(libsoftdevice_controller_s140_debug_soft__obfuscated.elf)
 .text          0x010052ac       0xb8 C:/Users/VAI/ncs/v1.5.1/nrfxlib/softdevice_controller/lib/cortex-m33+nodsp/soft-float/libsoftdevice_controller_multirole.a(libsoftdevice_controller_s140_debug_soft__obfuscated.elf)
                0x010052ac                sym_6DYG6C6ROXZA67GZINNB2XIQHL3KE2RCKK4QFXA
 .text          0x01005364      0x10c C:/Users/VAI/ncs/v1.5.1/nrfxlib/softdevice_controller/lib/cortex-m33+nodsp/soft-float/libsoftdevice_controller_multirole.a(libsoftdevice_controller_s140_debug_soft__obfuscated.elf)
                0x01005364                sym_24NU2MJKHN4R2Z7HXHMPDWTTDYSB32VL6HEQPZA
 .text          0x01005470       0x98 C:/Users/VAI/ncs/v1.5.1/nrfxlib/softdevice_controller/lib/cortex-m33+nodsp/soft-float/libsoftdevice_controller_multirole.a(libsoftdevice_controller_s140_debug_soft__obfuscated.elf)
                0x01005470                sym_3QFBRH4ZSIA64QP2I3K547Y5WIALGQTCBP5Y5SQ
 .text          0x01005508       0x3c C:/Users/VAI/ncs/v1.5.1/nrfxlib/softdevice_controller/lib/cortex-m33+nodsp/soft-float/libsoftdevice_controller_multirole.a(libsoftdevice_controller_s140_debug_soft__obfuscated.elf)
                0x01005508                sym_NOQRMQ5IH6SQFJEPI5A3UBMITO54HG4WO4DTTXA
 .text          0x01005544       0x64 C:/Users/VAI/ncs/v1.5.1/nrfxlib/softdevice_controller/lib/cortex-m33+nodsp/soft-float/libsoftdevice_controller_multirole.a(libsoftdevice_controller_s140_debug_soft__obfuscated.elf)
                0x01005544                sym_YNBBHT54WKEGUNVC6TSBMRGLF67VFWBOYEMKGTQ
 .text          0x010055a8       0x64 C:/Users/VAI/ncs/v1.5.1/nrfxlib/softdevice_controller/lib/cortex-m33+nodsp/soft-float/libsoftdevice_controller_multirole.a(libsoftdevice_controller_s140_debug_soft__obfuscated.elf)
                0x010055a8                sym_35ZAQW4ABRMBYES2ZHPK63BHZAFFFC4WMGEJ6NA
 .text          0x0100560c       0x30 C:/Users/VAI/ncs/v1.5.1/nrfxlib/softdevice_controller/lib/cortex-m33+nodsp/soft-float/libsoftdevice_controller_multirole.a(libsoftdevice_controller_s140_debug_soft__obfuscated.elf)
 .text          0x0100563c       0x94 C:/Users/VAI/ncs/v1.5.1/nrfxlib/softdevice_controller/lib/cortex-m33+nodsp/soft-float/libsoftdevice_controller_multirole.a(libsoftdevice_controller_s140_debug_soft__obfuscated.elf)
 .text          0x010056d0       0x40 C:/Users/VAI/ncs/v1.5.1/nrfxlib/softdevice_controller/lib/cortex-m33+nodsp/soft-float/libsoftdevice_controller_multirole.a(libsoftdevice_controller_s140_debug_soft__obfuscated.elf)
                0x010056d0                sym_E5WZNPP2DINHF6K4PHXLYLX5AXTYBQYGQESRSGQ
 .text          0x01005710       0x28 C:/Users/VAI/ncs/v1.5.1/nrfxlib/softdevice_controller/lib/cortex-m33+nodsp/soft-float/libsoftdevice_controller_multirole.a(libsoftdevice_controller_s140_debug_soft__obfuscated.elf)
                0x01005710                sym_RZ4KEX57U2ASIFFSRQDHBCB7WVJNTOCZSYKJFSA
 .text          0x01005738       0xe0 C:/Users/VAI/ncs/v1.5.1/nrfxlib/softdevice_controller/lib/cortex-m33+nodsp/soft-float/libsoftdevice_controller_multirole.a(libsoftdevice_controller_s140_debug_soft__obfuscated.elf)
                0x01005738                sym_2ZCOT6ZEUU54S36NE627GOZVLBS26AFIUJKNLBI
 .text          0x01005818       0x4c C:/Users/VAI/ncs/v1.5.1/nrfxlib/softdevice_controller/lib/cortex-m33+nodsp/soft-float/libsoftdevice_controller_multirole.a(libsoftdevice_controller_s140_debug_soft__obfuscated.elf)
                0x01005818                sym_YRXVGCYVFXOSIQO43AC5UEELHEXP2A4UAFUQRPI
 .text          0x01005864       0x20 C:/Users/VAI/ncs/v1.5.1/nrfxlib/softdevice_controller/lib/cortex-m33+nodsp/soft-float/libsoftdevice_controller_multirole.a(libsoftdevice_controller_s140_debug_soft__obfuscated.elf)
                0x01005864                sym_FRQCN2KJNNZFYMAUJKFDGLFKE5V5FBD7HJ4IAKQ
 .text          0x01005884       0x10 C:/Users/VAI/ncs/v1.5.1/nrfxlib/softdevice_controller/lib/cortex-m33+nodsp/soft-float/libsoftdevice_controller_multirole.a(libsoftdevice_controller_s140_debug_soft__obfuscated.elf)
                0x01005884                sym_7YLXP6BHTAWWWMXLB5XOZU3Q27WEPTH5PONOKOI
 .text          0x01005894       0x18 C:/Users/VAI/ncs/v1.5.1/nrfxlib/softdevice_controller/lib/cortex-m33+nodsp/soft-float/libsoftdevice_controller_multirole.a(libsoftdevice_controller_s140_debug_soft__obfuscated.elf)
 .text          0x010058ac       0x74 C:/Users/VAI/ncs/v1.5.1/nrfxlib/softdevice_controller/lib/cortex-m33+nodsp/soft-float/libsoftdevice_controller_multirole.a(libsoftdevice_controller_s140_debug_soft__obfuscated.elf)
 .text          0x01005920       0x60 C:/Users/VAI/ncs/v1.5.1/nrfxlib/softdevice_controller/lib/cortex-m33+nodsp/soft-float/libsoftdevice_controller_multirole.a(libsoftdevice_controller_s140_debug_soft__obfuscated.elf)
 .text          0x01005980       0x20 C:/Users/VAI/ncs/v1.5.1/nrfxlib/softdevice_controller/lib/cortex-m33+nodsp/soft-float/libsoftdevice_controller_multirole.a(libsoftdevice_controller_s140_debug_soft__obfuscated.elf)
 .text          0x010059a0      0x518 C:/Users/VAI/ncs/v1.5.1/nrfxlib/softdevice_controller/lib/cortex-m33+nodsp/soft-float/libsoftdevice_controller_multirole.a(libsoftdevice_controller_s140_debug_soft__obfuscated.elf)
 .text          0x01005eb8        0xc C:/Users/VAI/ncs/v1.5.1/nrfxlib/softdevice_controller/lib/cortex-m33+nodsp/soft-float/libsoftdevice_controller_multirole.a(libsoftdevice_controller_s140_debug_soft__obfuscated.elf)
                0x01005eb8                sym_O2AFZAWKVBYRIBDK67CHKRSMY4WR2S6V2VOPETI
 .text          0x01005ec4       0x2c C:/Users/VAI/ncs/v1.5.1/nrfxlib/softdevice_controller/lib/cortex-m33+nodsp/soft-float/libsoftdevice_controller_multirole.a(libsoftdevice_controller_s140_debug_soft__obfuscated.elf)
                0x01005ec4                sym_QFSP7NEBRUPCXI7KU3RYDOWD7SSPVNXVSULPYYY
 .text          0x01005ef0       0x34 C:/Users/VAI/ncs/v1.5.1/nrfxlib/softdevice_controller/lib/cortex-m33+nodsp/soft-float/libsoftdevice_controller_multirole.a(libsoftdevice_controller_s140_debug_soft__obfuscated.elf)
                0x01005ef0                sym_TQOU6M5FOJGYBQ73ADAMFJFBW345AJHKSTMZKNQ
 .text          0x01005f24       0x10 C:/Users/VAI/ncs/v1.5.1/nrfxlib/softdevice_controller/lib/cortex-m33+nodsp/soft-float/libsoftdevice_controller_multirole.a(libsoftdevice_controller_s140_debug_soft__obfuscated.elf)
                0x01005f24                sym_ZXM7KZCJVXF5JQS53RSDXIJ4HMUIELSZ3E43YFQ
 .text          0x01005f34       0x34 C:/Users/VAI/ncs/v1.5.1/nrfxlib/softdevice_controller/lib/cortex-m33+nodsp/soft-float/libsoftdevice_controller_multirole.a(libsoftdevice_controller_s140_debug_soft__obfuscated.elf)
                0x01005f34                sym_EYIHOGBWBCMB5KSAAVLK6V2XC2PNYI4CUGUZRMY
 .text          0x01005f68       0x2c C:/Users/VAI/ncs/v1.5.1/nrfxlib/softdevice_controller/lib/cortex-m33+nodsp/soft-float/libsoftdevice_controller_multirole.a(libsoftdevice_controller_s140_debug_soft__obfuscated.elf)
                0x01005f68                sym_VOWAB7CX7QR3QZO4BOMEFRG3OQVIEDUOTXDSIZQ
 .text          0x01005f94       0x20 C:/Users/VAI/ncs/v1.5.1/nrfxlib/softdevice_controller/lib/cortex-m33+nodsp/soft-float/libsoftdevice_controller_multirole.a(libsoftdevice_controller_s140_debug_soft__obfuscated.elf)
                0x01005f94                sym_44PAL7VRDLM7JAHHE46SH64ZILJVRWB7LYZHG4I
 .text          0x01005fb4       0x24 C:/Users/VAI/ncs/v1.5.1/nrfxlib/softdevice_controller/lib/cortex-m33+nodsp/soft-float/libsoftdevice_controller_multirole.a(libsoftdevice_controller_s140_debug_soft__obfuscated.elf)
                0x01005fb4                sym_G37M6IIXFP43ACRKNNFX4CIGVJGGHQJ62ZJ5TTI
 .text          0x01005fd8       0x18 C:/Users/VAI/ncs/v1.5.1/nrfxlib/softdevice_controller/lib/cortex-m33+nodsp/soft-float/libsoftdevice_controller_multirole.a(libsoftdevice_controller_s140_debug_soft__obfuscated.elf)
                0x01005fd8                sym_TEFIALEYGDWZNVCI6J2TWNGI7MKU467ZDEG2H4A
 .text          0x01005ff0       0x18 C:/Users/VAI/ncs/v1.5.1/nrfxlib/softdevice_controller/lib/cortex-m33+nodsp/soft-float/libsoftdevice_controller_multirole.a(libsoftdevice_controller_s140_debug_soft__obfuscated.elf)
 .text          0x01006008       0x3c C:/Users/VAI/ncs/v1.5.1/nrfxlib/softdevice_controller/lib/cortex-m33+nodsp/soft-float/libsoftdevice_controller_multirole.a(libsoftdevice_controller_s140_debug_soft__obfuscated.elf)
                0x01006008                sym_4SVQMPT754VXN2AWYY6JE7KITHSHSLYTNUBSWZA
 .text          0x01006044        0xc C:/Users/VAI/ncs/v1.5.1/nrfxlib/softdevice_controller/lib/cortex-m33+nodsp/soft-float/libsoftdevice_controller_multirole.a(libsoftdevice_controller_s140_debug_soft__obfuscated.elf)
                0x01006044                sym_D6WSZJGHBVSNS7ZN6DCIU7W37KOBRFZ3D7V2IKQ
 .text          0x01006050       0x18 C:/Users/VAI/ncs/v1.5.1/nrfxlib/softdevice_controller/lib/cortex-m33+nodsp/soft-float/libsoftdevice_controller_multirole.a(libsoftdevice_controller_s140_debug_soft__obfuscated.elf)
                0x01006050                sym_5J64OSX6B5PYXNSLHXY64ZK4MCPU4BDFR5B2EQI
 .text          0x01006068       0x10 C:/Users/VAI/ncs/v1.5.1/nrfxlib/softdevice_controller/lib/cortex-m33+nodsp/soft-float/libsoftdevice_controller_multirole.a(libsoftdevice_controller_s140_debug_soft__obfuscated.elf)
                0x01006068                sym_P6K4PWFIUTLB5PEOIIMIJKUC3RGJ5ERWNYQK34Y
 .text          0x01006078       0x70 C:/Users/VAI/ncs/v1.5.1/nrfxlib/softdevice_controller/lib/cortex-m33+nodsp/soft-float/libsoftdevice_controller_multirole.a(libsoftdevice_controller_s140_debug_soft__obfuscated.elf)
                0x01006078                sym_MCAMJAIBJDD4JPS3OAKE3HA4IEMPLSTZ46SLXYY
 .text          0x010060e8       0xd0 C:/Users/VAI/ncs/v1.5.1/nrfxlib/softdevice_controller/lib/cortex-m33+nodsp/soft-float/libsoftdevice_controller_multirole.a(libsoftdevice_controller_s140_debug_soft__obfuscated.elf)
                0x010060e8                sym_UW7UHI7YXZEM7ILBVUNOPL56EYZPKQPCGAGT25Y
 .text          0x010061b8       0x18 C:/Users/VAI/ncs/v1.5.1/nrfxlib/softdevice_controller/lib/cortex-m33+nodsp/soft-float/libsoftdevice_controller_multirole.a(libsoftdevice_controller_s140_debug_soft__obfuscated.elf)
                0x010061b8                sym_QXKT3PVMDTZRAAU2QNTWO5VOUEZ4NW6TWISREXY
 .text          0x010061d0       0x18 C:/Users/VAI/ncs/v1.5.1/nrfxlib/softdevice_controller/lib/cortex-m33+nodsp/soft-float/libsoftdevice_controller_multirole.a(libsoftdevice_controller_s140_debug_soft__obfuscated.elf)
                0x010061d0                sym_MJCF2WRL4I323V23HKVENOJWV5IXH54R5X6LJRY
 .text          0x010061e8       0x1c C:/Users/VAI/ncs/v1.5.1/nrfxlib/softdevice_controller/lib/cortex-m33+nodsp/soft-float/libsoftdevice_controller_multirole.a(libsoftdevice_controller_s140_debug_soft__obfuscated.elf)
                0x010061e8                sym_REO6MG4FRJTNQQ56RDJDYGEWFEO5TFVYGRW6OLI
 .text          0x01006204        0xc C:/Users/VAI/ncs/v1.5.1/nrfxlib/softdevice_controller/lib/cortex-m33+nodsp/soft-float/libsoftdevice_controller_multirole.a(libsoftdevice_controller_s140_debug_soft__obfuscated.elf)
                0x01006204                sym_NKFCLZ5HTE6KVHDV5DGZ6TJP4KSZI43SYBECPRY
 .text          0x01006210       0x2c C:/Users/VAI/ncs/v1.5.1/nrfxlib/softdevice_controller/lib/cortex-m33+nodsp/soft-float/libsoftdevice_controller_multirole.a(libsoftdevice_controller_s140_debug_soft__obfuscated.elf)
                0x01006210                sym_65LA7GM3MU7DDFQKTB75BYTZMPMROSWKS3VXCNI
 .text          0x0100623c       0x20 C:/Users/VAI/ncs/v1.5.1/nrfxlib/softdevice_controller/lib/cortex-m33+nodsp/soft-float/libsoftdevice_controller_multirole.a(libsoftdevice_controller_s140_debug_soft__obfuscated.elf)
                0x0100623c                sym_AGWGY6I3YKHHV6TMAWL24HN4IKGOB7PZYXPWBRA
 .text          0x0100625c        0xc C:/Users/VAI/ncs/v1.5.1/nrfxlib/softdevice_controller/lib/cortex-m33+nodsp/soft-float/libsoftdevice_controller_multirole.a(libsoftdevice_controller_s140_debug_soft__obfuscated.elf)
                0x0100625c                sym_IXGTNRGKILIZPWG2NJIZ2ALUPW2IM3XFVCGJW2I
 .text          0x01006268       0x20 C:/Users/VAI/ncs/v1.5.1/nrfxlib/softdevice_controller/lib/cortex-m33+nodsp/soft-float/libsoftdevice_controller_multirole.a(libsoftdevice_controller_s140_debug_soft__obfuscated.elf)
                0x01006268                sym_JHXS4T25BAYOMDDZMWPX3HMPENRV73GSV2RYHAI
 .text          0x01006288       0x2c C:/Users/VAI/ncs/v1.5.1/nrfxlib/softdevice_controller/lib/cortex-m33+nodsp/soft-float/libsoftdevice_controller_multirole.a(libsoftdevice_controller_s140_debug_soft__obfuscated.elf)
                0x01006288                sym_54CHYGRI3UHSVLN5ZOGJESXNRISJW5CS4IYBN7Y
 .text          0x010062b4       0x20 C:/Users/VAI/ncs/v1.5.1/nrfxlib/softdevice_controller/lib/cortex-m33+nodsp/soft-float/libsoftdevice_controller_multirole.a(libsoftdevice_controller_s140_debug_soft__obfuscated.elf)
                0x010062b4                sym_V7MOOXL5SOLISKFFGWJC7M3XDITU574WBQOXGWY
 .text          0x010062d4        0xc C:/Users/VAI/ncs/v1.5.1/nrfxlib/softdevice_controller/lib/cortex-m33+nodsp/soft-float/libsoftdevice_controller_multirole.a(libsoftdevice_controller_s140_debug_soft__obfuscated.elf)
                0x010062d4                sym_BGPX36PUCNVPV3544HQ5RQFY5WG7CJAFVVBI7AY
 .text          0x010062e0       0x34 C:/Users/VAI/ncs/v1.5.1/nrfxlib/softdevice_controller/lib/cortex-m33+nodsp/soft-float/libsoftdevice_controller_multirole.a(libsoftdevice_controller_s140_debug_soft__obfuscated.elf)
                0x010062e0                sym_QKSVBALUN2V4XT4OCC56LE75IAYLDFRRIVLBZ2Q
 .text          0x01006314       0x38 C:/Users/VAI/ncs/v1.5.1/nrfxlib/softdevice_controller/lib/cortex-m33+nodsp/soft-float/libsoftdevice_controller_multirole.a(libsoftdevice_controller_s140_debug_soft__obfuscated.elf)
                0x01006314                sym_WCOWXKSKBH7DOKKKINFZAPWXKW4NYAUCJWTUKBI
 .text          0x0100634c       0x1c C:/Users/VAI/ncs/v1.5.1/nrfxlib/softdevice_controller/lib/cortex-m33+nodsp/soft-float/libsoftdevice_controller_multirole.a(libsoftdevice_controller_s140_debug_soft__obfuscated.elf)
                0x0100634c                sym_AO3U45UEGFLUPMT565ZR5UWUQUONF5AKILLCT3A
 .text          0x01006368       0x3c C:/Users/VAI/ncs/v1.5.1/nrfxlib/softdevice_controller/lib/cortex-m33+nodsp/soft-float/libsoftdevice_controller_multirole.a(libsoftdevice_controller_s140_debug_soft__obfuscated.elf)
                0x01006368                sym_Z47IXNZNEDTOWLB6B34VWMDNCXIIZJKTXKEH4NA
 .text          0x010063a4       0x28 C:/Users/VAI/ncs/v1.5.1/nrfxlib/softdevice_controller/lib/cortex-m33+nodsp/soft-float/libsoftdevice_controller_multirole.a(libsoftdevice_controller_s140_debug_soft__obfuscated.elf)
                0x010063a4                sym_OEEB4IPB4NLF7OND2A5BJPKCV3QQLIZIALUAOAI
 .text          0x010063cc       0x68 C:/Users/VAI/ncs/v1.5.1/nrfxlib/softdevice_controller/lib/cortex-m33+nodsp/soft-float/libsoftdevice_controller_multirole.a(libsoftdevice_controller_s140_debug_soft__obfuscated.elf)
                0x010063cc                sym_SKMZWIM7P4M3RGOEIN3DTVMYPDZXQTMHZI7K3AQ
 .text          0x01006434       0x78 C:/Users/VAI/ncs/v1.5.1/nrfxlib/softdevice_controller/lib/cortex-m33+nodsp/soft-float/libsoftdevice_controller_multirole.a(libsoftdevice_controller_s140_debug_soft__obfuscated.elf)
                0x01006434                sym_BLMJ5IIKWMCUMGRAJC47JTAD5DUGOY4TIBII5HY
 .text          0x010064ac       0x28 C:/Users/VAI/ncs/v1.5.1/nrfxlib/softdevice_controller/lib/cortex-m33+nodsp/soft-float/libsoftdevice_controller_multirole.a(libsoftdevice_controller_s140_debug_soft__obfuscated.elf)
                0x010064ac                sym_FEGTISSRZOTQRK4SD4MRDIWBV3TTZYGCCKXTY4Y
 .text          0x010064d4       0x64 C:/Users/VAI/ncs/v1.5.1/nrfxlib/softdevice_controller/lib/cortex-m33+nodsp/soft-float/libsoftdevice_controller_multirole.a(libsoftdevice_controller_s140_debug_soft__obfuscated.elf)
 .text          0x01006538       0x14 C:/Users/VAI/ncs/v1.5.1/nrfxlib/softdevice_controller/lib/cortex-m33+nodsp/soft-float/libsoftdevice_controller_multirole.a(libsoftdevice_controller_s140_debug_soft__obfuscated.elf)
 .text          0x0100654c       0x78 C:/Users/VAI/ncs/v1.5.1/nrfxlib/softdevice_controller/lib/cortex-m33+nodsp/soft-float/libsoftdevice_controller_multirole.a(libsoftdevice_controller_s140_debug_soft__obfuscated.elf)
 .text          0x010065c4       0x2c C:/Users/VAI/ncs/v1.5.1/nrfxlib/softdevice_controller/lib/cortex-m33+nodsp/soft-float/libsoftdevice_controller_multirole.a(libsoftdevice_controller_s140_debug_soft__obfuscated.elf)
 .text          0x010065f0      0x138 C:/Users/VAI/ncs/v1.5.1/nrfxlib/softdevice_controller/lib/cortex-m33+nodsp/soft-float/libsoftdevice_controller_multirole.a(libsoftdevice_controller_s140_debug_soft__obfuscated.elf)
 .text          0x01006728       0xb0 C:/Users/VAI/ncs/v1.5.1/nrfxlib/softdevice_controller/lib/cortex-m33+nodsp/soft-float/libsoftdevice_controller_multirole.a(libsoftdevice_controller_s140_debug_soft__obfuscated.elf)
 .text          0x010067d8      0x358 C:/Users/VAI/ncs/v1.5.1/nrfxlib/softdevice_controller/lib/cortex-m33+nodsp/soft-float/libsoftdevice_controller_multirole.a(libsoftdevice_controller_s140_debug_soft__obfuscated.elf)
 .text          0x01006b30       0x34 C:/Users/VAI/ncs/v1.5.1/nrfxlib/softdevice_controller/lib/cortex-m33+nodsp/soft-float/libsoftdevice_controller_multirole.a(libsoftdevice_controller_s140_debug_soft__obfuscated.elf)
                0x01006b30                sym_ULQ236TSMK6UJATLJCXSX5JBKSVB4ZM2NNU74PA
 .text          0x01006b64       0x1c C:/Users/VAI/ncs/v1.5.1/nrfxlib/softdevice_controller/lib/cortex-m33+nodsp/soft-float/libsoftdevice_controller_multirole.a(libsoftdevice_controller_s140_debug_soft__obfuscated.elf)
                0x01006b64                sym_CZFK26FRDZ53FUV75DOIMFWVD4RTHYB6I22U4LA
 .text          0x01006b80       0x10 C:/Users/VAI/ncs/v1.5.1/nrfxlib/softdevice_controller/lib/cortex-m33+nodsp/soft-float/libsoftdevice_controller_multirole.a(libsoftdevice_controller_s140_debug_soft__obfuscated.elf)
                0x01006b80                sym_4OWM6DBJ6JLAWH2MVU52MKC56VOOJLN34T33LQA
 .text          0x01006b90      0x248 C:/Users/VAI/ncs/v1.5.1/nrfxlib/softdevice_controller/lib/cortex-m33+nodsp/soft-float/libsoftdevice_controller_multirole.a(libsoftdevice_controller_s140_debug_soft__obfuscated.elf)
                0x01006b90                sym_SQINY6V2VHFAHM5HL3H753H3QE3VQ7FWHCIJ57Q
 .text          0x01006dd8       0x64 C:/Users/VAI/ncs/v1.5.1/nrfxlib/softdevice_controller/lib/cortex-m33+nodsp/soft-float/libsoftdevice_controller_multirole.a(libsoftdevice_controller_s140_debug_soft__obfuscated.elf)
                0x01006dd8                sym_WCN6C6ROB2XGQKTGXN5OMY5TLRX5IYOWNO7A6PQ
 .text          0x01006e3c       0x38 C:/Users/VAI/ncs/v1.5.1/nrfxlib/softdevice_controller/lib/cortex-m33+nodsp/soft-float/libsoftdevice_controller_multirole.a(libsoftdevice_controller_s140_debug_soft__obfuscated.elf)
                0x01006e3c                sym_Y7AVZMA56ZL7YUO4EH7QCTNH6P3ZXX2D4F33L2I
 .text          0x01006e74        0xc C:/Users/VAI/ncs/v1.5.1/nrfxlib/softdevice_controller/lib/cortex-m33+nodsp/soft-float/libsoftdevice_controller_multirole.a(libsoftdevice_controller_s140_debug_soft__obfuscated.elf)
                0x01006e74                sym_4UMPVHCMNEM5ENBBHCLGXZREGEKKHKHZOKNMH2I
 .text          0x01006e80        0xc C:/Users/VAI/ncs/v1.5.1/nrfxlib/softdevice_controller/lib/cortex-m33+nodsp/soft-float/libsoftdevice_controller_multirole.a(libsoftdevice_controller_s140_debug_soft__obfuscated.elf)
                0x01006e80                sym_Q3RLGT2MQM6S4H2ODVJHPDU44HGSYVXJV7676ZY
 .text          0x01006e8c        0xc C:/Users/VAI/ncs/v1.5.1/nrfxlib/softdevice_controller/lib/cortex-m33+nodsp/soft-float/libsoftdevice_controller_multirole.a(libsoftdevice_controller_s140_debug_soft__obfuscated.elf)
                0x01006e8c                sym_IHWHOAENEU2EYZP2UWQTUC6SSXGS5NNQSIFSEAQ
 .text          0x01006e98      0x158 C:/Users/VAI/ncs/v1.5.1/nrfxlib/softdevice_controller/lib/cortex-m33+nodsp/soft-float/libsoftdevice_controller_multirole.a(libsoftdevice_controller_s140_debug_soft__obfuscated.elf)
                0x01006e98                sym_P6ESEOOF3E3ZRYNBCJWJZXMT4EPJJMHF472YBMQ
 .text          0x01006ff0      0x300 C:/Users/VAI/ncs/v1.5.1/nrfxlib/softdevice_controller/lib/cortex-m33+nodsp/soft-float/libsoftdevice_controller_multirole.a(libsoftdevice_controller_s140_debug_soft__obfuscated.elf)
 .text          0x010072f0       0x18 C:/Users/VAI/ncs/v1.5.1/nrfxlib/softdevice_controller/lib/cortex-m33+nodsp/soft-float/libsoftdevice_controller_multirole.a(libsoftdevice_controller_s140_debug_soft__obfuscated.elf)
                0x010072f0                sym_BAUTABQSJLBAZ6GNH7KOF4MJMAA6NF7CDAZNOEQ
 .text          0x01007308       0x30 C:/Users/VAI/ncs/v1.5.1/nrfxlib/softdevice_controller/lib/cortex-m33+nodsp/soft-float/libsoftdevice_controller_multirole.a(libsoftdevice_controller_s140_debug_soft__obfuscated.elf)
                0x01007308                sym_62DUXM4M5AM4URNPP7IKDX3NCPAODBT4BMADGAY
 .text          0x01007338      0x308 C:/Users/VAI/ncs/v1.5.1/nrfxlib/softdevice_controller/lib/cortex-m33+nodsp/soft-float/libsoftdevice_controller_multirole.a(libsoftdevice_controller_s140_debug_soft__obfuscated.elf)
                0x01007338                sym_GHVM34OXBYILMDKR3F5DVNCQCBMJUJL5PW2RQYQ
 .text          0x01007640      0x3ec C:/Users/VAI/ncs/v1.5.1/nrfxlib/softdevice_controller/lib/cortex-m33+nodsp/soft-float/libsoftdevice_controller_multirole.a(libsoftdevice_controller_s140_debug_soft__obfuscated.elf)
                0x01007640                sym_JAE5CJ34QIQM34DAKQFWDERFAUN5NXFJM57HRLY
 .text          0x01007a2c        0xc C:/Users/VAI/ncs/v1.5.1/nrfxlib/softdevice_controller/lib/cortex-m33+nodsp/soft-float/libsoftdevice_controller_multirole.a(libsoftdevice_controller_s140_debug_soft__obfuscated.elf)
                0x01007a2c                sym_JQOBED6Y6P46KNYF2UD53QPDVNRPPOKMQL6EEBY
 .text          0x01007a38        0xc C:/Users/VAI/ncs/v1.5.1/nrfxlib/softdevice_controller/lib/cortex-m33+nodsp/soft-float/libsoftdevice_controller_multirole.a(libsoftdevice_controller_s140_debug_soft__obfuscated.elf)
                0x01007a38                sym_WPF5GN3T7F3CCL7OKOL6G2LW47JA44MC6XIU4NQ
 .text          0x01007a44      0x16c C:/Users/VAI/ncs/v1.5.1/nrfxlib/softdevice_controller/lib/cortex-m33+nodsp/soft-float/libsoftdevice_controller_multirole.a(libsoftdevice_controller_s140_debug_soft__obfuscated.elf)
                0x01007a44                sym_KO3VCNGABVWM4325342CFFPZBSXFKFARUCMURAY
 .text          0x01007bb0      0x368 C:/Users/VAI/ncs/v1.5.1/nrfxlib/softdevice_controller/lib/cortex-m33+nodsp/soft-float/libsoftdevice_controller_multirole.a(libsoftdevice_controller_s140_debug_soft__obfuscated.elf)
                0x01007bb0                sym_EFQGKM4FX4KOCTBEYNRZUVU5UGVDDD6DFLNBQVY
 .text          0x01007f18      0x3d4 C:/Users/VAI/ncs/v1.5.1/nrfxlib/softdevice_controller/lib/cortex-m33+nodsp/soft-float/libsoftdevice_controller_multirole.a(libsoftdevice_controller_s140_debug_soft__obfuscated.elf)
                0x01007f18                sym_Z3745JZ5MC4MMBP2LFCOSP7OKPPVFDOPIURJWVQ
 .text          0x010082ec      0x4e0 C:/Users/VAI/ncs/v1.5.1/nrfxlib/softdevice_controller/lib/cortex-m33+nodsp/soft-float/libsoftdevice_controller_multirole.a(libsoftdevice_controller_s140_debug_soft__obfuscated.elf)
                0x010082ec                sym_G6YVAU2J75AOT237PVQAC5AEQMWPZ6OKE6ASZAI
 .text          0x010087cc      0x200 C:/Users/VAI/ncs/v1.5.1/nrfxlib/softdevice_controller/lib/cortex-m33+nodsp/soft-float/libsoftdevice_controller_multirole.a(libsoftdevice_controller_s140_debug_soft__obfuscated.elf)
                0x010087cc                sym_FLX2PIIVHO3CLB5CJ7E7YSNFE2YWATNH27BL53A
 .text          0x010089cc        0xc C:/Users/VAI/ncs/v1.5.1/nrfxlib/softdevice_controller/lib/cortex-m33+nodsp/soft-float/libsoftdevice_controller_multirole.a(libsoftdevice_controller_s140_debug_soft__obfuscated.elf)
                0x010089cc                sym_R5RFYNEZN3LQHKUKJDN3JLSNHLY4DPKXW3KZMYA
 .text          0x010089d8        0xc C:/Users/VAI/ncs/v1.5.1/nrfxlib/softdevice_controller/lib/cortex-m33+nodsp/soft-float/libsoftdevice_controller_multirole.a(libsoftdevice_controller_s140_debug_soft__obfuscated.elf)
                0x010089d8                sym_WHSZ4VQHSDNZTVWJWAYGMNU7AWSUZKLKTBUNDPY
 .text          0x010089e4       0x20 C:/Users/VAI/ncs/v1.5.1/nrfxlib/softdevice_controller/lib/cortex-m33+nodsp/soft-float/libsoftdevice_controller_multirole.a(libsoftdevice_controller_s140_debug_soft__obfuscated.elf)
                0x010089e4                sym_62B4NCI2CQZLPPINCQVCHO6SYLZVDAWVVCHWS3I
 .text          0x01008a04        0xc C:/Users/VAI/ncs/v1.5.1/nrfxlib/softdevice_controller/lib/cortex-m33+nodsp/soft-float/libsoftdevice_controller_multirole.a(libsoftdevice_controller_s140_debug_soft__obfuscated.elf)
                0x01008a04                sym_RHRHCWPUPZHCOID576WBS7QZ2KAUT2GASS2T3QY
 .text          0x01008a10      0x2fc C:/Users/VAI/ncs/v1.5.1/nrfxlib/softdevice_controller/lib/cortex-m33+nodsp/soft-float/libsoftdevice_controller_multirole.a(libsoftdevice_controller_s140_debug_soft__obfuscated.elf)
                0x01008a10                sym_QW6JOH7RCJIC2YFNJEURX5QNB5EIQT646EHIWEA
 .text          0x01008d0c       0x18 C:/Users/VAI/ncs/v1.5.1/nrfxlib/softdevice_controller/lib/cortex-m33+nodsp/soft-float/libsoftdevice_controller_multirole.a(libsoftdevice_controller_s140_debug_soft__obfuscated.elf)
                0x01008d0c                sym_F2LWAH27IT4H2IA7TZWGNABUCWINGT6MWXH2WIA
 .text          0x01008d24       0x18 C:/Users/VAI/ncs/v1.5.1/nrfxlib/softdevice_controller/lib/cortex-m33+nodsp/soft-float/libsoftdevice_controller_multirole.a(libsoftdevice_controller_s140_debug_soft__obfuscated.elf)
                0x01008d24                sym_PLOW4TMGVQT52FP2ERNRL6S5EELE2YO563WRPJA
 .text          0x01008d3c       0x38 C:/Users/VAI/ncs/v1.5.1/nrfxlib/softdevice_controller/lib/cortex-m33+nodsp/soft-float/libsoftdevice_controller_multirole.a(libsoftdevice_controller_s140_debug_soft__obfuscated.elf)
                0x01008d3c                sym_YAOI5BW7G2C6EUUY2B4S7A3CWX63A6MP2T3O5KA
 .text          0x01008d74       0x44 C:/Users/VAI/ncs/v1.5.1/nrfxlib/softdevice_controller/lib/cortex-m33+nodsp/soft-float/libsoftdevice_controller_multirole.a(libsoftdevice_controller_s140_debug_soft__obfuscated.elf)
                0x01008d74                sym_CMDXCVZHYNPLMTHXOO2UL3QOD6EXLAZP5GS7LRI
 .text          0x01008db8       0x14 C:/Users/VAI/ncs/v1.5.1/nrfxlib/softdevice_controller/lib/cortex-m33+nodsp/soft-float/libsoftdevice_controller_multirole.a(libsoftdevice_controller_s140_debug_soft__obfuscated.elf)
                0x01008db8                sym_GKUVQYGVTZ7DKWBNC3M5TXN4XZ4Q6TUJFSFOWBA
 .text          0x01008dcc       0x24 C:/Users/VAI/ncs/v1.5.1/nrfxlib/softdevice_controller/lib/cortex-m33+nodsp/soft-float/libsoftdevice_controller_multirole.a(libsoftdevice_controller_s140_debug_soft__obfuscated.elf)
                0x01008dcc                sym_IJTA37LCLZMYZVQ3I74HRUK4JDZEZR23VU3JFJI
 .text          0x01008df0      0x128 C:/Users/VAI/ncs/v1.5.1/nrfxlib/softdevice_controller/lib/cortex-m33+nodsp/soft-float/libsoftdevice_controller_multirole.a(libsoftdevice_controller_s140_debug_soft__obfuscated.elf)
                0x01008df0                sym_NCQ5WTBCV7DGPK3QI3SSY5XGKOI2SE3XFCTKQKY
 .text          0x01008f18       0x68 C:/Users/VAI/ncs/v1.5.1/nrfxlib/softdevice_controller/lib/cortex-m33+nodsp/soft-float/libsoftdevice_controller_multirole.a(libsoftdevice_controller_s140_debug_soft__obfuscated.elf)
                0x01008f18                sym_ZTNYVYBM2UM3CH2NF2DF4CYN3OTLVACDURSUDOQ
 .text          0x01008f80       0x20 C:/Users/VAI/ncs/v1.5.1/nrfxlib/softdevice_controller/lib/cortex-m33+nodsp/soft-float/libsoftdevice_controller_multirole.a(libsoftdevice_controller_s140_debug_soft__obfuscated.elf)
                0x01008f80                sym_NILI2ETYIVMR32XQ6WFMUWXYMXNONBSH2DACBCQ
 .text          0x01008fa0       0x2c C:/Users/VAI/ncs/v1.5.1/nrfxlib/softdevice_controller/lib/cortex-m33+nodsp/soft-float/libsoftdevice_controller_multirole.a(libsoftdevice_controller_s140_debug_soft__obfuscated.elf)
                0x01008fa0                sym_2X6ZBBHQKFJV27I6OQZLD4IRAL5JANEGA5N34WA
 .text          0x01008fcc       0x4c C:/Users/VAI/ncs/v1.5.1/nrfxlib/softdevice_controller/lib/cortex-m33+nodsp/soft-float/libsoftdevice_controller_multirole.a(libsoftdevice_controller_s140_debug_soft__obfuscated.elf)
                0x01008fcc                sym_EV54ITVX6ZJNRIULZTHEWNSCWW5GNYKPCEWELSY
 .text          0x01009018        0x8 C:/Users/VAI/ncs/v1.5.1/nrfxlib/softdevice_controller/lib/cortex-m33+nodsp/soft-float/libsoftdevice_controller_multirole.a(libsoftdevice_controller_s140_debug_soft__obfuscated.elf)
                0x01009018                sym_3Q2UQ65DVTXA3EZPN34QXGGEFSEA6HOSHLFXCMI
 .text          0x01009020       0x28 C:/Users/VAI/ncs/v1.5.1/nrfxlib/softdevice_controller/lib/cortex-m33+nodsp/soft-float/libsoftdevice_controller_multirole.a(libsoftdevice_controller_s140_debug_soft__obfuscated.elf)
                0x01009020                sym_DHR6XELGSD2MHYS7JWGEPSKXD43VLKKJDN33HMA
 .text          0x01009048       0x1c C:/Users/VAI/ncs/v1.5.1/nrfxlib/softdevice_controller/lib/cortex-m33+nodsp/soft-float/libsoftdevice_controller_multirole.a(libsoftdevice_controller_s140_debug_soft__obfuscated.elf)
                0x01009048                sym_GV7ZEDU63KACGR6K3NXW7W7XARTADNTCQ3P2HLA
 .text          0x01009064       0x20 C:/Users/VAI/ncs/v1.5.1/nrfxlib/softdevice_controller/lib/cortex-m33+nodsp/soft-float/libsoftdevice_controller_multirole.a(libsoftdevice_controller_s140_debug_soft__obfuscated.elf)
                0x01009064                sym_QEQGMTIGG3AOZQY7JM4T2FY2O3KM2UFUMT6Q7PI
 .text          0x01009084      0x324 C:/Users/VAI/ncs/v1.5.1/nrfxlib/softdevice_controller/lib/cortex-m33+nodsp/soft-float/libsoftdevice_controller_multirole.a(libsoftdevice_controller_s140_debug_soft__obfuscated.elf)
                0x01009084                sym_3DXBFDJKO3IQEXOOHBMVXVTLDDG5FSS3TKAZNFY
 .text          0x010093a8      0x100 C:/Users/VAI/ncs/v1.5.1/nrfxlib/softdevice_controller/lib/cortex-m33+nodsp/soft-float/libsoftdevice_controller_multirole.a(libsoftdevice_controller_s140_debug_soft__obfuscated.elf)
 .text          0x010094a8       0x1c C:/Users/VAI/ncs/v1.5.1/nrfxlib/softdevice_controller/lib/cortex-m33+nodsp/soft-float/libsoftdevice_controller_multirole.a(libsoftdevice_controller_s140_debug_soft__obfuscated.elf)
                0x010094a8                sym_HEY3ASR5MAPRZMQHCLX76ITJZYOQ2OWWQGFPKUQ
 .text          0x010094c4       0x1c C:/Users/VAI/ncs/v1.5.1/nrfxlib/softdevice_controller/lib/cortex-m33+nodsp/soft-float/libsoftdevice_controller_multirole.a(libsoftdevice_controller_s140_debug_soft__obfuscated.elf)
                0x010094c4                sym_ODIQTAIRDNRDYKCNA6G2YSI7F2EB2RNBBTF6MBQ
 .text          0x010094e0       0x1c C:/Users/VAI/ncs/v1.5.1/nrfxlib/softdevice_controller/lib/cortex-m33+nodsp/soft-float/libsoftdevice_controller_multirole.a(libsoftdevice_controller_s140_debug_soft__obfuscated.elf)
                0x010094e0                sym_3LQGLF52CJLOKQOJSNFVLTD3CW6GGPJMARVGQNQ
 .text          0x010094fc       0x30 C:/Users/VAI/ncs/v1.5.1/nrfxlib/softdevice_controller/lib/cortex-m33+nodsp/soft-float/libsoftdevice_controller_multirole.a(libsoftdevice_controller_s140_debug_soft__obfuscated.elf)
                0x010094fc                sym_UHWWEFDYCEMO6BV2Q3GVLMFC37EIDJEWGQC2XUA
 .text          0x0100952c      0x1cc C:/Users/VAI/ncs/v1.5.1/nrfxlib/softdevice_controller/lib/cortex-m33+nodsp/soft-float/libsoftdevice_controller_multirole.a(libsoftdevice_controller_s140_debug_soft__obfuscated.elf)
                0x0100952c                sym_4NT3PFFI5Z6RN57T2HW54HJZ23JEQUTUQPJLJGI
 .text          0x010096f8      0x1c0 C:/Users/VAI/ncs/v1.5.1/nrfxlib/softdevice_controller/lib/cortex-m33+nodsp/soft-float/libsoftdevice_controller_multirole.a(libsoftdevice_controller_s140_debug_soft__obfuscated.elf)
                0x010096f8                sym_I6CP23ODGJWRR4E4LKGCN5RJCVBTXYTDYCCXNSQ
 .text          0x010098b8      0x72c C:/Users/VAI/ncs/v1.5.1/nrfxlib/softdevice_controller/lib/cortex-m33+nodsp/soft-float/libsoftdevice_controller_multirole.a(libsoftdevice_controller_s140_debug_soft__obfuscated.elf)
                0x010098b8                sym_LC3ZEWHKON2ISXS533OVI5553RH2RKHRICHPDVA
 .text          0x01009fe4       0x14 C:/Users/VAI/ncs/v1.5.1/nrfxlib/softdevice_controller/lib/cortex-m33+nodsp/soft-float/libsoftdevice_controller_multirole.a(libsoftdevice_controller_s140_debug_soft__obfuscated.elf)
                0x01009fe4                sym_Y4XP65WNQQGU4IMAAWLFT4VSCMMNNWXZH3FCV5Y
 .text          0x01009ff8       0x44 C:/Users/VAI/ncs/v1.5.1/nrfxlib/softdevice_controller/lib/cortex-m33+nodsp/soft-float/libsoftdevice_controller_multirole.a(libsoftdevice_controller_s140_debug_soft__obfuscated.elf)
                0x01009ff8                sym_3TFIDXGVC62KMODQ6HTLMSJCJSCBTVKGMWEC7AY
 .text          0x0100a03c       0x68 C:/Users/VAI/ncs/v1.5.1/nrfxlib/softdevice_controller/lib/cortex-m33+nodsp/soft-float/libsoftdevice_controller_multirole.a(libsoftdevice_controller_s140_debug_soft__obfuscated.elf)
                0x0100a03c                sym_33EXASPJCVGTQTCQK5EBKSNPDNE4NBE7D7W6NSQ
 .text          0x0100a0a4      0x108 C:/Users/VAI/ncs/v1.5.1/nrfxlib/softdevice_controller/lib/cortex-m33+nodsp/soft-float/libsoftdevice_controller_multirole.a(libsoftdevice_controller_s140_debug_soft__obfuscated.elf)
                0x0100a0a4                sym_J5GU2YSZI45UA3YHIJMMX6SWAYPKQ5HXJLXKPXY
 .text          0x0100a1ac       0xa8 C:/Users/VAI/ncs/v1.5.1/nrfxlib/softdevice_controller/lib/cortex-m33+nodsp/soft-float/libsoftdevice_controller_multirole.a(libsoftdevice_controller_s140_debug_soft__obfuscated.elf)
                0x0100a1ac                sym_35JWAFJL2IEYRDNORVIQ7BBAS7FQNUVOFCLQNSQ
 .text          0x0100a254       0x20 C:/Users/VAI/ncs/v1.5.1/nrfxlib/softdevice_controller/lib/cortex-m33+nodsp/soft-float/libsoftdevice_controller_multirole.a(libsoftdevice_controller_s140_debug_soft__obfuscated.elf)
                0x0100a254                sym_C5MZWIO7BXLJIO65K7CGSHP3SLST2VORSHVBOVI
 .text          0x0100a274      0x148 C:/Users/VAI/ncs/v1.5.1/nrfxlib/softdevice_controller/lib/cortex-m33+nodsp/soft-float/libsoftdevice_controller_multirole.a(libsoftdevice_controller_s140_debug_soft__obfuscated.elf)
                0x0100a274                sym_L64WJ6W52HQBFQCTPO5LHELOWQEJNMIWLQKG6JY
 .text          0x0100a3bc       0x64 C:/Users/VAI/ncs/v1.5.1/nrfxlib/softdevice_controller/lib/cortex-m33+nodsp/soft-float/libsoftdevice_controller_multirole.a(libsoftdevice_controller_s140_debug_soft__obfuscated.elf)
                0x0100a3bc                sym_ATHPLOWBGAIKG7V5SSPNEEN27AC3OGL2HEWE4II
 .text          0x0100a420       0x20 C:/Users/VAI/ncs/v1.5.1/nrfxlib/softdevice_controller/lib/cortex-m33+nodsp/soft-float/libsoftdevice_controller_multirole.a(libsoftdevice_controller_s140_debug_soft__obfuscated.elf)
                0x0100a420                sym_J22YCCWNUNOSXHAJQUUQAO7YZP2SNXLIWISZVHI
 .text          0x0100a440      0x104 C:/Users/VAI/ncs/v1.5.1/nrfxlib/softdevice_controller/lib/cortex-m33+nodsp/soft-float/libsoftdevice_controller_multirole.a(libsoftdevice_controller_s140_debug_soft__obfuscated.elf)
                0x0100a440                sym_76SF2THVWBBVUHDFLIXMTXOYE2LFAIMVFAFT26I
 .text          0x0100a544       0x44 C:/Users/VAI/ncs/v1.5.1/nrfxlib/softdevice_controller/lib/cortex-m33+nodsp/soft-float/libsoftdevice_controller_multirole.a(libsoftdevice_controller_s140_debug_soft__obfuscated.elf)
                0x0100a544                sym_K4XFYUFHWSS4WLYRDTKOJ7STOPYHBKAJBCXHBBY
 .text          0x0100a588       0x28 C:/Users/VAI/ncs/v1.5.1/nrfxlib/softdevice_controller/lib/cortex-m33+nodsp/soft-float/libsoftdevice_controller_multirole.a(libsoftdevice_controller_s140_debug_soft__obfuscated.elf)
                0x0100a588                sym_75VOI5ZNFW3OXMHUCY2QF6IZX2BBZSQKA7XVCPQ
 .text          0x0100a5b0       0x4c C:/Users/VAI/ncs/v1.5.1/nrfxlib/softdevice_controller/lib/cortex-m33+nodsp/soft-float/libsoftdevice_controller_multirole.a(libsoftdevice_controller_s140_debug_soft__obfuscated.elf)
                0x0100a5b0                sym_CMGYAOMYUJOSH7VMLD3ENK3VLSIPR3DVYN2F44Y
 .text          0x0100a5fc        0x8 C:/Users/VAI/ncs/v1.5.1/nrfxlib/softdevice_controller/lib/cortex-m33+nodsp/soft-float/libsoftdevice_controller_multirole.a(libsoftdevice_controller_s140_debug_soft__obfuscated.elf)
                0x0100a5fc                sym_6NROXJNXJONASXBRH4ZGPEEQ42PSH3YLRTC74GQ
 .text          0x0100a604       0x1c C:/Users/VAI/ncs/v1.5.1/nrfxlib/softdevice_controller/lib/cortex-m33+nodsp/soft-float/libsoftdevice_controller_multirole.a(libsoftdevice_controller_s140_debug_soft__obfuscated.elf)
                0x0100a604                sym_FRDCUWW6PTM2YTBQLG5XNT6WJGPFH2XWEMJXJRI
 .text          0x0100a620      0x18c C:/Users/VAI/ncs/v1.5.1/nrfxlib/softdevice_controller/lib/cortex-m33+nodsp/soft-float/libsoftdevice_controller_multirole.a(libsoftdevice_controller_s140_debug_soft__obfuscated.elf)
                0x0100a620                sym_ZX776SCJSI3JTFST57XOZBXAMGDDC7FRRHZEJ7Q
 .text          0x0100a7ac       0x14 C:/Users/VAI/ncs/v1.5.1/nrfxlib/softdevice_controller/lib/cortex-m33+nodsp/soft-float/libsoftdevice_controller_multirole.a(libsoftdevice_controller_s140_debug_soft__obfuscated.elf)
                0x0100a7ac                sym_N7ZC3LBWUJOAILVKSQ7VVQPJVGTFQ2IN2TKPVHQ
 .text          0x0100a7c0       0xb0 C:/Users/VAI/ncs/v1.5.1/nrfxlib/softdevice_controller/lib/cortex-m33+nodsp/soft-float/libsoftdevice_controller_multirole.a(libsoftdevice_controller_s140_debug_soft__obfuscated.elf)
                0x0100a7c0                sym_HFTBXB6EEVTEA6UN46QA3JCUQXJQH6HCG5AJGRQ
 .text          0x0100a870       0x44 C:/Users/VAI/ncs/v1.5.1/nrfxlib/softdevice_controller/lib/cortex-m33+nodsp/soft-float/libsoftdevice_controller_multirole.a(libsoftdevice_controller_s140_debug_soft__obfuscated.elf)
                0x0100a870                sym_CB3FDFEUY3F2NWFVYZOUMB3I5QKHLDIUWWP26EA
 .text          0x0100a8b4       0x34 C:/Users/VAI/ncs/v1.5.1/nrfxlib/softdevice_controller/lib/cortex-m33+nodsp/soft-float/libsoftdevice_controller_multirole.a(libsoftdevice_controller_s140_debug_soft__obfuscated.elf)
                0x0100a8b4                sym_F34BIG3DAVATN4IHLYJVG2XLJOWOK44SMOC6AUI
 .text          0x0100a8e8       0x3c C:/Users/VAI/ncs/v1.5.1/nrfxlib/softdevice_controller/lib/cortex-m33+nodsp/soft-float/libsoftdevice_controller_multirole.a(libsoftdevice_controller_s140_debug_soft__obfuscated.elf)
                0x0100a8e8                sym_QOK2KYWK62QNZBQRPK2GPAU2IEJXSELK32IAUUA
 .text          0x0100a924       0x30 C:/Users/VAI/ncs/v1.5.1/nrfxlib/softdevice_controller/lib/cortex-m33+nodsp/soft-float/libsoftdevice_controller_multirole.a(libsoftdevice_controller_s140_debug_soft__obfuscated.elf)
                0x0100a924                sym_DSAIJDVMFSSNYDQYP4G3W4ZBYTG4PAWPSVOBJ2Y
 .text          0x0100a954       0x24 C:/Users/VAI/ncs/v1.5.1/nrfxlib/softdevice_controller/lib/cortex-m33+nodsp/soft-float/libsoftdevice_controller_multirole.a(libsoftdevice_controller_s140_debug_soft__obfuscated.elf)
                0x0100a954                sym_3GY4TYJRRJL4WNFV6XN3ATYT4MIF4FYTN3S33RI
 .text          0x0100a978       0x14 C:/Users/VAI/ncs/v1.5.1/nrfxlib/softdevice_controller/lib/cortex-m33+nodsp/soft-float/libsoftdevice_controller_multirole.a(libsoftdevice_controller_s140_debug_soft__obfuscated.elf)
                0x0100a978                sym_NREHYZNNGMA6T4VUMP47EJMM5IU7BRHAZURXRLQ
 .text          0x0100a98c       0x28 C:/Users/VAI/ncs/v1.5.1/nrfxlib/softdevice_controller/lib/cortex-m33+nodsp/soft-float/libsoftdevice_controller_multirole.a(libsoftdevice_controller_s140_debug_soft__obfuscated.elf)
                0x0100a98c                sym_XDZ2OHWEUBVVDKEXHUYEULKMIZVRQ77QI2ENP4A
 .text          0x0100a9b4       0x14 C:/Users/VAI/ncs/v1.5.1/nrfxlib/softdevice_controller/lib/cortex-m33+nodsp/soft-float/libsoftdevice_controller_multirole.a(libsoftdevice_controller_s140_debug_soft__obfuscated.elf)
                0x0100a9b4                sym_5SQGEOI2QIBONU3LMZVAMW3SSGU24TVE57VDLBA
 .text          0x0100a9c8       0x28 C:/Users/VAI/ncs/v1.5.1/nrfxlib/softdevice_controller/lib/cortex-m33+nodsp/soft-float/libsoftdevice_controller_multirole.a(libsoftdevice_controller_s140_debug_soft__obfuscated.elf)
                0x0100a9c8                sym_MKMKL77LAUBQ4JEH6ZOP4C62SMTD4ERFZLWH4JI
 .text          0x0100a9f0       0x28 C:/Users/VAI/ncs/v1.5.1/nrfxlib/softdevice_controller/lib/cortex-m33+nodsp/soft-float/libsoftdevice_controller_multirole.a(libsoftdevice_controller_s140_debug_soft__obfuscated.elf)
                0x0100a9f0                sym_OTIPANP3Q7VLW2BQGLZZUUDNR5HBSAYXJSFAKKA
 .text          0x0100aa18       0x1c C:/Users/VAI/ncs/v1.5.1/nrfxlib/softdevice_controller/lib/cortex-m33+nodsp/soft-float/libsoftdevice_controller_multirole.a(libsoftdevice_controller_s140_debug_soft__obfuscated.elf)
                0x0100aa18                sym_6A6FSIHLUNNAM2H65LFSFKBXCMGRSGO36R3DB6Q
 .text          0x0100aa34       0x9c C:/Users/VAI/ncs/v1.5.1/nrfxlib/softdevice_controller/lib/cortex-m33+nodsp/soft-float/libsoftdevice_controller_multirole.a(libsoftdevice_controller_s140_debug_soft__obfuscated.elf)
 .text          0x0100aad0       0x4c C:/Users/VAI/ncs/v1.5.1/nrfxlib/softdevice_controller/lib/cortex-m33+nodsp/soft-float/libsoftdevice_controller_multirole.a(libsoftdevice_controller_s140_debug_soft__obfuscated.elf)
                0x0100aad0                sym_ZJ2REXSOGBKJNHWVNXMDASZYI7CQBWWO2RMVAVY
 .text          0x0100ab1c        0x8 C:/Users/VAI/ncs/v1.5.1/nrfxlib/softdevice_controller/lib/cortex-m33+nodsp/soft-float/libsoftdevice_controller_multirole.a(libsoftdevice_controller_s140_debug_soft__obfuscated.elf)
                0x0100ab1c                sym_BKZP2NS6ZML5FASSJGDL3MGGCLMOR2QD3H4TIDQ
 .text          0x0100ab24       0x10 C:/Users/VAI/ncs/v1.5.1/nrfxlib/softdevice_controller/lib/cortex-m33+nodsp/soft-float/libsoftdevice_controller_multirole.a(libsoftdevice_controller_s140_debug_soft__obfuscated.elf)
                0x0100ab24                sym_5JID42ESVW3PB7AVBNALO6R7DLTBIV3DUQMUPQY
 .text          0x0100ab34        0xc C:/Users/VAI/ncs/v1.5.1/nrfxlib/softdevice_controller/lib/cortex-m33+nodsp/soft-float/libsoftdevice_controller_multirole.a(libsoftdevice_controller_s140_debug_soft__obfuscated.elf)
                0x0100ab34                sym_CCESLIOCGU3VBJATTC6PPH4SR5FFTYRDAD3D4QI
 .text          0x0100ab40       0x10 C:/Users/VAI/ncs/v1.5.1/nrfxlib/softdevice_controller/lib/cortex-m33+nodsp/soft-float/libsoftdevice_controller_multirole.a(libsoftdevice_controller_s140_debug_soft__obfuscated.elf)
                0x0100ab40                sym_6GC7CC2BUFLCMQVOZDACHKZEET4WUCXSLEMHSCY
 .text          0x0100ab50       0x14 C:/Users/VAI/ncs/v1.5.1/nrfxlib/softdevice_controller/lib/cortex-m33+nodsp/soft-float/libsoftdevice_controller_multirole.a(libsoftdevice_controller_s140_debug_soft__obfuscated.elf)
                0x0100ab50                sym_K5Q3WMSYKQOD5SDB35E6WH2TTH6JWICUFV7AXJA
 .text          0x0100ab64        0x8 C:/Users/VAI/ncs/v1.5.1/nrfxlib/softdevice_controller/lib/cortex-m33+nodsp/soft-float/libsoftdevice_controller_multirole.a(libsoftdevice_controller_s140_debug_soft__obfuscated.elf)
                0x0100ab64                sym_6DB5RCXOJPQOKFFU6NVPIKFFBDKKQHZ2G3RH4MY
 .text          0x0100ab6c       0x10 C:/Users/VAI/ncs/v1.5.1/nrfxlib/softdevice_controller/lib/cortex-m33+nodsp/soft-float/libsoftdevice_controller_multirole.a(libsoftdevice_controller_s140_debug_soft__obfuscated.elf)
                0x0100ab6c                sym_6FJEZEEBKMCAKI6FMPGNQ7TUXYDPYPEPSNJFOMQ
 .text          0x0100ab7c       0x20 C:/Users/VAI/ncs/v1.5.1/nrfxlib/softdevice_controller/lib/cortex-m33+nodsp/soft-float/libsoftdevice_controller_multirole.a(libsoftdevice_controller_s140_debug_soft__obfuscated.elf)
                0x0100ab7c                sym_AIYUY22PH5CFYGFYYYX5TRDP6GAU3UXOBISKF2I
 .text          0x0100ab9c       0x2c C:/Users/VAI/ncs/v1.5.1/nrfxlib/softdevice_controller/lib/cortex-m33+nodsp/soft-float/libsoftdevice_controller_multirole.a(libsoftdevice_controller_s140_debug_soft__obfuscated.elf)
                0x0100ab9c                sym_ZJH5YY3PWU3QSXNY3IFWZTVSE7R7I3DXTQQOTSI
 .text          0x0100abc8       0x20 C:/Users/VAI/ncs/v1.5.1/nrfxlib/softdevice_controller/lib/cortex-m33+nodsp/soft-float/libsoftdevice_controller_multirole.a(libsoftdevice_controller_s140_debug_soft__obfuscated.elf)
                0x0100abc8                sym_MAMY3D3622JJLMFKLRQXSRTVOPUNWAAGSSCAVMY
 .text          0x0100abe8        0x8 C:/Users/VAI/ncs/v1.5.1/nrfxlib/softdevice_controller/lib/cortex-m33+nodsp/soft-float/libsoftdevice_controller_multirole.a(libsoftdevice_controller_s140_debug_soft__obfuscated.elf)
                0x0100abe8                sym_2HXMMUCJKGABJMIVUEJMBQS7ZTJP6NBIQA7MM6Q
 .text          0x0100abf0        0xc C:/Users/VAI/ncs/v1.5.1/nrfxlib/softdevice_controller/lib/cortex-m33+nodsp/soft-float/libsoftdevice_controller_multirole.a(libsoftdevice_controller_s140_debug_soft__obfuscated.elf)
                0x0100abf0                sym_CTU7MOTL5TMHSZCRWD4TOSGRKHNDDERD2VBWHHA
 .text          0x0100abfc       0x14 C:/Users/VAI/ncs/v1.5.1/nrfxlib/softdevice_controller/lib/cortex-m33+nodsp/soft-float/libsoftdevice_controller_multirole.a(libsoftdevice_controller_s140_debug_soft__obfuscated.elf)
                0x0100abfc                sym_4AISIMNAZ5DOHKHUWKWWSTM5N3DWMCENG5UCGDA
 .text          0x0100ac10       0x18 C:/Users/VAI/ncs/v1.5.1/nrfxlib/softdevice_controller/lib/cortex-m33+nodsp/soft-float/libsoftdevice_controller_multirole.a(libsoftdevice_controller_s140_debug_soft__obfuscated.elf)
                0x0100ac10                sym_CIBJ2KNMRWI4XDREVS2EINAWO2Z3P7P3ECK3PYQ
 .text          0x0100ac28       0x10 C:/Users/VAI/ncs/v1.5.1/nrfxlib/softdevice_controller/lib/cortex-m33+nodsp/soft-float/libsoftdevice_controller_multirole.a(libsoftdevice_controller_s140_debug_soft__obfuscated.elf)
                0x0100ac28                sym_G76XDV6TGBB3X2IDLVECOBUR5TUIZ322PBL7DUA
 .text          0x0100ac38       0xa4 C:/Users/VAI/ncs/v1.5.1/nrfxlib/softdevice_controller/lib/cortex-m33+nodsp/soft-float/libsoftdevice_controller_multirole.a(libsoftdevice_controller_s140_debug_soft__obfuscated.elf)
                0x0100ac38                sym_7FFMBSDVRVZYH5XO7CHX33376QMIMFS3BQD5N7I
 .text          0x0100acdc       0xd0 C:/Users/VAI/ncs/v1.5.1/nrfxlib/softdevice_controller/lib/cortex-m33+nodsp/soft-float/libsoftdevice_controller_multirole.a(libsoftdevice_controller_s140_debug_soft__obfuscated.elf)
                0x0100acdc                sym_V2BZXQPNP7Q2P4CVYNHVSD2T3GLJDRR2FQ2IZTQ
 .text          0x0100adac       0xcc C:/Users/VAI/ncs/v1.5.1/nrfxlib/softdevice_controller/lib/cortex-m33+nodsp/soft-float/libsoftdevice_controller_multirole.a(libsoftdevice_controller_s140_debug_soft__obfuscated.elf)
                0x0100adac                sym_6KYDR3JNRMNBZD2D4KUEK2GB4RCTCKOQRZV2E5Y
 .text          0x0100ae78       0x10 C:/Users/VAI/ncs/v1.5.1/nrfxlib/softdevice_controller/lib/cortex-m33+nodsp/soft-float/libsoftdevice_controller_multirole.a(libsoftdevice_controller_s140_debug_soft__obfuscated.elf)
                0x0100ae78                sym_CYEMV7N7AHPPTI2YTL52NLQ5W4V6HWEZXWJTRZI
 .text          0x0100ae88        0x8 C:/Users/VAI/ncs/v1.5.1/nrfxlib/softdevice_controller/lib/cortex-m33+nodsp/soft-float/libsoftdevice_controller_multirole.a(libsoftdevice_controller_s140_debug_soft__obfuscated.elf)
                0x0100ae88                sym_R7KPNPOQLQMWVQJPUBU45WO7G3DDK3Z5R6BXJNQ
 .text          0x0100ae90       0x60 C:/Users/VAI/ncs/v1.5.1/nrfxlib/softdevice_controller/lib/cortex-m33+nodsp/soft-float/libsoftdevice_controller_multirole.a(libsoftdevice_controller_s140_debug_soft__obfuscated.elf)
                0x0100ae90                sym_V7H2M3MTBM7H2QADZOWCWF3DY44SEJODLUCCHMQ
 .text          0x0100aef0       0x74 C:/Users/VAI/ncs/v1.5.1/nrfxlib/softdevice_controller/lib/cortex-m33+nodsp/soft-float/libsoftdevice_controller_multirole.a(libsoftdevice_controller_s140_debug_soft__obfuscated.elf)
                0x0100aef0                sym_7T3YS7ZM6TRSXMQ2XWBEJASYAZJXOUEFW4XRVAA
 .text          0x0100af64       0x70 C:/Users/VAI/ncs/v1.5.1/nrfxlib/softdevice_controller/lib/cortex-m33+nodsp/soft-float/libsoftdevice_controller_multirole.a(libsoftdevice_controller_s140_debug_soft__obfuscated.elf)
                0x0100af64                sym_QK3E4NZKHCNMFGX3DNNKIGCLY2REMKD2JBKOWZQ
 .text          0x0100afd4       0x68 C:/Users/VAI/ncs/v1.5.1/nrfxlib/softdevice_controller/lib/cortex-m33+nodsp/soft-float/libsoftdevice_controller_multirole.a(libsoftdevice_controller_s140_debug_soft__obfuscated.elf)
                0x0100afd4                sym_Y33RLJYQRL6DT5FLCUJE4QFV5XO3CHTWHCBVOEI
 .text          0x0100b03c        0x4 C:/Users/VAI/ncs/v1.5.1/nrfxlib/softdevice_controller/lib/cortex-m33+nodsp/soft-float/libsoftdevice_controller_multirole.a(libsoftdevice_controller_s140_debug_soft__obfuscated.elf)
                0x0100b03c                sym_2OY4CBUPUQFBPO3TTOOGECQPSEJIOADUCURWLFI
 .text          0x0100b040       0x10 C:/Users/VAI/ncs/v1.5.1/nrfxlib/softdevice_controller/lib/cortex-m33+nodsp/soft-float/libsoftdevice_controller_multirole.a(libsoftdevice_controller_s140_debug_soft__obfuscated.elf)
                0x0100b040                sym_KWWW3Q4Z6LMHA6EXR6CMFCOS3QXXZ636XUAHVBY
 .text          0x0100b050        0x8 C:/Users/VAI/ncs/v1.5.1/nrfxlib/softdevice_controller/lib/cortex-m33+nodsp/soft-float/libsoftdevice_controller_multirole.a(libsoftdevice_controller_s140_debug_soft__obfuscated.elf)
                0x0100b050                sym_66SPI42RVSYPTJAEZPQR5PX32WQ6ZUXVEH3D2OI
 .text          0x0100b058       0x24 C:/Users/VAI/ncs/v1.5.1/nrfxlib/softdevice_controller/lib/cortex-m33+nodsp/soft-float/libsoftdevice_controller_multirole.a(libsoftdevice_controller_s140_debug_soft__obfuscated.elf)
                0x0100b058                sym_AQNKAYNIT4GTGTVAKOZJZSWZBN4I6FFKO6L5AXA
 .text          0x0100b07c       0x28 C:/Users/VAI/ncs/v1.5.1/nrfxlib/softdevice_controller/lib/cortex-m33+nodsp/soft-float/libsoftdevice_controller_multirole.a(libsoftdevice_controller_s140_debug_soft__obfuscated.elf)
                0x0100b07c                sym_ASSU5HSD7LU7BXC2C2QNNVLB6AOHO4SQ3KK3OJY
 .text          0x0100b0a4       0x1c C:/Users/VAI/ncs/v1.5.1/nrfxlib/softdevice_controller/lib/cortex-m33+nodsp/soft-float/libsoftdevice_controller_multirole.a(libsoftdevice_controller_s140_debug_soft__obfuscated.elf)
                0x0100b0a4                sym_KDG27CITYLRG66Y5P6H5BVIHPU5DAFDVHM7DSQA
 .text          0x0100b0c0        0xc C:/Users/VAI/ncs/v1.5.1/nrfxlib/softdevice_controller/lib/cortex-m33+nodsp/soft-float/libsoftdevice_controller_multirole.a(libsoftdevice_controller_s140_debug_soft__obfuscated.elf)
                0x0100b0c0                sym_O2B23O5JYMOMMFH6X6KNGJ752KMNUHBQLRFJPCA
 .text          0x0100b0cc        0xc C:/Users/VAI/ncs/v1.5.1/nrfxlib/softdevice_controller/lib/cortex-m33+nodsp/soft-float/libsoftdevice_controller_multirole.a(libsoftdevice_controller_s140_debug_soft__obfuscated.elf)
                0x0100b0cc                sym_GKNOWO7GMUO66Z63YGKTWG2BRIW6TPGP7PUQ2RQ
 .text          0x0100b0d8        0x8 C:/Users/VAI/ncs/v1.5.1/nrfxlib/softdevice_controller/lib/cortex-m33+nodsp/soft-float/libsoftdevice_controller_multirole.a(libsoftdevice_controller_s140_debug_soft__obfuscated.elf)
                0x0100b0d8                sym_6EFQIFZR7CWLGBOQEIRVR6K5AC52XVCYTE4XHAY
 .text          0x0100b0e0        0xc C:/Users/VAI/ncs/v1.5.1/nrfxlib/softdevice_controller/lib/cortex-m33+nodsp/soft-float/libsoftdevice_controller_multirole.a(libsoftdevice_controller_s140_debug_soft__obfuscated.elf)
                0x0100b0e0                sym_CLMBK65KRQWY2JSWG7BYXAJVRACUXOCNFT2IPRY
 .text          0x0100b0ec       0x90 C:/Users/VAI/ncs/v1.5.1/nrfxlib/softdevice_controller/lib/cortex-m33+nodsp/soft-float/libsoftdevice_controller_multirole.a(libsoftdevice_controller_s140_debug_soft__obfuscated.elf)
                0x0100b0ec                sym_SYUCVPKBWJVHVFRFN5N4446ZSHSJVKBYOSWHGGQ
 .text          0x0100b17c        0xc C:/Users/VAI/ncs/v1.5.1/nrfxlib/softdevice_controller/lib/cortex-m33+nodsp/soft-float/libsoftdevice_controller_multirole.a(libsoftdevice_controller_s140_debug_soft__obfuscated.elf)
                0x0100b17c                sym_47DI4XEWQVELMHMLOG3QAORXTXBJNEQQCHBWGXA
 .text          0x0100b188        0xc C:/Users/VAI/ncs/v1.5.1/nrfxlib/softdevice_controller/lib/cortex-m33+nodsp/soft-float/libsoftdevice_controller_multirole.a(libsoftdevice_controller_s140_debug_soft__obfuscated.elf)
                0x0100b188                sym_Z4ZI42RGZMV4HNY7AR3E37XXZ7IMFK22Y6ETFMA
 .text          0x0100b194        0xc C:/Users/VAI/ncs/v1.5.1/nrfxlib/softdevice_controller/lib/cortex-m33+nodsp/soft-float/libsoftdevice_controller_multirole.a(libsoftdevice_controller_s140_debug_soft__obfuscated.elf)
                0x0100b194                sym_WMWALCDSCSGIPZVRYNPCN3Z65BL7HB3ZVUDUXCQ
 .text          0x0100b1a0        0x4 C:/Users/VAI/ncs/v1.5.1/nrfxlib/softdevice_controller/lib/cortex-m33+nodsp/soft-float/libsoftdevice_controller_multirole.a(libsoftdevice_controller_s140_debug_soft__obfuscated.elf)
                0x0100b1a0                sym_WRY64WR3RHFREREX3ZB66OLRGKHGDAUZMHJMBCI
 .text          0x0100b1a4        0xc C:/Users/VAI/ncs/v1.5.1/nrfxlib/softdevice_controller/lib/cortex-m33+nodsp/soft-float/libsoftdevice_controller_multirole.a(libsoftdevice_controller_s140_debug_soft__obfuscated.elf)
                0x0100b1a4                sym_4JD2S6UEQ3QU45WT6P4HQLI6XCMF5KD55A47NOY
 .text          0x0100b1b0        0xc C:/Users/VAI/ncs/v1.5.1/nrfxlib/softdevice_controller/lib/cortex-m33+nodsp/soft-float/libsoftdevice_controller_multirole.a(libsoftdevice_controller_s140_debug_soft__obfuscated.elf)
                0x0100b1b0                sym_GVKSQ3HVAAAYIHJ3KPHNCAN4HXAZB6BCZZN5T2Q
 .text          0x0100b1bc        0x8 C:/Users/VAI/ncs/v1.5.1/nrfxlib/softdevice_controller/lib/cortex-m33+nodsp/soft-float/libsoftdevice_controller_multirole.a(libsoftdevice_controller_s140_debug_soft__obfuscated.elf)
                0x0100b1bc                sym_5AB6G7P3OU7ZCZERFQQ76H5BVT7C7GOOIDMBNLI
 .text          0x0100b1c4        0x8 C:/Users/VAI/ncs/v1.5.1/nrfxlib/softdevice_controller/lib/cortex-m33+nodsp/soft-float/libsoftdevice_controller_multirole.a(libsoftdevice_controller_s140_debug_soft__obfuscated.elf)
                0x0100b1c4                sym_RM2CYFWBBAMZ6QU7KT5244O7T6GTURMYRG2CBQQ
 .text          0x0100b1cc       0x10 C:/Users/VAI/ncs/v1.5.1/nrfxlib/softdevice_controller/lib/cortex-m33+nodsp/soft-float/libsoftdevice_controller_multirole.a(libsoftdevice_controller_s140_debug_soft__obfuscated.elf)
                0x0100b1cc                sym_LUKCLDHCNTYPIERXKRT6RV5FM4MXDAYATWAIXQY
 .text          0x0100b1dc        0xc C:/Users/VAI/ncs/v1.5.1/nrfxlib/softdevice_controller/lib/cortex-m33+nodsp/soft-float/libsoftdevice_controller_multirole.a(libsoftdevice_controller_s140_debug_soft__obfuscated.elf)
                0x0100b1dc                sym_LSOEOXZGNVP5DB6ZYJ7WAAXWSU5HO7R25UQZZBQ
 .text          0x0100b1e8        0x8 C:/Users/VAI/ncs/v1.5.1/nrfxlib/softdevice_controller/lib/cortex-m33+nodsp/soft-float/libsoftdevice_controller_multirole.a(libsoftdevice_controller_s140_debug_soft__obfuscated.elf)
                0x0100b1e8                sym_5QKH3OGOQJ554S7QC42VJ26GHXIZTOVH7N4IVXI
 .text          0x0100b1f0        0x8 C:/Users/VAI/ncs/v1.5.1/nrfxlib/softdevice_controller/lib/cortex-m33+nodsp/soft-float/libsoftdevice_controller_multirole.a(libsoftdevice_controller_s140_debug_soft__obfuscated.elf)
                0x0100b1f0                sym_3TJYOSQOHQD2677U7JVMG6ZM2AEKI337QVGY7TA
 .text          0x0100b1f8        0xc C:/Users/VAI/ncs/v1.5.1/nrfxlib/softdevice_controller/lib/cortex-m33+nodsp/soft-float/libsoftdevice_controller_multirole.a(libsoftdevice_controller_s140_debug_soft__obfuscated.elf)
                0x0100b1f8                sym_GACCOL6OK5AZZZEY5D5QPNSIBJI3JJRDH53DCCY
 .text          0x0100b204        0xc C:/Users/VAI/ncs/v1.5.1/nrfxlib/softdevice_controller/lib/cortex-m33+nodsp/soft-float/libsoftdevice_controller_multirole.a(libsoftdevice_controller_s140_debug_soft__obfuscated.elf)
                0x0100b204                sym_HLH4KBER4ZQ33ZCWKFMAS4GXCD63YBGX6LUM4WI
 .text          0x0100b210        0x8 C:/Users/VAI/ncs/v1.5.1/nrfxlib/softdevice_controller/lib/cortex-m33+nodsp/soft-float/libsoftdevice_controller_multirole.a(libsoftdevice_controller_s140_debug_soft__obfuscated.elf)
                0x0100b210                sym_VUV5X4H4Y5BCHQYQ2OODYEDUWFHSSL4GLPT4S5Q
 .text          0x0100b218        0x8 C:/Users/VAI/ncs/v1.5.1/nrfxlib/softdevice_controller/lib/cortex-m33+nodsp/soft-float/libsoftdevice_controller_multirole.a(libsoftdevice_controller_s140_debug_soft__obfuscated.elf)
                0x0100b218                sym_54XCFVWGQWJGZMAGPXTD5V6OZSR66PP5XEOYE4Y
 .text          0x0100b220        0x4 C:/Users/VAI/ncs/v1.5.1/nrfxlib/softdevice_controller/lib/cortex-m33+nodsp/soft-float/libsoftdevice_controller_multirole.a(libsoftdevice_controller_s140_debug_soft__obfuscated.elf)
                0x0100b220                sym_FES4SNLGDB2HCH3XYZK52SHDPFDGL5NN3ARGNTY
 .text          0x0100b224        0xc C:/Users/VAI/ncs/v1.5.1/nrfxlib/softdevice_controller/lib/cortex-m33+nodsp/soft-float/libsoftdevice_controller_multirole.a(libsoftdevice_controller_s140_debug_soft__obfuscated.elf)