Archive member included to satisfy reference by file (symbol)

app/libapp.a(button_svc.c.obj)
                              (--whole-archive)
app/libapp.a(led_svc.c.obj)   (--whole-archive)
app/libapp.a(main.c.obj)      (--whole-archive)
zephyr/libzephyr.a(cbprintf.c.obj)
                              (--whole-archive)
zephyr/libzephyr.a(crc32_sw.c.obj)
                              (--whole-archive)
zephyr/libzephyr.a(crc16_sw.c.obj)
                              (--whole-archive)
zephyr/libzephyr.a(crc8_sw.c.obj)
                              (--whole-archive)
zephyr/libzephyr.a(crc7_sw.c.obj)
                              (--whole-archive)
zephyr/libzephyr.a(dec.c.obj)
                              (--whole-archive)
zephyr/libzephyr.a(fdtable.c.obj)
                              (--whole-archive)
zephyr/libzephyr.a(hex.c.obj)
                              (--whole-archive)
zephyr/libzephyr.a(notify.c.obj)
                              (--whole-archive)
zephyr/libzephyr.a(printk.c.obj)
                              (--whole-archive)
zephyr/libzephyr.a(onoff.c.obj)
                              (--whole-archive)
zephyr/libzephyr.a(rb.c.obj)  (--whole-archive)
zephyr/libzephyr.a(sem.c.obj)
                              (--whole-archive)
zephyr/libzephyr.a(thread_entry.c.obj)
                              (--whole-archive)
zephyr/libzephyr.a(timeutil.c.obj)
                              (--whole-archive)
zephyr/libzephyr.a(work_q.c.obj)
                              (--whole-archive)
zephyr/libzephyr.a(heap.c.obj)
                              (--whole-archive)
zephyr/libzephyr.a(heap-validate.c.obj)
                              (--whole-archive)
zephyr/libzephyr.a(cbprintf_complete.c.obj)
                              (--whole-archive)
zephyr/libzephyr.a(configs.c.obj)
                              (--whole-archive)
zephyr/libzephyr.a(soc.c.obj)
                              (--whole-archive)
zephyr/libzephyr.a(power.c.obj)
                              (--whole-archive)
zephyr/libzephyr.a(validate_base_addresses.c.obj)
                              (--whole-archive)
zephyr/libzephyr.a(validate_enabled_instances.c.obj)
                              (--whole-archive)
zephyr/libzephyr.a(log_list.c.obj)
                              (--whole-archive)
zephyr/libzephyr.a(log_core.c.obj)
                              (--whole-archive)
zephyr/libzephyr.a(log_msg.c.obj)
                              (--whole-archive)
zephyr/libzephyr.a(log_output.c.obj)
                              (--whole-archive)
zephyr/libzephyr.a(log_backend_uart.c.obj)
                              (--whole-archive)
zephyr/libzephyr.a(rpmsg_backend.c.obj)
                              (--whole-archive)
zephyr/libzephyr.a(rpmsg_service.c.obj)
                              (--whole-archive)
zephyr/libzephyr.a(addr_utils.c.obj)
                              (--whole-archive)
zephyr/libzephyr.a(power.c.obj)
                              (--whole-archive)
zephyr/libzephyr.a(reboot.c.obj)
                              (--whole-archive)
zephyr/libzephyr.a(policy_residency.c.obj)
                              (--whole-archive)
zephyr/libzephyr.a(uart_console.c.obj)
                              (--whole-archive)
zephyr/libzephyr.a(clock_control_nrf.c.obj)
                              (--whole-archive)
zephyr/libzephyr.a(rpmsg.c.obj)
                              (--whole-archive)
zephyr/libzephyr.a(rpmsg_nrf53.c.obj)
                              (--whole-archive)
zephyr/libzephyr.a(sys_clock_init.c.obj)
                              (--whole-archive)
zephyr/libzephyr.a(nrf_rtc_timer.c.obj)
                              (--whole-archive)
zephyr/libzephyr.a(nrf_cc3xx_platform_abort_zephyr.c.obj)
                              (--whole-archive)
zephyr/libzephyr.a(nrf_cc3xx_platform_mutex_zephyr.c.obj)
                              (--whole-archive)
zephyr/libzephyr.a(utils.c.obj)
                              (--whole-archive)
zephyr/libzephyr.a(aes_decrypt.c.obj)
                              (--whole-archive)
zephyr/libzephyr.a(aes_encrypt.c.obj)
                              (--whole-archive)
zephyr/libzephyr.a(cmac_mode.c.obj)
                              (--whole-archive)
zephyr/libzephyr.a(sha256.c.obj)
                              (--whole-archive)
zephyr/libzephyr.a(hmac.c.obj)
                              (--whole-archive)
zephyr/libzephyr.a(hmac_prng.c.obj)
                              (--whole-archive)
zephyr/arch/common/libarch__common.a(sw_isr_common.c.obj)
                              (--whole-archive)
zephyr/arch/arch/arm/core/aarch32/libarch__arm__core__aarch32.a(swap.c.obj)
                              (--whole-archive)
zephyr/arch/arch/arm/core/aarch32/libarch__arm__core__aarch32.a(irq_manage.c.obj)
                              (--whole-archive)
zephyr/arch/arch/arm/core/aarch32/libarch__arm__core__aarch32.a(thread.c.obj)
                              (--whole-archive)
[...]
Memory Configuration

Name             Origin             Length             Attributes
FLASH            0x00000000         0x00100000         xr
SRAM             0x20000000         0x00070000         xw
IDT_LIST         0x20070000         0x00000800         xw
*default*        0x00000000         0xffffffff

Linker script and memory map

LOAD zephyr/CMakeFiles/zephyr_prebuilt.dir/misc/empty_file.c.obj
                0x00000020                _region_min_align = 0x20

.rel.plt        0x00000000        0x0
 *(SORT_BY_ALIGNMENT(.rel.plt))
                [!provide]                PROVIDE (__rel_iplt_start = .)
 *(SORT_BY_ALIGNMENT(.rel.iplt))
 .rel.iplt      0x00000000        0x0 app/libapp.a(button_svc.c.obj)
                [!provide]                PROVIDE (__rel_iplt_end = .)

.rela.plt       0x00000000        0x0
 *(SORT_BY_ALIGNMENT(.rela.plt))
                [!provide]                PROVIDE (__rela_iplt_start = .)
 *(SORT_BY_ALIGNMENT(.rela.iplt))
                [!provide]                PROVIDE (__rela_iplt_end = .)

.rel.dyn
 *(SORT_BY_ALIGNMENT(.rel.*))

.rela.dyn
 *(SORT_BY_ALIGNMENT(.rela.*))

/DISCARD/
 *(SORT_BY_ALIGNMENT(.plt))
 *(SORT_BY_ALIGNMENT(.iplt))
 *(SORT_BY_ALIGNMENT(.got.plt))
 *(SORT_BY_ALIGNMENT(.igot.plt))
 *(SORT_BY_ALIGNMENT(.got))
 *(SORT_BY_ALIGNMENT(.igot))
 *(SORT_BY_ALIGNMENT(.note.GNU-stack))
                0x00000000                _image_rom_start = 0x0

rom_start       0x00000000      0x154
                0x00000000                . = 0x0
                0x00000000                . = ALIGN (0x4)
                0x00000000                . = ALIGN (0x80)
                0x00000000                . = ALIGN (0x200)
                0x00000000                _vector_start = .
 *(SORT_BY_ALIGNMENT(.exc_vector_table))
 *(SORT_BY_ALIGNMENT(.exc_vector_table.*))
 .exc_vector_table._vector_table_section
                0x00000000       0x40 zephyr/arch/arch/arm/core/aarch32/cortex_m/libarch__arm__core__aarch32__cortex_m.a(vector_table.S.obj)
                0x00000000                _vector_table
 *(SORT_BY_ALIGNMENT(.gnu.linkonce.irq_vector_table*))
 .gnu.linkonce.irq_vector_table*
                0x00000040      0x114 zephyr/arch/common/libisr_tables.a(isr_tables.c.obj)
                0x00000040                _irq_vector_table
 *(SORT_BY_ALIGNMENT(.vectors))
                0x00000154                _vector_end = .
 *(SORT_BY_ALIGNMENT(.openocd_dbg))
 *(SORT_BY_ALIGNMENT(.openocd_dbg.*))

text            0x00000154     0xfe96
                0x00000154                _image_text_start = .
 *(SORT_BY_ALIGNMENT(.text))
 .text          0x00000154       0x30 c:/users/vai/ncs/v1.5.1/toolchain/opt/bin/../lib/gcc/arm-none-eabi/9.2.1/thumb/v8-m.main/nofp\libgcc.a(_aeabi_uldivmod.o)
                0x00000154                __aeabi_uldivmod
 .text          0x00000184      0x2c8 c:/users/vai/ncs/v1.5.1/toolchain/opt/bin/../lib/gcc/arm-none-eabi/9.2.1/thumb/v8-m.main/nofp\libgcc.a(_udivmoddi4.o)
                0x00000184                __udivmoddi4
 .text          0x0000044c        0x4 c:/users/vai/ncs/v1.5.1/toolchain/opt/bin/../lib/gcc/arm-none-eabi/9.2.1/thumb/v8-m.main/nofp\libgcc.a(_dvmd_tls.o)
                0x0000044c                __aeabi_idiv0
                0x0000044c                __aeabi_ldiv0
 *(SORT_BY_ALIGNMENT(.text.*))
 .text.beginTriWire
                0x00000450       0x30 app/libapp.a(button_svc.c.obj)
                0x00000450                beginTriWire
 .text.readTriWire
                0x00000480       0x5c app/libapp.a(button_svc.c.obj)
                0x00000480                readTriWire
 .text.sensor_loop
                0x000004dc       0x7c app/libapp.a(button_svc.c.obj)
                0x000004dc                sensor_loop
 .text.mpu_ccc_cfg_changed
                0x00000558       0x44 app/libapp.a(main.c.obj)
 .text.bt_ready
                0x0000059c       0x84 app/libapp.a(main.c.obj)
 .text.disconnected
                0x00000620       0x3c app/libapp.a(main.c.obj)
 .text.connected
                0x0000065c       0x4c app/libapp.a(main.c.obj)
 .text.main     0x000006a8       0x4c app/libapp.a(main.c.obj)
                0x000006a8                main
 .text.char_out
                0x000006f4       0x10 zephyr/libzephyr.a(printk.c.obj)
 .text.__printk_hook_install
                0x00000704        0xc zephyr/libzephyr.a(printk.c.obj)
                0x00000704                __printk_hook_install
 .text.vprintk  0x00000710       0x1c zephyr/libzephyr.a(printk.c.obj)
                0x00000710                vprintk
 .text.vsnprintk
                0x0000072c       0x28 zephyr/libzephyr.a(printk.c.obj)
                0x0000072c                vsnprintk
 .text.process_event
                0x00000754      0x1cc zephyr/libzephyr.a(onoff.c.obj)
 .text.cbvprintf
                0x00000920      0x780 zephyr/libzephyr.a(cbprintf_complete.c.obj)
                0x00000920                cbvprintf
 .text.check_erratum19
                0x000010a0       0x70 zephyr/libzephyr.a(soc.c.obj)
 .text.nrf_gpio_pin_mcu_select.constprop.0
                0x00001110       0x30 zephyr/libzephyr.a(soc.c.obj)
 .text.nordicsemi_nrf53_init
                0x00001140       0x4c zephyr/libzephyr.a(soc.c.obj)
 .text.arch_busy_wait
                0x0000118c       0x24 zephyr/libzephyr.a(soc.c.obj)
                0x0000118c                arch_busy_wait
 .text.enable_logger
                0x000011b0       0x5c zephyr/libzephyr.a(log_core.c.obj)
 .text.log_process_thread_timer_expiry_fn
                0x0000120c        0xc zephyr/libzephyr.a(log_core.c.obj)
 .text.log_core_init
                0x00001218       0x40 zephyr/libzephyr.a(log_core.c.obj)
                0x00001218                log_core_init
 .text.dropped_notify
                0x00001258       0x44 zephyr/libzephyr.a(log_core.c.obj)
                0x00001258                dropped_notify
 .text.log_dropped
                0x0000129c       0x18 zephyr/libzephyr.a(log_core.c.obj)
                0x0000129c                log_dropped
 .text.log_source_name_get
                0x000012b4       0x1c zephyr/libzephyr.a(log_core.c.obj)
                0x000012b4                log_source_name_get
 .text.log_backend_enable
                0x000012d0       0x34 zephyr/libzephyr.a(log_core.c.obj)
                0x000012d0                log_backend_enable
 .text.log_init
                0x00001304       0x4c zephyr/libzephyr.a(log_core.c.obj)
                0x00001304                log_init
 .text.log_strdup
                0x00001350       0x64 zephyr/libzephyr.a(log_core.c.obj)
                0x00001350                log_strdup
 .text.log_is_strdup
                0x000013b4       0x1c zephyr/libzephyr.a(log_core.c.obj)
                0x000013b4                log_is_strdup
 .text.z_impl_log_process
                0x000013d0      0x168 zephyr/libzephyr.a(log_core.c.obj)
                0x000013d0                z_impl_log_process
 .text.msg_finalize
                0x00001538       0xbc zephyr/libzephyr.a(log_core.c.obj)
 .text.log_process_thread_func
                0x000015f4       0x48 zephyr/libzephyr.a(log_core.c.obj)
 .text.z_impl_log_panic
                0x0000163c       0x48 zephyr/libzephyr.a(log_core.c.obj)
                0x0000163c                z_impl_log_panic
 .text.log_free
                0x00001684       0x2c zephyr/libzephyr.a(log_core.c.obj)
                0x00001684                log_free
 .text.log_msg_pool_init
                0x000016b0       0x14 zephyr/libzephyr.a(log_msg.c.obj)
                0x000016b0                log_msg_pool_init
 .text.log_msg_no_space_handle
                0x000016c4       0x30 zephyr/libzephyr.a(log_msg.c.obj)
                0x000016c4                log_msg_no_space_handle
 .text.log_msg_chunk_alloc
                0x000016f4       0x28 zephyr/libzephyr.a(log_msg.c.obj)
                0x000016f4                log_msg_chunk_alloc
 .text.msg_free
                0x0000171c       0x7c zephyr/libzephyr.a(log_msg.c.obj)
 .text.print_formatted
                0x00001798       0x24 zephyr/libzephyr.a(log_output.c.obj)
 .text.prefix_print
                0x000017bc      0x11c zephyr/libzephyr.a(log_output.c.obj)
 .text.postfix_print
                0x000018d8       0x3c zephyr/libzephyr.a(log_output.c.obj)
 .text.hexdump_line_print
                0x00001914       0xdc zephyr/libzephyr.a(log_output.c.obj)
 .text.log_output_msg_process
                0x000019f0       0xf8 zephyr/libzephyr.a(log_output.c.obj)
                0x000019f0                log_output_msg_process
 .text.log_output_dropped_process
                0x00001ae8       0x58 zephyr/libzephyr.a(log_output.c.obj)
                0x00001ae8                log_output_dropped_process
 .text.log_output_timestamp_freq_set
                0x00001b40       0x30 zephyr/libzephyr.a(log_output.c.obj)
                0x00001b40                log_output_timestamp_freq_set
 .text.char_out
                0x00001b70       0x24 zephyr/libzephyr.a(log_backend_uart.c.obj)
 .text.panic    0x00001b94        0xc zephyr/libzephyr.a(log_backend_uart.c.obj)
 .text.dropped  0x00001ba0        0xc zephyr/libzephyr.a(log_backend_uart.c.obj)
 .text.log_backend_uart_init
                0x00001bac       0x18 zephyr/libzephyr.a(log_backend_uart.c.obj)
 .text.put      0x00001bc4       0x24 zephyr/libzephyr.a(log_backend_uart.c.obj)
 .text.virtio_set_status
                0x00001be8        0xc zephyr/libzephyr.a(rpmsg_backend.c.obj)
 .text.init_status_flag
                0x00001bf4        0xc zephyr/libzephyr.a(rpmsg_backend.c.obj)
                0x00001bf4                init_status_flag
 .text.ipm_callback_process
                0x00001c00        0xc zephyr/libzephyr.a(rpmsg_backend.c.obj)
 .text.virtio_notify
                0x00001c0c       0x48 zephyr/libzephyr.a(rpmsg_backend.c.obj)
 .text.ipm_callback
                0x00001c54       0x28 zephyr/libzephyr.a(rpmsg_backend.c.obj)
 .text.rpmsg_backend_init
                0x00001c7c      0x1f4 zephyr/libzephyr.a(rpmsg_backend.c.obj)
                0x00001c7c                rpmsg_backend_init
 .text.ns_bind_cb
                0x00001e70       0xa8 zephyr/libzephyr.a(rpmsg_service.c.obj)
 .text.rpmsg_service_init
                0x00001f18       0x94 zephyr/libzephyr.a(rpmsg_service.c.obj)
 .text.rpmsg_service_register_endpoint
                0x00001fac       0x5c zephyr/libzephyr.a(rpmsg_service.c.obj)
                0x00001fac                rpmsg_service_register_endpoint
 .text.rpmsg_service_endpoint_is_bound
                0x00002008       0x14 zephyr/libzephyr.a(rpmsg_service.c.obj)
                0x00002008                rpmsg_service_endpoint_is_bound
 .text.rpmsg_service_send
                0x0000201c       0x28 zephyr/libzephyr.a(rpmsg_service.c.obj)
                0x0000201c                rpmsg_service_send
 .text.sys_reboot
                0x00002044       0x30 zephyr/libzephyr.a(reboot.c.obj)
                0x00002044                sys_reboot
 .text.uart_console_init
                0x00002074       0x2c zephyr/libzephyr.a(uart_console.c.obj)
 .text.console_out
                0x000020a0       0x28 zephyr/libzephyr.a(uart_console.c.obj)
 .text.onoff_stop
                0x000020c8       0x48 zephyr/libzephyr.a(clock_control_nrf.c.obj)
 .text.onoff_start
                0x00002110       0x54 zephyr/libzephyr.a(clock_control_nrf.c.obj)
 .text.clk_init
                0x00002164       0x68 zephyr/libzephyr.a(clock_control_nrf.c.obj)
 .text.clkstarted_handle.constprop.0
                0x000021cc       0x34 zephyr/libzephyr.a(clock_control_nrf.c.obj)
 .text.clock_event_handler
                0x00002200       0x30 zephyr/libzephyr.a(clock_control_nrf.c.obj)
 .text.generic_hfclk_start
                0x00002230       0x64 zephyr/libzephyr.a(clock_control_nrf.c.obj)
 .text.generic_hfclk_stop
                0x00002294       0x24 zephyr/libzephyr.a(clock_control_nrf.c.obj)
 .text.api_blocking_start
                0x000022b8       0x3c zephyr/libzephyr.a(clock_control_nrf.c.obj)
 .text.z_nrf_clock_control_lf_on
                0x000022f4      0x10c zephyr/libzephyr.a(clock_control_nrf.c.obj)
                0x000022f4                z_nrf_clock_control_lf_on
 .text.bt_rpmsg_init
                0x00002400       0x58 zephyr/libzephyr.a(rpmsg.c.obj)
 .text.bt_rpmsg_send
                0x00002458       0x68 zephyr/libzephyr.a(rpmsg.c.obj)
 .text.bt_rpmsg_rx
                0x000024c0      0x1fc zephyr/libzephyr.a(rpmsg.c.obj)
                0x000024c0                bt_rpmsg_rx
 .text.bt_rpmsg_platform_init
                0x000026bc       0x4c zephyr/libzephyr.a(rpmsg_nrf53.c.obj)
                0x000026bc                bt_rpmsg_platform_init
 .text.bt_rpmsg_platform_send
                0x00002708       0x10 zephyr/libzephyr.a(rpmsg_nrf53.c.obj)
                0x00002708                bt_rpmsg_platform_send
 .text.bt_rpmsg_platform_endpoint_is_bound
                0x00002718       0x10 zephyr/libzephyr.a(rpmsg_nrf53.c.obj)
                0x00002718                bt_rpmsg_platform_endpoint_is_bound
 .text.sys_clock_timeout_handler
                0x00002728       0x18 zephyr/libzephyr.a(nrf_rtc_timer.c.obj)
 .text.set_absolute_alarm
                0x00002740       0x98 zephyr/libzephyr.a(nrf_rtc_timer.c.obj)
 .text.rtc_nrf_isr
                0x000027d8       0x50 zephyr/libzephyr.a(nrf_rtc_timer.c.obj)
                0x000027d8                rtc_nrf_isr
 .text.z_clock_driver_init
                0x00002828       0x54 zephyr/libzephyr.a(nrf_rtc_timer.c.obj)
                0x00002828                z_clock_driver_init
 .text.z_clock_set_timeout
                0x0000287c       0x64 zephyr/libzephyr.a(nrf_rtc_timer.c.obj)
                0x0000287c                z_clock_set_timeout
 .text.z_clock_elapsed
                0x000028e0       0x34 zephyr/libzephyr.a(nrf_rtc_timer.c.obj)
                0x000028e0                z_clock_elapsed
 .text.z_timer_cycle_get_32
                0x00002914       0x34 zephyr/libzephyr.a(nrf_rtc_timer.c.obj)
                0x00002914                z_timer_cycle_get_32
 .text.nrf_cc3xx_platform_abort_init
                0x00002948        0xc zephyr/libzephyr.a(nrf_cc3xx_platform_abort_zephyr.c.obj)
                0x00002948                nrf_cc3xx_platform_abort_init
 .text.mutex_unlock_platform
                0x00002954       0x60 zephyr/libzephyr.a(nrf_cc3xx_platform_mutex_zephyr.c.obj)
 .text.mutex_free_platform
                0x000029b4       0x48 zephyr/libzephyr.a(nrf_cc3xx_platform_mutex_zephyr.c.obj)
 .text.mutex_init_platform
                0x000029fc       0x70 zephyr/libzephyr.a(nrf_cc3xx_platform_mutex_zephyr.c.obj)
 .text.mutex_lock_platform
                0x00002a6c       0x68 zephyr/libzephyr.a(nrf_cc3xx_platform_mutex_zephyr.c.obj)
 .text.nrf_cc3xx_platform_mutex_init
                0x00002ad4       0x2c zephyr/libzephyr.a(nrf_cc3xx_platform_mutex_zephyr.c.obj)
                0x00002ad4                nrf_cc3xx_platform_mutex_init
 .text.tc_aes128_set_encrypt_key
                0x00002b00       0xa8 zephyr/libzephyr.a(aes_encrypt.c.obj)
                0x00002b00                tc_aes128_set_encrypt_key
 .text.tc_aes_encrypt
                0x00002ba8       0xd4 zephyr/libzephyr.a(aes_encrypt.c.obj)
                0x00002ba8                tc_aes_encrypt
 .text.compress
                0x00002c7c      0x1cc zephyr/libzephyr.a(sha256.c.obj)
 .text.tc_sha256_init
                0x00002e48       0x58 zephyr/libzephyr.a(sha256.c.obj)
                0x00002e48                tc_sha256_init
 .text.arch_swap
                0x00002ea0       0x38 zephyr/arch/arch/arm/core/aarch32/libarch__arm__core__aarch32.a(swap.c.obj)
                0x00002ea0                arch_swap
 .text.arch_irq_enable
                0x00002ed8       0x20 zephyr/arch/arch/arm/core/aarch32/libarch__arm__core__aarch32.a(irq_manage.c.obj)
                0x00002ed8                arch_irq_enable
 .text.arch_irq_is_enabled
                0x00002ef8       0x1c zephyr/arch/arch/arm/core/aarch32/libarch__arm__core__aarch32.a(irq_manage.c.obj)
                0x00002ef8                arch_irq_is_enabled
 .text.z_arm_irq_priority_set
                0x00002f14       0x2c zephyr/arch/arch/arm/core/aarch32/libarch__arm__core__aarch32.a(irq_manage.c.obj)
                0x00002f14                z_arm_irq_priority_set
 .text.arch_new_thread
                0x00002f40       0x38 zephyr/arch/arch/arm/core/aarch32/libarch__arm__core__aarch32.a(thread.c.obj)
                0x00002f40                arch_new_thread
 .text.arch_switch_to_main_thread
                0x00002f78       0x34 zephyr/arch/arch/arm/core/aarch32/libarch__arm__core__aarch32.a(thread.c.obj)
                0x00002f78                arch_switch_to_main_thread
 .text.z_arm_fatal_error
                0x00002fac       0x70 zephyr/arch/arch/arm/core/aarch32/libarch__arm__core__aarch32.a(fatal.c.obj)
                0x00002fac                z_arm_fatal_error
 .text.z_arm_prep_c
                0x0000301c       0x44 zephyr/arch/arch/arm/core/aarch32/libarch__arm__core__aarch32.a(prep_c.c.obj)
                0x0000301c                z_arm_prep_c
 .text.z_arm_pendsv
                0x00003060       0x58 zephyr/arch/arch/arm/core/aarch32/libarch__arm__core__aarch32.a(swap_helper.S.obj)
                0x00003060                z_arm_pendsv
 .text.z_arm_svc
                0x000030b8       0x20 zephyr/arch/arch/arm/core/aarch32/libarch__arm__core__aarch32.a(swap_helper.S.obj)
                0x000030b8                z_arm_svc
 .text.z_arm_cpu_idle_init
                0x000030d8        0xc zephyr/arch/arch/arm/core/aarch32/libarch__arm__core__aarch32.a(cpu_idle.S.obj)
                0x000030d8                z_arm_cpu_idle_init
 .text.arch_cpu_idle
                0x000030e4       0x1c zephyr/arch/arch/arm/core/aarch32/libarch__arm__core__aarch32.a(cpu_idle.S.obj)
                0x000030e4                arch_cpu_idle
 .text.arch_cpu_atomic_idle
                0x00003100       0x14 zephyr/arch/arch/arm/core/aarch32/libarch__arm__core__aarch32.a(cpu_idle.S.obj)
                0x00003100                arch_cpu_atomic_idle
 .text.z_SysNmiOnReset
                0x00003114        0x8 zephyr/arch/arch/arm/core/aarch32/libarch__arm__core__aarch32.a(nmi_on_reset.S.obj)
                0x00003114                z_SysNmiOnReset
 .text._isr_wrapper
                0x0000311c       0x40 zephyr/arch/arch/arm/core/aarch32/libarch__arm__core__aarch32.a(isr_wrapper.S.obj)
                0x0000311c                _isr_wrapper
 .text._reset_section
                0x0000315c       0x30 zephyr/arch/arch/arm/core/aarch32/cortex_m/libarch__arm__core__aarch32__cortex_m.a(reset.S.obj)
                0x0000315c                __start
                0x0000315c                z_arm_reset
 .text.__fault  0x0000318c       0x14 zephyr/arch/arch/arm/core/aarch32/cortex_m/libarch__arm__core__aarch32__cortex_m.a(fault_s.S.obj)
                0x0000318c                z_arm_usage_fault
                0x0000318c                z_arm_mpu_fault
                0x0000318c                z_arm_exc_spurious
                0x0000318c                z_arm_debug_monitor
                0x0000318c                z_arm_hard_fault
                0x0000318c                z_arm_bus_fault
 .text._HandlerModeExit
                0x000031a0       0x1c zephyr/arch/arch/arm/core/aarch32/cortex_m/libarch__arm__core__aarch32__cortex_m.a(exc_exit.S.obj)
                0x000031a0                z_arm_int_exit
                0x000031a0                z_arm_exc_exit
 .text.usage_fault.isra.0
                0x000031bc       0xd0 zephyr/arch/arch/arm/core/aarch32/cortex_m/libarch__arm__core__aarch32__cortex_m.a(fault.c.obj)
 .text.mem_manage_fault.isra.0
                0x0000328c       0xd0 zephyr/arch/arch/arm/core/aarch32/cortex_m/libarch__arm__core__aarch32__cortex_m.a(fault.c.obj)
 .text.bus_fault.isra.0
                0x0000335c       0xdc zephyr/arch/arch/arm/core/aarch32/cortex_m/libarch__arm__core__aarch32__cortex_m.a(fault.c.obj)
 .text.z_arm_fault
                0x00003438      0x198 zephyr/arch/arch/arm/core/aarch32/cortex_m/libarch__arm__core__aarch32__cortex_m.a(fault.c.obj)
                0x00003438                z_arm_fault
 .text.z_arm_fault_init
                0x000035d0       0x18 zephyr/arch/arch/arm/core/aarch32/cortex_m/libarch__arm__core__aarch32__cortex_m.a(fault.c.obj)
                0x000035d0                z_arm_fault_init
 .text.sys_arch_reboot
                0x000035e8       0x24 zephyr/arch/arch/arm/core/aarch32/cortex_m/libarch__arm__core__aarch32__cortex_m.a(scb.c.obj)
                0x000035e8                sys_arch_reboot
 .text.z_arm_interrupt_init
                0x0000360c       0x18 zephyr/arch/arch/arm/core/aarch32/cortex_m/libarch__arm__core__aarch32__cortex_m.a(irq_init.c.obj)
                0x0000360c                z_arm_interrupt_init
 .text.z_impl_k_thread_abort
                0x00003624       0x44 zephyr/arch/arch/arm/core/aarch32/cortex_m/libarch__arm__core__aarch32__cortex_m.a(thread_abort.c.obj)
                0x00003624                z_impl_k_thread_abort
 .text.z_arm_configure_static_mpu_regions
                0x00003668       0x38 zephyr/arch/arch/arm/core/aarch32/cortex_m/mpu/libarch__arm__core__aarch32__cortex_m__mpu.a(arm_core_mpu.c.obj)
                0x00003668                z_arm_configure_static_mpu_regions
 .text.region_init
                0x000036a0       0x30 zephyr/arch/arch/arm/core/aarch32/cortex_m/mpu/libarch__arm__core__aarch32__cortex_m__mpu.a(arm_mpu.c.obj)
 .text.region_allocate_and_init
                0x000036d0       0x34 zephyr/arch/arch/arm/core/aarch32/cortex_m/mpu/libarch__arm__core__aarch32__cortex_m__mpu.a(arm_mpu.c.obj)
 .text.mpu_configure_regions_and_partition.constprop.0
                0x00003704      0x174 zephyr/arch/arch/arm/core/aarch32/cortex_m/mpu/libarch__arm__core__aarch32__cortex_m__mpu.a(arm_mpu.c.obj)
 .text.arm_core_mpu_enable
                0x00003878       0x14 zephyr/arch/arch/arm/core/aarch32/cortex_m/mpu/libarch__arm__core__aarch32__cortex_m__mpu.a(arm_mpu.c.obj)
                0x00003878                arm_core_mpu_enable
 .text.arm_core_mpu_disable
                0x0000388c       0x10 zephyr/arch/arch/arm/core/aarch32/cortex_m/mpu/libarch__arm__core__aarch32__cortex_m__mpu.a(arm_mpu.c.obj)
                0x0000388c                arm_core_mpu_disable
 .text.arm_mpu_init
                0x0000389c       0x4c zephyr/arch/arch/arm/core/aarch32/cortex_m/mpu/libarch__arm__core__aarch32__cortex_m__mpu.a(arm_mpu.c.obj)
 .text.arm_core_mpu_configure_static_mpu_regions
                0x000038e8       0x14 zephyr/arch/arch/arm/core/aarch32/cortex_m/mpu/libarch__arm__core__aarch32__cortex_m__mpu.a(arm_mpu.c.obj)
                0x000038e8                arm_core_mpu_configure_static_mpu_regions
 .text.arm_core_mpu_mark_areas_for_dynamic_regions
                0x000038fc       0xac zephyr/arch/arch/arm/core/aarch32/cortex_m/mpu/libarch__arm__core__aarch32__cortex_m__mpu.a(arm_mpu.c.obj)
                0x000038fc                arm_core_mpu_mark_areas_for_dynamic_regions
 .text.__stdout_hook_install
                0x000039a8        0xc zephyr/lib/libc/minimal/liblib__libc__minimal.a(stdout_console.c.obj)
                0x000039a8                __stdout_hook_install
 .text.remoteproc_mgr_boot
                0x000039b4       0x34 zephyr/boards/boards/arm/nrf5340dk_nrf5340_cpuapp/libboards__arm__nrf5340dk_nrf5340.a(nrf5340_cpunet_reset.c.obj)
 .text.bt_hex_real
                0x000039e8       0x44 zephyr/subsys/bluetooth/common/libsubsys__bluetooth__common.a(log.c.obj)
                0x000039e8                bt_hex_real
 .text.bt_addr_le_str_real
                0x00003a2c       0x7c zephyr/subsys/bluetooth/common/libsubsys__bluetooth__common.a(log.c.obj)
                0x00003a2c                bt_addr_le_str_real
 .text.uuid_to_uuid128
                0x00003aa8       0x7c zephyr/subsys/bluetooth/host/libsubsys__bluetooth__host.a(uuid.c.obj)
 .text.bt_buf_get_rx
                0x00003b24       0x2c zephyr/subsys/bluetooth/host/libsubsys__bluetooth__host.a(buf.c.obj)
                0x00003b24                bt_buf_get_rx
 .text.bt_buf_get_cmd_complete
                0x00003b50       0x4c zephyr/subsys/bluetooth/host/libsubsys__bluetooth__host.a(buf.c.obj)
                0x00003b50                bt_buf_get_cmd_complete
 .text.bt_buf_get_evt
                0x00003b9c       0x54 zephyr/subsys/bluetooth/host/libsubsys__bluetooth__host.a(buf.c.obj)
                0x00003b9c                bt_buf_get_evt
 .text.ver_str  0x00003bf0       0x38 zephyr/subsys/bluetooth/host/libsubsys__bluetooth__host.a(hci_core.c.obj)
 .text.id_find  0x00003c28       0x30 zephyr/subsys/bluetooth/host/libsubsys__bluetooth__host.a(hci_core.c.obj)
 .text.valid_adv_param
                0x00003c58       0x88 zephyr/subsys/bluetooth/host/libsubsys__bluetooth__host.a(hci_core.c.obj)
 .text.hci_data_buf_overflow
                0x00003ce0       0x24 zephyr/subsys/bluetooth/host/libsubsys__bluetooth__host.a(hci_core.c.obj)
 .text.le_data_len_change
                0x00003d04       0x3c zephyr/subsys/bluetooth/host/libsubsys__bluetooth__host.a(hci_core.c.obj)
 .text.hci_disconn_complete_prio
                0x00003d40       0x50 zephyr/subsys/bluetooth/host/libsubsys__bluetooth__host.a(hci_core.c.obj)
 .text.hci_disconn_complete
                0x00003d90       0x54 zephyr/subsys/bluetooth/host/libsubsys__bluetooth__host.a(hci_core.c.obj)
 .text.hci_hardware_error
                0x00003de4       0x30 zephyr/subsys/bluetooth/host/libsubsys__bluetooth__host.a(hci_core.c.obj)
 .text.hci_vendor_event
                0x00003e14       0x38 zephyr/subsys/bluetooth/host/libsubsys__bluetooth__host.a(hci_core.c.obj)
 .text.le_conn_update_complete
                0x00003e4c       0x9c zephyr/subsys/bluetooth/host/libsubsys__bluetooth__host.a(hci_core.c.obj)
 .text.hci_cmd_done
                0x00003ee8       0xf4 zephyr/subsys/bluetooth/host/libsubsys__bluetooth__host.a(hci_core.c.obj)
 .text.handle_event
                0x00003fdc       0x84 zephyr/subsys/bluetooth/host/libsubsys__bluetooth__host.a(hci_core.c.obj)
 .text.hci_rx_thread
                0x00004060      0x150 zephyr/subsys/bluetooth/host/libsubsys__bluetooth__host.a(hci_core.c.obj)
 .text.hci_le_meta_event
                0x000041b0       0x20 zephyr/subsys/bluetooth/host/libsubsys__bluetooth__host.a(hci_core.c.obj)
 .text.find_pending_connect.part.0
                0x000041d0       0x3c zephyr/subsys/bluetooth/host/libsubsys__bluetooth__host.a(hci_core.c.obj)
 .text.id_create.isra.0
                0x0000420c       0x54 zephyr/subsys/bluetooth/host/libsubsys__bluetooth__host.a(hci_core.c.obj)
 .text.hci_num_completed_packets
                0x00004260      0x110 zephyr/subsys/bluetooth/host/libsubsys__bluetooth__host.a(hci_core.c.obj)
 .text.le_adv_start_add_conn
                0x00004370       0xa8 zephyr/subsys/bluetooth/host/libsubsys__bluetooth__host.a(hci_core.c.obj)
 .text.hci_cmd_status
                0x00004418       0x2c zephyr/subsys/bluetooth/host/libsubsys__bluetooth__host.a(hci_core.c.obj)
 .text.hci_cmd_complete
                0x00004444       0x30 zephyr/subsys/bluetooth/host/libsubsys__bluetooth__host.a(hci_core.c.obj)
 .text.bt_hci_cmd_create
                0x00004474       0x70 zephyr/subsys/bluetooth/host/libsubsys__bluetooth__host.a(hci_core.c.obj)
                0x00004474                bt_hci_cmd_create
 .text.bt_hci_cmd_send_sync
                0x000044e4       0xf0 zephyr/subsys/bluetooth/host/libsubsys__bluetooth__host.a(hci_core.c.obj)
                0x000044e4                bt_hci_cmd_send_sync
 .text.hci_le_read_max_data_len
                0x000045d4       0x54 zephyr/subsys/bluetooth/host/libsubsys__bluetooth__host.a(hci_core.c.obj)
 .text.set_random_address
                0x00004628       0x5c zephyr/subsys/bluetooth/host/libsubsys__bluetooth__host.a(hci_core.c.obj)
 .text.le_adv_set_random_addr.isra.0
                0x00004684       0xb4 zephyr/subsys/bluetooth/host/libsubsys__bluetooth__host.a(hci_core.c.obj)
 .text.hci_set_ad
                0x00004738       0xe4 zephyr/subsys/bluetooth/host/libsubsys__bluetooth__host.a(hci_core.c.obj)
 .text.le_adv_update.constprop.0
                0x0000481c       0xe8 zephyr/subsys/bluetooth/host/libsubsys__bluetooth__host.a(hci_core.c.obj)
 .text.set_le_adv_enable_legacy
                0x00004904       0x5c zephyr/subsys/bluetooth/host/libsubsys__bluetooth__host.a(hci_core.c.obj)
 .text.bt_send  0x00004960       0x10 zephyr/subsys/bluetooth/host/libsubsys__bluetooth__host.a(hci_core.c.obj)
                0x00004960                bt_send
 .text.bt_hci_cmd_send
                0x00004970       0x64 zephyr/subsys/bluetooth/host/libsubsys__bluetooth__host.a(hci_core.c.obj)
                0x00004970                bt_hci_cmd_send
 .text.bt_hci_host_num_completed_packets
                0x000049d4       0xe0 zephyr/subsys/bluetooth/host/libsubsys__bluetooth__host.a(hci_core.c.obj)
                0x000049d4                bt_hci_host_num_completed_packets
 .text.conn_auto_initiate
                0x00004ab4       0xf4 zephyr/subsys/bluetooth/host/libsubsys__bluetooth__host.a(hci_core.c.obj)
 .text.le_phy_update_complete
                0x00004ba8       0x64 zephyr/subsys/bluetooth/host/libsubsys__bluetooth__host.a(hci_core.c.obj)
 .text.le_remote_feat_complete
                0x00004c0c       0x60 zephyr/subsys/bluetooth/host/libsubsys__bluetooth__host.a(hci_core.c.obj)
 .text.le_conn_param_neg_reply
                0x00004c6c       0x54 zephyr/subsys/bluetooth/host/libsubsys__bluetooth__host.a(hci_core.c.obj)
 .text.le_conn_param_req
                0x00004cc0       0xd0 zephyr/subsys/bluetooth/host/libsubsys__bluetooth__host.a(hci_core.c.obj)
 .text.hci_tx_thread
                0x00004d90      0x188 zephyr/subsys/bluetooth/host/libsubsys__bluetooth__host.a(hci_core.c.obj)
 .text.hci_event_prio
                0x00004f18       0xa4 zephyr/subsys/bluetooth/host/libsubsys__bluetooth__host.a(hci_core.c.obj)
                0x00004f18                hci_event_prio
 .text.bt_recv  0x00004fbc       0x68 zephyr/subsys/bluetooth/host/libsubsys__bluetooth__host.a(hci_core.c.obj)
                0x00004fbc                bt_recv
 .text.bt_hci_driver_register
                0x00005024       0x28 zephyr/subsys/bluetooth/host/libsubsys__bluetooth__host.a(hci_core.c.obj)
                0x00005024                bt_hci_driver_register
 .text.bt_finalize_init
                0x0000504c       0xd8 zephyr/subsys/bluetooth/host/libsubsys__bluetooth__host.a(hci_core.c.obj)
                0x0000504c                bt_finalize_init
 .text.bt_get_name
                0x00005124        0x8 zephyr/subsys/bluetooth/host/libsubsys__bluetooth__host.a(hci_core.c.obj)
                0x00005124                bt_get_name
 .text.bt_id_create
                0x0000512c       0x88 zephyr/subsys/bluetooth/host/libsubsys__bluetooth__host.a(hci_core.c.obj)
                0x0000512c                bt_id_create
 .text.bt_setup_public_id_addr
                0x000051b4       0xa0 zephyr/subsys/bluetooth/host/libsubsys__bluetooth__host.a(hci_core.c.obj)
                0x000051b4                bt_setup_public_id_addr
 .text.bt_read_static_addr
                0x00005254       0xb4 zephyr/subsys/bluetooth/host/libsubsys__bluetooth__host.a(hci_core.c.obj)
                0x00005254                bt_read_static_addr
 .text.bt_setup_random_id_addr
                0x00005308       0x58 zephyr/subsys/bluetooth/host/libsubsys__bluetooth__host.a(hci_core.c.obj)
                0x00005308                bt_setup_random_id_addr
 .text.hci_init
                0x00005360      0x550 zephyr/subsys/bluetooth/host/libsubsys__bluetooth__host.a(hci_core.c.obj)
 .text.bt_enable
                0x000058b0      0x138 zephyr/subsys/bluetooth/host/libsubsys__bluetooth__host.a(hci_core.c.obj)
                0x000058b0                bt_enable
 .text.init_work
                0x000059e8       0x2c zephyr/subsys/bluetooth/host/libsubsys__bluetooth__host.a(hci_core.c.obj)
 .text.bt_le_adv_start_legacy
                0x00005a14      0x234 zephyr/subsys/bluetooth/host/libsubsys__bluetooth__host.a(hci_core.c.obj)
                0x00005a14                bt_le_adv_start_legacy
 .text.bt_le_adv_start
                0x00005c48       0x1c zephyr/subsys/bluetooth/host/libsubsys__bluetooth__host.a(hci_core.c.obj)
                0x00005c48                bt_le_adv_start
 .text.bt_le_adv_resume
                0x00005c64       0x6c zephyr/subsys/bluetooth/host/libsubsys__bluetooth__host.a(hci_core.c.obj)
                0x00005c64                bt_le_adv_resume
 .text.enh_conn_complete
                0x00005cd0      0x190 zephyr/subsys/bluetooth/host/libsubsys__bluetooth__host.a(hci_core.c.obj)
 .text.prng_reseed.constprop.0
                0x00005e60       0x98 zephyr/subsys/bluetooth/host/libsubsys__bluetooth__host.a(crypto.c.obj)
 .text.prng_init
                0x00005ef8       0x70 zephyr/subsys/bluetooth/host/libsubsys__bluetooth__host.a(crypto.c.obj)
                0x00005ef8                prng_init
 .text.bt_rand  0x00005f68       0x30 zephyr/subsys/bluetooth/host/libsubsys__bluetooth__host.a(crypto.c.obj)
                0x00005f68                bt_rand
 .text.tx_free  0x00005f98       0x14 zephyr/subsys/bluetooth/host/libsubsys__bluetooth__host.a(conn.c.obj)
 .text.notify_connected
                0x00005fac       0x2c zephyr/subsys/bluetooth/host/libsubsys__bluetooth__host.a(conn.c.obj)
 .text.send_frag
                0x00005fd8      0x138 zephyr/subsys/bluetooth/host/libsubsys__bluetooth__host.a(conn.c.obj)
 .text.bt_conn_get_pkts
                0x00006110        0x8 zephyr/subsys/bluetooth/host/libsubsys__bluetooth__host.a(conn.c.obj)
                0x00006110                bt_conn_get_pkts
 .text.notify_le_param_updated
                0x00006118       0x60 zephyr/subsys/bluetooth/host/libsubsys__bluetooth__host.a(conn.c.obj)
                0x00006118                notify_le_param_updated
 .text.le_param_req
                0x00006178       0x40 zephyr/subsys/bluetooth/host/libsubsys__bluetooth__host.a(conn.c.obj)
                0x00006178                le_param_req
 .text.bt_conn_cb_register
                0x000061b8       0x10 zephyr/subsys/bluetooth/host/libsubsys__bluetooth__host.a(conn.c.obj)
                0x000061b8                bt_conn_cb_register
 .text.conn_cleanup
                0x000061c8       0x44 zephyr/subsys/bluetooth/host/libsubsys__bluetooth__host.a(conn.c.obj)
 .text.bt_conn_recv
                0x0000620c      0x114 zephyr/subsys/bluetooth/host/libsubsys__bluetooth__host.a(conn.c.obj)
                0x0000620c                bt_conn_recv
 .text.bt_conn_send_cb
                0x00006320       0xd8 zephyr/subsys/bluetooth/host/libsubsys__bluetooth__host.a(conn.c.obj)
                0x00006320                bt_conn_send_cb
 .text.bt_conn_prepare_events
                0x000063f8       0x70 zephyr/subsys/bluetooth/host/libsubsys__bluetooth__host.a(conn.c.obj)
                0x000063f8                bt_conn_prepare_events
 .text.bt_conn_add_le
                0x00006468       0x58 zephyr/subsys/bluetooth/host/libsubsys__bluetooth__host.a(conn.c.obj)
                0x00006468                bt_conn_add_le
 .text.bt_conn_lookup_handle
                0x000064c0       0x18 zephyr/subsys/bluetooth/host/libsubsys__bluetooth__host.a(conn.c.obj)
                0x000064c0                bt_conn_lookup_handle
 .text.bt_conn_set_state
                0x000064d8      0x1d8 zephyr/subsys/bluetooth/host/libsubsys__bluetooth__host.a(conn.c.obj)
                0x000064d8                bt_conn_set_state
 .text.bt_conn_lookup_addr_le
                0x000066b0       0x3c zephyr/subsys/bluetooth/host/libsubsys__bluetooth__host.a(conn.c.obj)
                0x000066b0                bt_conn_lookup_addr_le
 .text.bt_conn_exists_le
                0x000066ec       0x50 zephyr/subsys/bluetooth/host/libsubsys__bluetooth__host.a(conn.c.obj)
                0x000066ec                bt_conn_exists_le
 .text.bt_conn_lookup_state_le
                0x0000673c       0x48 zephyr/subsys/bluetooth/host/libsubsys__bluetooth__host.a(conn.c.obj)
                0x0000673c                bt_conn_lookup_state_le
 .text.send_conn_le_param_update
                0x00006784       0x5c zephyr/subsys/bluetooth/host/libsubsys__bluetooth__host.a(conn.c.obj)
 .text.deferred_work
                0x000067e0       0x8c zephyr/subsys/bluetooth/host/libsubsys__bluetooth__host.a(conn.c.obj)
 .text.bt_conn_create_pdu_timeout
                0x0000686c       0x48 zephyr/subsys/bluetooth/host/libsubsys__bluetooth__host.a(conn.c.obj)
                0x0000686c                bt_conn_create_pdu_timeout
 .text.bt_conn_create_frag_timeout
                0x000068b4        0xc zephyr/subsys/bluetooth/host/libsubsys__bluetooth__host.a(conn.c.obj)
                0x000068b4                bt_conn_create_frag_timeout
 .text.create_frag.isra.0
                0x000068c0       0x6c zephyr/subsys/bluetooth/host/libsubsys__bluetooth__host.a(conn.c.obj)
 .text.bt_conn_process_tx
                0x0000692c       0xc8 zephyr/subsys/bluetooth/host/libsubsys__bluetooth__host.a(conn.c.obj)
                0x0000692c                bt_conn_process_tx
 .text.bt_conn_index
                0x000069f4       0x18 zephyr/subsys/bluetooth/host/libsubsys__bluetooth__host.a(conn.c.obj)
                0x000069f4                bt_conn_index
 .text.bt_conn_lookup_index
                0x00006a0c       0x10 zephyr/subsys/bluetooth/host/libsubsys__bluetooth__host.a(conn.c.obj)
                0x00006a0c                bt_conn_lookup_index
 .text.bt_conn_init
                0x00006a1c       0x40 zephyr/subsys/bluetooth/host/libsubsys__bluetooth__host.a(conn.c.obj)
                0x00006a1c                bt_conn_init
 .text.l2cap_accept
                0x00006a5c       0x44 zephyr/subsys/bluetooth/host/libsubsys__bluetooth__host.a(l2cap.c.obj)
 .text.l2cap_create_le_sig_pdu.isra.0
                0x00006aa0       0x50 zephyr/subsys/bluetooth/host/libsubsys__bluetooth__host.a(l2cap.c.obj)
 .text.l2cap_rtx_timeout
                0x00006af0       0x3c zephyr/subsys/bluetooth/host/libsubsys__bluetooth__host.a(l2cap.c.obj)
 .text.bt_l2cap_connected
                0x00006b2c       0xac zephyr/subsys/bluetooth/host/libsubsys__bluetooth__host.a(l2cap.c.obj)
                0x00006b2c                bt_l2cap_connected
 .text.l2cap_recv
                0x00006bd8       0xe4 zephyr/subsys/bluetooth/host/libsubsys__bluetooth__host.a(l2cap.c.obj)
 .text.bt_l2cap_recv
                0x00006cbc       0x70 zephyr/subsys/bluetooth/host/libsubsys__bluetooth__host.a(l2cap.c.obj)
                0x00006cbc                bt_l2cap_recv
 .text.bt_l2cap_update_conn_param
                0x00006d2c       0x5c zephyr/subsys/bluetooth/host/libsubsys__bluetooth__host.a(l2cap.c.obj)
                0x00006d2c                bt_l2cap_update_conn_param
 .text.att_cfm_sent
                0x00006d88       0x10 zephyr/subsys/bluetooth/host/libsubsys__bluetooth__host.a(att.c.obj)
 .text.att_rsp_sent
                0x00006d98       0x10 zephyr/subsys/bluetooth/host/libsubsys__bluetooth__host.a(att.c.obj)
 .text.att_req_sent
                0x00006da8       0x10 zephyr/subsys/bluetooth/host/libsubsys__bluetooth__host.a(att.c.obj)
 .text.bt_att_released
                0x00006db8       0x18 zephyr/subsys/bluetooth/host/libsubsys__bluetooth__host.a(att.c.obj)
 .text.read_group_cb
                0x00006dd0       0xac zephyr/subsys/bluetooth/host/libsubsys__bluetooth__host.a(att.c.obj)
 .text.read_type_cb
                0x00006e7c       0xa8 zephyr/subsys/bluetooth/host/libsubsys__bluetooth__host.a(att.c.obj)
 .text.find_type_cb
                0x00006f24      0x164 zephyr/subsys/bluetooth/host/libsubsys__bluetooth__host.a(att.c.obj)
 .text.chan_send
                0x00007088       0xec zephyr/subsys/bluetooth/host/libsubsys__bluetooth__host.a(att.c.obj)
 .text.att_get  0x00007174       0x7c zephyr/subsys/bluetooth/host/libsubsys__bluetooth__host.a(att.c.obj)
 .text.chan_req_sent
                0x000071f0       0x1c zephyr/subsys/bluetooth/host/libsubsys__bluetooth__host.a(att.c.obj)
 .text.bt_att_accept
                0x0000720c       0xd0 zephyr/subsys/bluetooth/host/libsubsys__bluetooth__host.a(att.c.obj)
 .text.bt_att_connected
                0x000072dc       0x60 zephyr/subsys/bluetooth/host/libsubsys__bluetooth__host.a(att.c.obj)
 .text.att_write_cmd
                0x0000733c       0x80 zephyr/subsys/bluetooth/host/libsubsys__bluetooth__host.a(att.c.obj)
 .text.bt_att_chan_create_pdu
                0x000073bc       0x88 zephyr/subsys/bluetooth/host/libsubsys__bluetooth__host.a(att.c.obj)
                0x000073bc                bt_att_chan_create_pdu
 .text.att_indicate
                0x00007444       0x3c zephyr/subsys/bluetooth/host/libsubsys__bluetooth__host.a(att.c.obj)
 .text.send_err_rsp.part.0
                0x00007480       0x40 zephyr/subsys/bluetooth/host/libsubsys__bluetooth__host.a(att.c.obj)
 .text.bt_att_recv
                0x000074c0      0x150 zephyr/subsys/bluetooth/host/libsubsys__bluetooth__host.a(att.c.obj)
 .text.att_write_req
                0x00007610       0xbc zephyr/subsys/bluetooth/host/libsubsys__bluetooth__host.a(att.c.obj)
 .text.bt_att_create_pdu
                0x000076cc       0x70 zephyr/subsys/bluetooth/host/libsubsys__bluetooth__host.a(att.c.obj)
                0x000076cc                bt_att_create_pdu
 .text.att_read_group_req
                0x0000773c      0x108 zephyr/subsys/bluetooth/host/libsubsys__bluetooth__host.a(att.c.obj)
 .text.att_read_mult_req
                0x00007844       0x8c zephyr/subsys/bluetooth/host/libsubsys__bluetooth__host.a(att.c.obj)
 .text.att_read_rsp
                0x000078d0       0x94 zephyr/subsys/bluetooth/host/libsubsys__bluetooth__host.a(att.c.obj)
 .text.att_read_type_req
                0x00007964       0xc8 zephyr/subsys/bluetooth/host/libsubsys__bluetooth__host.a(att.c.obj)
 .text.att_find_type_req
                0x00007a2c       0xdc zephyr/subsys/bluetooth/host/libsubsys__bluetooth__host.a(att.c.obj)
 .text.att_find_info_req
                0x00007b08       0x78 zephyr/subsys/bluetooth/host/libsubsys__bluetooth__host.a(att.c.obj)
 .text.att_mtu_req
                0x00007b80       0x60 zephyr/subsys/bluetooth/host/libsubsys__bluetooth__host.a(att.c.obj)
 .text.bt_att_req_alloc
                0x00007be0       0x2c zephyr/subsys/bluetooth/host/libsubsys__bluetooth__host.a(att.c.obj)
                0x00007be0                bt_att_req_alloc
 .text.bt_att_req_free
                0x00007c0c       0x18 zephyr/subsys/bluetooth/host/libsubsys__bluetooth__host.a(att.c.obj)
                0x00007c0c                bt_att_req_free
 .text.att_handle_rsp
                0x00007c24       0x98 zephyr/subsys/bluetooth/host/libsubsys__bluetooth__host.a(att.c.obj)
 .text.att_error_rsp
                0x00007cbc       0x34 zephyr/subsys/bluetooth/host/libsubsys__bluetooth__host.a(att.c.obj)
 .text.att_reset
                0x00007cf0       0x64 zephyr/subsys/bluetooth/host/libsubsys__bluetooth__host.a(att.c.obj)
 .text.att_timeout
                0x00007d54       0x48 zephyr/subsys/bluetooth/host/libsubsys__bluetooth__host.a(att.c.obj)
 .text.bt_att_req_cancel
                0x00007d9c       0x60 zephyr/subsys/bluetooth/host/libsubsys__bluetooth__host.a(att.c.obj)
                0x00007d9c                bt_att_req_cancel
 .text.find_cf_cfg
                0x00007dfc       0x3c zephyr/subsys/bluetooth/host/libsubsys__bluetooth__host.a(gatt.c.obj)
 .text.find_sc_cfg
                0x00007e38       0x20 zephyr/subsys/bluetooth/host/libsubsys__bluetooth__host.a(gatt.c.obj)
 .text.gatt_sub_find
                0x00007e58       0x3c zephyr/subsys/bluetooth/host/libsubsys__bluetooth__host.a(gatt.c.obj)
 .text.bt_gatt_attr_write_ccc
                0x00007e94       0xd4 zephyr/subsys/bluetooth/host/libsubsys__bluetooth__host.a(gatt.c.obj)
                0x00007e94                bt_gatt_attr_write_ccc
 .text.sc_save  0x00007f68       0x70 zephyr/subsys/bluetooth/host/libsubsys__bluetooth__host.a(gatt.c.obj)
 .text.gatt_send.constprop.0
                0x00007fd8       0x78 zephyr/subsys/bluetooth/host/libsubsys__bluetooth__host.a(gatt.c.obj)
 .text.gatt_indicate
                0x00008050       0x80 zephyr/subsys/bluetooth/host/libsubsys__bluetooth__host.a(gatt.c.obj)
 .text.gatt_write_ccc.constprop.0
                0x000080d0       0x60 zephyr/subsys/bluetooth/host/libsubsys__bluetooth__host.a(gatt.c.obj)
 .text.cf_write
                0x00008130       0xc0 zephyr/subsys/bluetooth/host/libsubsys__bluetooth__host.a(gatt.c.obj)
 .text.sc_indicate_rsp
                0x000081f0       0x50 zephyr/subsys/bluetooth/host/libsubsys__bluetooth__host.a(gatt.c.obj)
 .text.gatt_notify
                0x00008240       0x74 zephyr/subsys/bluetooth/host/libsubsys__bluetooth__host.a(gatt.c.obj)
 .text.notify_cb
                0x000082b4       0xc8 zephyr/subsys/bluetooth/host/libsubsys__bluetooth__host.a(gatt.c.obj)
 .text.read_ppcp
                0x0000837c       0x38 zephyr/subsys/bluetooth/host/libsubsys__bluetooth__host.a(gatt.c.obj)
 .text.disconnected_cb
                0x000083b4       0x9c zephyr/subsys/bluetooth/host/libsubsys__bluetooth__host.a(gatt.c.obj)
 .text.bt_gatt_init
                0x00008450       0xa4 zephyr/subsys/bluetooth/host/libsubsys__bluetooth__host.a(gatt.c.obj)
                0x00008450                bt_gatt_init
 .text.bt_gatt_attr_get_handle
                0x000084f4       0x60 zephyr/subsys/bluetooth/host/libsubsys__bluetooth__host.a(gatt.c.obj)
                0x000084f4                bt_gatt_attr_get_handle
 .text.bt_gatt_foreach_attr_type
                0x00008554       0xb4 zephyr/subsys/bluetooth/host/libsubsys__bluetooth__host.a(gatt.c.obj)
                0x00008554                bt_gatt_foreach_attr_type
 .text.db_hash_gen.isra.0
                0x00008608       0x90 zephyr/subsys/bluetooth/host/libsubsys__bluetooth__host.a(gatt.c.obj)
 .text.bt_gatt_notify_cb
                0x00008698       0xe8 zephyr/subsys/bluetooth/host/libsubsys__bluetooth__host.a(gatt.c.obj)
                0x00008698                bt_gatt_notify_cb
 .text.bt_gatt_indicate
                0x00008780       0xf0 zephyr/subsys/bluetooth/host/libsubsys__bluetooth__host.a(gatt.c.obj)
                0x00008780                bt_gatt_indicate
 .text.sc_process
                0x00008870       0x60 zephyr/subsys/bluetooth/host/libsubsys__bluetooth__host.a(gatt.c.obj)
 .text.update_ccc
                0x000088d0       0xf4 zephyr/subsys/bluetooth/host/libsubsys__bluetooth__host.a(gatt.c.obj)
 .text.bt_gatt_mult_notification
                0x000089c4       0xbc zephyr/subsys/bluetooth/host/libsubsys__bluetooth__host.a(gatt.c.obj)
                0x000089c4                bt_gatt_mult_notification
 .text.bt_gatt_connected
                0x00008a80       0x68 zephyr/subsys/bluetooth/host/libsubsys__bluetooth__host.a(gatt.c.obj)
                0x00008a80                bt_gatt_connected
 .text.db_hash_read
                0x00008ae8       0x4c zephyr/subsys/bluetooth/host/libsubsys__bluetooth__host.a(gatt.c.obj)
 .text.bt_gatt_disconnected
                0x00008b34       0xcc zephyr/subsys/bluetooth/host/libsubsys__bluetooth__host.a(gatt.c.obj)
                0x00008b34                bt_gatt_disconnected
 .text.bt_smp_accept
                0x00008c00       0x44 zephyr/subsys/bluetooth/host/libsubsys__bluetooth__host.a(smp_null.c.obj)
 .text.net_buf_pool_get
                0x00008c44       0x10 zephyr/subsys/net/libsubsys__net.a(buf.c.obj)
                0x00008c44                net_buf_pool_get
 .text.net_buf_id
                0x00008c54       0x20 zephyr/subsys/net/libsubsys__net.a(buf.c.obj)
                0x00008c54                net_buf_id
 .text.fixed_data_alloc
                0x00008c74       0x30 zephyr/subsys/net/libsubsys__net.a(buf.c.obj)
 .text.net_buf_alloc_len
                0x00008ca4      0x118 zephyr/subsys/net/libsubsys__net.a(buf.c.obj)
                0x00008ca4                net_buf_alloc_len
 .text.net_buf_unref
                0x00008dbc       0x68 zephyr/subsys/net/libsubsys__net.a(buf.c.obj)
                0x00008dbc                net_buf_unref
 .text.gpio_nrfx_init
                0x00008e24       0x30 zephyr/drivers/gpio/libdrivers__gpio.a(gpio_nrfx.c.obj)
 .text.gpio_nrfx_config
                0x00008e54       0xc0 zephyr/drivers/gpio/libdrivers__gpio.a(gpio_nrfx.c.obj)
 .text.nrf_gpio_cfg_sense_set
                0x00008f14       0x30 zephyr/drivers/gpio/libdrivers__gpio.a(gpio_nrfx.c.obj)
 .text.gpio_nrfx_pin_interrupt_configure
                0x00008f44      0x1a8 zephyr/drivers/gpio/libdrivers__gpio.a(gpio_nrfx.c.obj)
 .text.gpiote_event_handler
                0x000090ec       0xbc zephyr/drivers/gpio/libdrivers__gpio.a(gpio_nrfx.c.obj)
 .text.vipm_nrf_1_register_callback
                0x000091a8       0x10 zephyr/drivers/ipm/libdrivers__ipm.a(ipm_nrfx_ipc.c.obj)
 .text.vipm_nrf_0_set_enabled
                0x000091b8       0x28 zephyr/drivers/ipm/libdrivers__ipm.a(ipm_nrfx_ipc.c.obj)
 .text.vipm_nrf_0_register_callback
                0x000091e0       0x20 zephyr/drivers/ipm/libdrivers__ipm.a(ipm_nrfx_ipc.c.obj)
 .text.vipm_nrf_1_send
                0x00009200       0x28 zephyr/drivers/ipm/libdrivers__ipm.a(ipm_nrfx_ipc.c.obj)
 .text.vipm_nrf_init
                0x00009228       0x40 zephyr/drivers/ipm/libdrivers__ipm.a(ipm_nrfx_ipc.c.obj)
 .text.vipm_dispatcher
                0x00009268       0x48 zephyr/drivers/ipm/libdrivers__ipm.a(ipm_nrfx_ipc.c.obj)
 .text.vipm_nrf_0_send
                0x000092b0       0x5c zephyr/drivers/ipm/libdrivers__ipm.a(ipm_nrfx_ipc.c.obj)
 .text.uarte_nrfx_configure
                0x0000930c      0x180 zephyr/drivers/serial/libdrivers__serial.a(uart_nrfx_uarte.c.obj)
 .text.uarte_nrfx_poll_out
                0x0000948c       0xb8 zephyr/drivers/serial/libdrivers__serial.a(uart_nrfx_uarte.c.obj)
 .text.nrf_gpio_cfg_output
                0x00009544       0x28 zephyr/drivers/serial/libdrivers__serial.a(uart_nrfx_uarte.c.obj)
 .text.nrf_gpio_pin_set
                0x0000956c       0x24 zephyr/drivers/serial/libdrivers__serial.a(uart_nrfx_uarte.c.obj)
 .text.uarte_0_init
                0x00009590      0x110 zephyr/drivers/serial/libdrivers__serial.a(uart_nrfx_uarte.c.obj)
 .text.k_sys_fatal_error_handler
                0x000096a0       0x2c modules/nrf/lib/fatal_error/lib..__nrf__lib__fatal_error.a(fatal_error.c.obj)
                0x000096a0                k_sys_fatal_error_handler
 .text.nrf53_errata_42
                0x000096cc       0x28 modules/hal_nordic/libmodules__hal_nordic.a(system_nrf5340_application.c.obj)
 .text.SystemCoreClockUpdate
                0x000096f4       0x20 modules/hal_nordic/libmodules__hal_nordic.a(system_nrf5340_application.c.obj)
                0x000096f4                SystemCoreClockUpdate
 .text.SystemInit
                0x00009714      0x104 modules/hal_nordic/libmodules__hal_nordic.a(system_nrf5340_application.c.obj)
                0x00009714                SystemInit
 .text.nrfx_clock_init
                0x00009818       0x20 modules/hal_nordic/libmodules__hal_nordic.a(nrfx_clock.c.obj)
                0x00009818                nrfx_clock_init
 .text.nrfx_clock_start
                0x00009838       0xa8 modules/hal_nordic/libmodules__hal_nordic.a(nrfx_clock.c.obj)
                0x00009838                nrfx_clock_start
 .text.nrfx_clock_stop
                0x000098e0       0xdc modules/hal_nordic/libmodules__hal_nordic.a(nrfx_clock.c.obj)
                0x000098e0                nrfx_clock_stop
 .text.nrfx_power_clock_irq_handler
                0x000099bc       0xb0 modules/hal_nordic/libmodules__hal_nordic.a(nrfx_clock.c.obj)
                0x000099bc                nrfx_power_clock_irq_handler
 .text.nrfx_dppi_channel_alloc
                0x00009a6c       0x38 modules/hal_nordic/libmodules__hal_nordic.a(nrfx_dppi.c.obj)
                0x00009a6c                nrfx_dppi_channel_alloc
 .text.nrfx_gpiote_channel_free
                0x00009aa4       0x44 modules/hal_nordic/libmodules__hal_nordic.a(nrfx_gpiote.c.obj)
                0x00009aa4                nrfx_gpiote_channel_free
 .text.nrfx_gpiote_channel_alloc
                0x00009ae8       0x70 modules/hal_nordic/libmodules__hal_nordic.a(nrfx_gpiote.c.obj)
                0x00009ae8                nrfx_gpiote_channel_alloc
 .text.nrfx_ipc_init
                0x00009b58       0x30 modules/hal_nordic/libmodules__hal_nordic.a(nrfx_ipc.c.obj)
                0x00009b58                nrfx_ipc_init
 .text.nrfx_ipc_config_load
                0x00009b88       0x40 modules/hal_nordic/libmodules__hal_nordic.a(nrfx_ipc.c.obj)
                0x00009b88                nrfx_ipc_config_load
 .text.nrfx_ipc_receive_event_enable
                0x00009bc8       0x10 modules/hal_nordic/libmodules__hal_nordic.a(nrfx_ipc.c.obj)
                0x00009bc8                nrfx_ipc_receive_event_enable
 .text.nrfx_ipc_receive_event_disable
                0x00009bd8       0x10 modules/hal_nordic/libmodules__hal_nordic.a(nrfx_ipc.c.obj)
                0x00009bd8                nrfx_ipc_receive_event_disable
 .text.nrfx_ipc_irq_handler
                0x00009be8       0x40 modules/hal_nordic/libmodules__hal_nordic.a(nrfx_ipc.c.obj)
                0x00009be8                nrfx_ipc_irq_handler
 .text.metal_generic_dev_open
                0x00009c28       0x40 modules/libmetal/libmetal/lib/libmetal.a(device.c.obj)
                0x00009c28                metal_generic_dev_open
 .text.metal_bus_find
                0x00009c68       0x3c modules/libmetal/libmetal/lib/libmetal.a(device.c.obj)
                0x00009c68                metal_bus_find
 .text.metal_bus_register
                0x00009ca4       0x68 modules/libmetal/libmetal/lib/libmetal.a(device.c.obj)
                0x00009ca4                metal_bus_register
 .text.metal_register_generic_device
                0x00009d0c       0x40 modules/libmetal/libmetal/lib/libmetal.a(device.c.obj)
                0x00009d0c                metal_register_generic_device
 .text.metal_init
                0x00009d4c       0x40 modules/libmetal/libmetal/lib/libmetal.a(init.c.obj)
                0x00009d4c                metal_init
 .text.metal_sys_init
                0x00009d8c       0x10 modules/libmetal/libmetal/lib/libmetal.a(init.c.obj)
                0x00009d8c                metal_sys_init
 .text.metal_zephyr_log_handler
                0x00009d9c       0x3c modules/libmetal/libmetal/lib/libmetal.a(log.c.obj)
                0x00009d9c                metal_zephyr_log_handler
 .text.virtio_create_virtqueues
                0x00009dd8       0xa0 modules/open-amp/open-amp/lib/libopen_amp.a(virtio.c.obj)
                0x00009dd8                virtio_create_virtqueues
 .text.virtqueue_add_consumed_buffer
                0x00009e78       0x38 modules/open-amp/open-amp/lib/libopen_amp.a(virtqueue.c.obj)
                0x00009e78                virtqueue_add_consumed_buffer
 .text.rpmsg_send_offchannel_raw
                0x00009eb0       0x24 modules/open-amp/open-amp/lib/libopen_amp.a(rpmsg.c.obj)
                0x00009eb0                rpmsg_send_offchannel_raw
 .text.rpmsg_create_ept
                0x00009ed4       0xfc modules/open-amp/open-amp/lib/libopen_amp.a(rpmsg.c.obj)
                0x00009ed4                rpmsg_create_ept
 .text.rpmsg_virtio_send_offchannel_raw
                0x00009fd0      0x178 modules/open-amp/open-amp/lib/libopen_amp.a(rpmsg_virtio.c.obj)
 .text.rpmsg_init_vdev
                0x0000a148      0x1c4 modules/open-amp/open-amp/lib/libopen_amp.a(rpmsg_virtio.c.obj)
                0x0000a148                rpmsg_init_vdev
 .text.z_sys_init_run_level
                0x0000a30c       0x50 zephyr/kernel/libkernel.a(device.c.obj)
                0x0000a30c                z_sys_init_run_level
 .text.z_device_ready
                0x0000a35c       0x2c zephyr/kernel/libkernel.a(device.c.obj)
                0x0000a35c                z_device_ready
 .text.z_impl_device_get_binding
                0x0000a388       0x50 zephyr/kernel/libkernel.a(device.c.obj)
                0x0000a388                z_impl_device_get_binding
 .text.z_fatal_error
                0x0000a3d8       0xc4 zephyr/kernel/libkernel.a(fatal.c.obj)
                0x0000a3d8                z_fatal_error
 .text.idle     0x0000a49c       0x60 zephyr/kernel/libkernel.a(idle.c.obj)
                0x0000a49c                idle
 .text.z_bss_zero
                0x0000a4fc       0x14 zephyr/kernel/libkernel.a(init.c.obj)
                0x0000a4fc                z_bss_zero
 .text.bg_thread_main
                0x0000a510       0x34 zephyr/kernel/libkernel.a(init.c.obj)
 .text.z_cstart
                0x0000a544      0x104 zephyr/kernel/libkernel.a(init.c.obj)
                0x0000a544                z_cstart
 .text.statics_init
                0x0000a648       0x24 zephyr/kernel/libkernel.a(kheap.c.obj)
 .text.init_mem_slab_module
                0x0000a66c       0x44 zephyr/kernel/libkernel.a(mem_slab.c.obj)
 .text.k_mem_slab_alloc
                0x0000a6b0       0x64 zephyr/kernel/libkernel.a(mem_slab.c.obj)
                0x0000a6b0                k_mem_slab_alloc
 .text.k_mem_slab_free
                0x0000a714       0x58 zephyr/kernel/libkernel.a(mem_slab.c.obj)
                0x0000a714                k_mem_slab_free
 .text.z_impl_k_mutex_lock
                0x0000a76c       0xf0 zephyr/kernel/libkernel.a(mutex.c.obj)
                0x0000a76c                z_impl_k_mutex_lock
 .text.z_impl_k_mutex_unlock
                0x0000a85c       0x90 zephyr/kernel/libkernel.a(mutex.c.obj)
                0x0000a85c                z_impl_k_mutex_unlock
 .text.z_impl_k_queue_get
                0x0000a8ec       0x68 zephyr/kernel/libkernel.a(queue.c.obj)
                0x0000a8ec                z_impl_k_queue_get
 .text.z_reset_time_slice
                0x0000a954       0x2c zephyr/kernel/libkernel.a(sched.c.obj)
                0x0000a954                z_reset_time_slice
 .text.k_sched_time_slice_set
                0x0000a980       0x58 zephyr/kernel/libkernel.a(sched.c.obj)
                0x0000a980                k_sched_time_slice_set
 .text.z_reschedule
                0x0000a9d8       0x24 zephyr/kernel/libkernel.a(sched.c.obj)
                0x0000a9d8                z_reschedule
 .text.k_sched_lock
                0x0000a9fc       0x28 zephyr/kernel/libkernel.a(sched.c.obj)
                0x0000a9fc                k_sched_lock
 .text.z_priq_dumb_remove
                0x0000aa24       0x2c zephyr/kernel/libkernel.a(sched.c.obj)
                0x0000aa24                z_priq_dumb_remove
 .text.update_cache
                0x0000aa50       0x50 zephyr/kernel/libkernel.a(sched.c.obj)
 .text.k_sched_unlock
                0x0000aaa0       0x38 zephyr/kernel/libkernel.a(sched.c.obj)
                0x0000aaa0                k_sched_unlock
 .text.ready_thread
                0x0000aad8       0x70 zephyr/kernel/libkernel.a(sched.c.obj)
 .text.z_sched_start
                0x0000ab48       0x3c zephyr/kernel/libkernel.a(sched.c.obj)
                0x0000ab48                z_sched_start
 .text.move_thread_to_end_of_prio_q
                0x0000ab84       0x74 zephyr/kernel/libkernel.a(sched.c.obj)
 .text.z_time_slice
                0x0000abf8       0x84 zephyr/kernel/libkernel.a(sched.c.obj)
                0x0000abf8                z_time_slice
 .text.z_impl_k_thread_suspend
                0x0000ac7c       0x68 zephyr/kernel/libkernel.a(sched.c.obj)
                0x0000ac7c                z_impl_k_thread_suspend
 .text.z_thread_single_abort
                0x0000ace4      0x104 zephyr/kernel/libkernel.a(sched.c.obj)
                0x0000ace4                z_thread_single_abort
 .text.unready_thread
                0x0000ade8       0x34 zephyr/kernel/libkernel.a(sched.c.obj)
 .text.pend     0x0000ae1c       0x4c zephyr/kernel/libkernel.a(sched.c.obj)
 .text.z_pend_curr
                0x0000ae68       0x28 zephyr/kernel/libkernel.a(sched.c.obj)
                0x0000ae68                z_pend_curr
 .text.z_tick_sleep.part.0
                0x0000ae90       0x74 zephyr/kernel/libkernel.a(sched.c.obj)
 .text.z_set_prio
                0x0000af04       0x88 zephyr/kernel/libkernel.a(sched.c.obj)
                0x0000af04                z_set_prio
 .text.z_sched_init
                0x0000af8c       0x18 zephyr/kernel/libkernel.a(sched.c.obj)
                0x0000af8c                z_sched_init
 .text.z_impl_k_yield
                0x0000afa4       0x9c zephyr/kernel/libkernel.a(sched.c.obj)
                0x0000afa4                z_impl_k_yield
 .text.z_impl_k_sleep
                0x0000b040       0x44 zephyr/kernel/libkernel.a(sched.c.obj)
                0x0000b040                z_impl_k_sleep
 .text.z_impl_k_current_get
                0x0000b084        0xc zephyr/kernel/libkernel.a(sched.c.obj)
                0x0000b084                z_impl_k_current_get
 .text.z_impl_k_sem_give
                0x0000b090       0x4c zephyr/kernel/libkernel.a(sem.c.obj)
                0x0000b090                z_impl_k_sem_give
 .text.z_impl_k_sem_take
                0x0000b0dc       0x54 zephyr/kernel/libkernel.a(sem.c.obj)
                0x0000b0dc                z_impl_k_sem_take
 .text.k_sys_work_q_init
                0x0000b130       0x30 zephyr/kernel/libkernel.a(system_work_q.c.obj)
 .text.z_setup_new_thread
                0x0000b160       0x60 zephyr/kernel/libkernel.a(thread.c.obj)
                0x0000b160                z_setup_new_thread
 .text.z_impl_k_thread_create
                0x0000b1c0       0x58 zephyr/kernel/libkernel.a(thread.c.obj)
                0x0000b1c0                z_impl_k_thread_create
 .text.z_init_static_threads
                0x0000b218       0xbc zephyr/kernel/libkernel.a(thread.c.obj)
                0x0000b218                z_init_static_threads
 .text.z_self_abort
                0x0000b2d4       0x28 zephyr/kernel/libkernel.a(thread_abort.c.obj)
                0x0000b2d4                z_self_abort
 .text.k_work_q_start
                0x0000b2fc       0x4c zephyr/kernel/libkernel.a(work_q.c.obj)
                0x0000b2fc                k_work_q_start
 .text.k_delayed_work_submit_to_queue
                0x0000b348       0x80 zephyr/kernel/libkernel.a(work_q.c.obj)
                0x0000b348                k_delayed_work_submit_to_queue
 .text.boot_banner
                0x0000b3c8       0x18 zephyr/kernel/libkernel.a(banner.c.obj)
                0x0000b3c8                boot_banner
 .text.z_data_copy
                0x0000b3e0       0x34 zephyr/kernel/libkernel.a(xip.c.obj)
                0x0000b3e0                z_data_copy
 .text.elapsed  0x0000b414       0x14 zephyr/kernel/libkernel.a(timeout.c.obj)
 .text.remove_timeout
                0x0000b428       0x34 zephyr/kernel/libkernel.a(timeout.c.obj)
 .text.next_timeout
                0x0000b45c       0x58 zephyr/kernel/libkernel.a(timeout.c.obj)
 .text.z_add_timeout
                0x0000b4b4      0x11c zephyr/kernel/libkernel.a(timeout.c.obj)
                0x0000b4b4                z_add_timeout
 .text.z_clock_announce
                0x0000b5d0       0xd4 zephyr/kernel/libkernel.a(timeout.c.obj)
                0x0000b5d0                z_clock_announce
 .text.z_tick_get
                0x0000b6a4       0x34 zephyr/kernel/libkernel.a(timeout.c.obj)
                0x0000b6a4                z_tick_get
 .text.z_timer_expiration_handler
                0x0000b6d8       0x4c zephyr/kernel/libkernel.a(timer.c.obj)
                0x0000b6d8                z_timer_expiration_handler
 .text.z_impl_k_timer_start
                0x0000b724       0xb8 zephyr/kernel/libkernel.a(timer.c.obj)
                0x0000b724                z_impl_k_timer_start
 .text.z_impl_k_poll
                0x0000b7dc       0xb8 zephyr/kernel/libkernel.a(poll.c.obj)
                0x0000b7dc                z_impl_k_poll
 .text.z_impl_k_poll_signal_raise
                0x0000b894       0x50 zephyr/kernel/libkernel.a(poll.c.obj)
                0x0000b894                z_impl_k_poll_signal_raise
 .text.k_aligned_alloc
                0x0000b8e4       0x10 zephyr/kernel/libkernel.a(mempool.c.obj)
                0x0000b8e4                k_aligned_alloc
 .text.z_thread_aligned_alloc
                0x0000b8f4       0x30 zephyr/kernel/libkernel.a(mempool.c.obj)
                0x0000b8f4                z_thread_aligned_alloc
 .text.nrf_cc3xx_platform_init_no_rng
                0x0000b924       0x38 C:/Users/VAI/ncs/v1.5.1/nrfxlib/crypto/nrf_cc312_platform/lib/cortex-m33/soft-float/no-interrupts/libnrf_cc312_platform_0.9.7.a(nrf_cc3xx_platform.c.obj)
                0x0000b924                nrf_cc3xx_platform_init_no_rng
 .text.nrf_cc3xx_platform_abort
                0x0000b95c       0x24 C:/Users/VAI/ncs/v1.5.1/nrfxlib/crypto/nrf_cc312_platform/lib/cortex-m33/soft-float/no-interrupts/libnrf_cc312_platform_0.9.7.a(nrf_cc3xx_platform_abort.c.obj)
 .text.CC_PalAbort
                0x0000b980       0x40 C:/Users/VAI/ncs/v1.5.1/nrfxlib/crypto/nrf_cc312_platform/lib/cortex-m33/soft-float/no-interrupts/libnrf_cc312_platform_0.9.7.a(nrf_cc3xx_platform_abort.c.obj)
                0x0000b980                CC_PalAbort
 .text.nrf_cc3xx_platform_set_abort
                0x0000b9c0       0x10 C:/Users/VAI/ncs/v1.5.1/nrfxlib/crypto/nrf_cc312_platform/lib/cortex-m33/soft-float/no-interrupts/libnrf_cc312_platform_0.9.7.a(nrf_cc3xx_platform_abort.c.obj)
                0x0000b9c0                nrf_cc3xx_platform_set_abort
 .text.mutex_unlock
                0x0000b9d0       0x20 C:/Users/VAI/ncs/v1.5.1/nrfxlib/crypto/nrf_cc312_platform/lib/cortex-m33/soft-float/no-interrupts/libnrf_cc312_platform_0.9.7.a(nrf_cc3xx_platform_mutex.c.obj)
 .text.mutex_free
                0x0000b9f0       0x24 C:/Users/VAI/ncs/v1.5.1/nrfxlib/crypto/nrf_cc312_platform/lib/cortex-m33/soft-float/no-interrupts/libnrf_cc312_platform_0.9.7.a(nrf_cc3xx_platform_mutex.c.obj)
 .text.mutex_init
                0x0000ba14       0x20 C:/Users/VAI/ncs/v1.5.1/nrfxlib/crypto/nrf_cc312_platform/lib/cortex-m33/soft-float/no-interrupts/libnrf_cc312_platform_0.9.7.a(nrf_cc3xx_platform_mutex.c.obj)
 .text.mutex_lock
                0x0000ba34       0x30 C:/Users/VAI/ncs/v1.5.1/nrfxlib/crypto/nrf_cc312_platform/lib/cortex-m33/soft-float/no-interrupts/libnrf_cc312_platform_0.9.7.a(nrf_cc3xx_platform_mutex.c.obj)
 .text.nrf_cc3xx_platform_set_mutexes
                0x0000ba64       0x38 C:/Users/VAI/ncs/v1.5.1/nrfxlib/crypto/nrf_cc312_platform/lib/cortex-m33/soft-float/no-interrupts/libnrf_cc312_platform_0.9.7.a(nrf_cc3xx_platform_mutex.c.obj)
                0x0000ba64                nrf_cc3xx_platform_set_mutexes
 .text.CC_LibInitNoRng
                0x0000ba9c       0x24 C:/Users/VAI/ncs/v1.5.1/nrfxlib/crypto/nrf_cc312_platform/lib/cortex-m33/soft-float/no-interrupts/libnrf_cc312_platform_0.9.7.a(cc_lib.c.obj)
                0x0000ba9c                CC_LibInitNoRng
 .text.CC_HalInit
                0x0000bac0        0x4 C:/Users/VAI/ncs/v1.5.1/nrfxlib/crypto/nrf_cc312_platform/lib/cortex-m33/soft-float/no-interrupts/libnrf_cc312_platform_0.9.7.a(cc_hal.c.obj)
                0x0000bac0                CC_HalInit
 .text.CC_PalInit
                0x0000bac4       0x5c C:/Users/VAI/ncs/v1.5.1/nrfxlib/crypto/nrf_cc312_platform/lib/cortex-m33/soft-float/no-interrupts/libnrf_cc312_platform_0.9.7.a(cc_pal.c.obj)
                0x0000bac4                CC_PalInit
 .text.CC_PalTerminate
                0x0000bb20       0x34 C:/Users/VAI/ncs/v1.5.1/nrfxlib/crypto/nrf_cc312_platform/lib/cortex-m33/soft-float/no-interrupts/libnrf_cc312_platform_0.9.7.a(cc_pal.c.obj)
                0x0000bb20                CC_PalTerminate
 .text.CC_PalDmaInit
                0x0000bb54        0x4 C:/Users/VAI/ncs/v1.5.1/nrfxlib/crypto/nrf_cc312_platform/lib/cortex-m33/soft-float/no-interrupts/libnrf_cc312_platform_0.9.7.a(cc_pal_dma.c.obj)
                0x0000bb54                CC_PalDmaInit
 .text.CC_PalDmaTerminate
                0x0000bb58        0x4 C:/Users/VAI/ncs/v1.5.1/nrfxlib/crypto/nrf_cc312_platform/lib/cortex-m33/soft-float/no-interrupts/libnrf_cc312_platform_0.9.7.a(cc_pal_dma.c.obj)
                0x0000bb58                CC_PalDmaTerminate
 .text.CC_PalMutexCreate
                0x0000bb5c       0x14 C:/Users/VAI/ncs/v1.5.1/nrfxlib/crypto/nrf_cc312_platform/lib/cortex-m33/soft-float/no-interrupts/libnrf_cc312_platform_0.9.7.a(cc_pal_mutex.c.obj)
                0x0000bb5c                CC_PalMutexCreate
 .text.CC_PalMutexDestroy
                0x0000bb70       0x14 C:/Users/VAI/ncs/v1.5.1/nrfxlib/crypto/nrf_cc312_platform/lib/cortex-m33/soft-float/no-interrupts/libnrf_cc312_platform_0.9.7.a(cc_pal_mutex.c.obj)
                0x0000bb70                CC_PalMutexDestroy
 .text.CC_PalPowerSaveModeInit
                0x0000bb84       0x3c C:/Users/VAI/ncs/v1.5.1/nrfxlib/crypto/nrf_cc312_platform/lib/cortex-m33/soft-float/no-interrupts/libnrf_cc312_platform_0.9.7.a(cc_pal_pm.c.obj)
                0x0000bb84                CC_PalPowerSaveModeInit
 .text.gpio_pin_get
                0x0000bbc0       0x28 app/libapp.a(button_svc.c.obj)
 .text.gpio_pin_configure.constprop.0
                0x0000bbe8       0x22 app/libapp.a(button_svc.c.obj)
 .text.sensor_init
                0x0000bc0a        0xa app/libapp.a(button_svc.c.obj)
                0x0000bc0a                sensor_init
 .text.sys_notify_validate
                0x0000bc14       0x28 zephyr/libzephyr.a(notify.c.obj)
                0x0000bc14                sys_notify_validate
 .text.sys_notify_finalize
                0x0000bc3c       0x32 zephyr/libzephyr.a(notify.c.obj)
                0x0000bc3c                sys_notify_finalize
 .text.arch_printk_char_out
                0x0000bc6e        0x4 zephyr/libzephyr.a(printk.c.obj)
                0x0000bc6e                arch_printk_char_out
 .text.str_out  0x0000bc72       0x26 zephyr/libzephyr.a(printk.c.obj)
 .text.printk   0x0000bc98       0x1a zephyr/libzephyr.a(printk.c.obj)
                0x0000bc98                printk
 .text.snprintk
                0x0000bcb2       0x1a zephyr/libzephyr.a(printk.c.obj)
                0x0000bcb2                snprintk
 .text.process_recheck
                0x0000bccc       0x38 zephyr/libzephyr.a(onoff.c.obj)
 .text.notify_one
                0x0000bd04       0x2c zephyr/libzephyr.a(onoff.c.obj)
 .text.transition_complete
                0x0000bd30       0x1c zephyr/libzephyr.a(onoff.c.obj)
 .text.validate_args
                0x0000bd4c       0x1e zephyr/libzephyr.a(onoff.c.obj)
 .text.onoff_manager_init
                0x0000bd6a       0x26 zephyr/libzephyr.a(onoff.c.obj)
                0x0000bd6a                onoff_manager_init
 .text.onoff_request
                0x0000bd90       0x92 zephyr/libzephyr.a(onoff.c.obj)
                0x0000bd90                onoff_request
 .text.z_thread_entry
                0x0000be22       0x14 zephyr/libzephyr.a(thread_entry.c.obj)
                0x0000be22                z_thread_entry
 .text.z_work_q_main
                0x0000be36       0x3a zephyr/libzephyr.a(work_q.c.obj)
                0x0000be36                z_work_q_main
 .text.chunk_field
                0x0000be70       0x16 zephyr/libzephyr.a(heap.c.obj)
 .text.chunk_set
                0x0000be86       0x16 zephyr/libzephyr.a(heap.c.obj)
 .text.chunk_size
                0x0000be9c        0xc zephyr/libzephyr.a(heap.c.obj)
 .text.set_chunk_used
                0x0000bea8       0x30 zephyr/libzephyr.a(heap.c.obj)
 .text.set_chunk_size
                0x0000bed8        0x8 zephyr/libzephyr.a(heap.c.obj)
 .text.bucket_idx
                0x0000bee0       0x1a zephyr/libzephyr.a(heap.c.obj)
 .text.merge_chunks
                0x0000befa       0x3c zephyr/libzephyr.a(heap.c.obj)
 .text.split_chunks
                0x0000bf36       0x4e zephyr/libzephyr.a(heap.c.obj)
 .text.free_list_remove_bidx
                0x0000bf84       0x5e zephyr/libzephyr.a(heap.c.obj)
 .text.alloc_chunk
                0x0000bfe2       0x82 zephyr/libzephyr.a(heap.c.obj)
 .text.free_list_add
                0x0000c064       0x8a zephyr/libzephyr.a(heap.c.obj)
 .text.free_list_remove
                0x0000c0ee       0x2e zephyr/libzephyr.a(heap.c.obj)
 .text.free_chunk
                0x0000c11c       0x84 zephyr/libzephyr.a(heap.c.obj)
 .text.sys_heap_free
                0x0000c1a0       0x2c zephyr/libzephyr.a(heap.c.obj)
                0x0000c1a0                sys_heap_free
 .text.sys_heap_alloc
                0x0000c1cc       0x6e zephyr/libzephyr.a(heap.c.obj)
                0x0000c1cc                sys_heap_alloc
 .text.sys_heap_aligned_alloc
                0x0000c23a       0xba zephyr/libzephyr.a(heap.c.obj)
                0x0000c23a                sys_heap_aligned_alloc
 .text.sys_heap_init
                0x0000c2f4       0xa4 zephyr/libzephyr.a(heap.c.obj)
                0x0000c2f4                sys_heap_init
 .text.encode_uint
                0x0000c398       0x96 zephyr/libzephyr.a(cbprintf_complete.c.obj)
 .text.outs     0x0000c42e       0x2c zephyr/libzephyr.a(cbprintf_complete.c.obj)
 .text._ConfigAbsSyms
                0x0000c45a        0x2 zephyr/libzephyr.a(configs.c.obj)
                0x0000c45a                _ConfigAbsSyms
 .text.z_platform_init
                0x0000c45c        0x4 zephyr/libzephyr.a(soc.c.obj)
                0x0000c45c                z_platform_init
 .text.log_list_init
                0x0000c460        0x8 zephyr/libzephyr.a(log_list.c.obj)
                0x0000c460                log_list_init
 .text.log_list_add_tail
                0x0000c468       0x14 zephyr/libzephyr.a(log_list.c.obj)
                0x0000c468                log_list_add_tail
 .text.log_list_head_peek
                0x0000c47c        0x4 zephyr/libzephyr.a(log_list.c.obj)
                0x0000c47c                log_list_head_peek
 .text.log_list_head_get
                0x0000c480        0xc zephyr/libzephyr.a(log_list.c.obj)
                0x0000c480                log_list_head_get
 .text.z_log_msg_std_alloc
                0x0000c48c       0x12 zephyr/libzephyr.a(log_core.c.obj)
 .text.k_cycle_get_32_wrapper
                0x0000c49e        0x4 zephyr/libzephyr.a(log_core.c.obj)
 .text.dummy_timestamp
                0x0000c4a2        0x4 zephyr/libzephyr.a(log_core.c.obj)
 .text.z_log_get_s_mask
                0x0000c4a6       0x40 zephyr/libzephyr.a(log_core.c.obj)
                0x0000c4a6                z_log_get_s_mask
 .text.log_0    0x0000c4e6       0x1a zephyr/libzephyr.a(log_core.c.obj)
                0x0000c4e6                log_0
 .text.log_1    0x0000c500       0x28 zephyr/libzephyr.a(log_core.c.obj)
                0x0000c500                log_1
 .text.log_2    0x0000c528       0x32 zephyr/libzephyr.a(log_core.c.obj)
                0x0000c528                log_2
 .text.log_3    0x0000c55a       0x38 zephyr/libzephyr.a(log_core.c.obj)
                0x0000c55a                log_3
 .text.log_n    0x0000c592       0x16 zephyr/libzephyr.a(log_core.c.obj)
                0x0000c592                log_n
 .text.log_msg_hexdump_data_op
                0x0000c5a8       0xac zephyr/libzephyr.a(log_msg.c.obj)
 .text.log_msg_get
                0x0000c654       0x12 zephyr/libzephyr.a(log_msg.c.obj)
                0x0000c654                log_msg_get
 .text.log_msg_nargs_get
                0x0000c666        0x6 zephyr/libzephyr.a(log_msg.c.obj)
                0x0000c666                log_msg_nargs_get
 .text.log_msg_arg_get
                0x0000c66c       0x3e zephyr/libzephyr.a(log_msg.c.obj)
                0x0000c66c                log_msg_arg_get
 .text.log_msg_put
                0x0000c6aa       0x1e zephyr/libzephyr.a(log_msg.c.obj)
                0x0000c6aa                log_msg_put
 .text.log_msg_str_get
                0x0000c6c8        0x4 zephyr/libzephyr.a(log_msg.c.obj)
                0x0000c6c8                log_msg_str_get
 .text.log_msg_create_n
                0x0000c6cc       0xa8 zephyr/libzephyr.a(log_msg.c.obj)
                0x0000c6cc                log_msg_create_n
 .text.log_msg_hexdump_data_get
                0x0000c774        0xe zephyr/libzephyr.a(log_msg.c.obj)
                0x0000c774                log_msg_hexdump_data_get
 .text.buffer_write
                0x0000c782       0x1a zephyr/libzephyr.a(log_output.c.obj)
 .text.std_print
                0x0000c79c      0x2ba zephyr/libzephyr.a(log_output.c.obj)
 .text.log_output_flush
                0x0000ca56       0x1a zephyr/libzephyr.a(log_output.c.obj)
                0x0000ca56                log_output_flush
 .text.out_func
                0x0000ca70       0x2e zephyr/libzephyr.a(log_output.c.obj)
 .text.virtio_get_status
                0x0000ca9e        0x4 zephyr/libzephyr.a(rpmsg_backend.c.obj)
 .text.virtio_get_features
                0x0000caa2        0x4 zephyr/libzephyr.a(rpmsg_backend.c.obj)
 .text.virtio_set_features
                0x0000caa6        0x2 zephyr/libzephyr.a(rpmsg_backend.c.obj)
 .text.virtqueue_allocate.constprop.0
                0x0000caa8       0x1a zephyr/libzephyr.a(rpmsg_backend.c.obj)
 .text.rpmsg_service_unbind
                0x0000cac2        0x4 zephyr/libzephyr.a(rpmsg_service.c.obj)
 .text.get_status
                0x0000cac6       0x12 zephyr/libzephyr.a(clock_control_nrf.c.obj)
 .text.set_off_state
                0x0000cad8       0x32 zephyr/libzephyr.a(clock_control_nrf.c.obj)
 .text.set_starting_state
                0x0000cb0a       0x3c zephyr/libzephyr.a(clock_control_nrf.c.obj)
 .text.set_on_state
                0x0000cb46       0x26 zephyr/libzephyr.a(clock_control_nrf.c.obj)
 .text.onoff_started_callback
                0x0000cb6c       0x12 zephyr/libzephyr.a(clock_control_nrf.c.obj)
 .text.hfclkaudio_start
                0x0000cb7e        0x6 zephyr/libzephyr.a(clock_control_nrf.c.obj)
 .text.hfclk192m_start
                0x0000cb84        0x6 zephyr/libzephyr.a(clock_control_nrf.c.obj)
 .text.lfclk_start
                0x0000cb8a        0x6 zephyr/libzephyr.a(clock_control_nrf.c.obj)
 .text.hfclkaudio_stop
                0x0000cb90        0x6 zephyr/libzephyr.a(clock_control_nrf.c.obj)
 .text.hfclk192m_stop
                0x0000cb96        0x6 zephyr/libzephyr.a(clock_control_nrf.c.obj)
 .text.lfclk_stop
                0x0000cb9c        0x6 zephyr/libzephyr.a(clock_control_nrf.c.obj)
 .text.blocking_start_callback
                0x0000cba2        0x6 zephyr/libzephyr.a(clock_control_nrf.c.obj)
 .text.api_stop
                0x0000cba8       0x28 zephyr/libzephyr.a(clock_control_nrf.c.obj)
 .text.api_start
                0x0000cbd0       0x34 zephyr/libzephyr.a(clock_control_nrf.c.obj)
 .text.bt_rpmsg_open
                0x0000cc04       0x16 zephyr/libzephyr.a(rpmsg.c.obj)
 .text.endpoint_cb
                0x0000cc1a        0xe zephyr/libzephyr.a(rpmsg_nrf53.c.obj)
 .text.z_clock_isr
                0x0000cc28        0x2 zephyr/libzephyr.a(sys_clock_init.c.obj)
                0x0000cc28                z_clock_isr
 .text.z_clock_idle_exit
                0x0000cc2a        0x2 zephyr/libzephyr.a(sys_clock_init.c.obj)
                0x0000cc2a                z_clock_idle_exit
 .text.sys_clock_disable
                0x0000cc2c        0x2 zephyr/libzephyr.a(sys_clock_init.c.obj)
                0x0000cc2c                sys_clock_disable
 .text.abort_function
                0x0000cc2e        0x6 zephyr/libzephyr.a(nrf_cc3xx_platform_abort_zephyr.c.obj)
 .text._copy    0x0000cc34       0x1a zephyr/libzephyr.a(utils.c.obj)
                0x0000cc34                _copy
 .text._set     0x0000cc4e        0x4 zephyr/libzephyr.a(utils.c.obj)
                0x0000cc4e                _set
 .text._double_byte
                0x0000cc52       0x12 zephyr/libzephyr.a(utils.c.obj)
                0x0000cc52                _double_byte
 .text.add_round_key
                0x0000cc64       0x8a zephyr/libzephyr.a(aes_encrypt.c.obj)
 .text.shift_rows
                0x0000ccee       0x72 zephyr/libzephyr.a(aes_encrypt.c.obj)
 .text.mult_row_column
                0x0000cd60       0x80 zephyr/libzephyr.a(aes_encrypt.c.obj)
 .text.gf_double
                0x0000cde0       0x2a zephyr/libzephyr.a(cmac_mode.c.obj)
                0x0000cde0                gf_double
 .text.tc_cmac_erase
                0x0000ce0a       0x10 zephyr/libzephyr.a(cmac_mode.c.obj)
                0x0000ce0a                tc_cmac_erase
 .text.tc_cmac_init
                0x0000ce1a       0x2c zephyr/libzephyr.a(cmac_mode.c.obj)
                0x0000ce1a                tc_cmac_init
 .text.tc_cmac_setup
                0x0000ce46       0x56 zephyr/libzephyr.a(cmac_mode.c.obj)
                0x0000ce46                tc_cmac_setup
 .text.tc_cmac_update
                0x0000ce9c       0xd8 zephyr/libzephyr.a(cmac_mode.c.obj)
                0x0000ce9c                tc_cmac_update
 .text.tc_cmac_final
                0x0000cf74       0x6c zephyr/libzephyr.a(cmac_mode.c.obj)
                0x0000cf74                tc_cmac_final
 .text.tc_sha256_update
                0x0000cfe0       0x4c zephyr/libzephyr.a(sha256.c.obj)
                0x0000cfe0                tc_sha256_update
 .text.tc_sha256_final
                0x0000d02c       0xba zephyr/libzephyr.a(sha256.c.obj)
                0x0000d02c                tc_sha256_final
 .text.rekey    0x0000d0e6       0x3a zephyr/libzephyr.a(hmac.c.obj)
 .text.tc_hmac_set_key
                0x0000d120       0x68 zephyr/libzephyr.a(hmac.c.obj)
                0x0000d120                tc_hmac_set_key
 .text.tc_hmac_init
                0x0000d188       0x1a zephyr/libzephyr.a(hmac.c.obj)
                0x0000d188                tc_hmac_init
 .text.tc_hmac_update
                0x0000d1a2        0xc zephyr/libzephyr.a(hmac.c.obj)
                0x0000d1a2                tc_hmac_update
 .text.tc_hmac_final
                0x0000d1ae       0x50 zephyr/libzephyr.a(hmac.c.obj)
                0x0000d1ae                tc_hmac_final
 .text.update   0x0000d1fe      0x122 zephyr/libzephyr.a(hmac_prng.c.obj)
 .text.tc_hmac_prng_init
                0x0000d320       0x40 zephyr/libzephyr.a(hmac_prng.c.obj)
                0x0000d320                tc_hmac_prng_init
 .text.tc_hmac_prng_reseed
                0x0000d360       0x32 zephyr/libzephyr.a(hmac_prng.c.obj)
                0x0000d360                tc_hmac_prng_reseed
 .text.tc_hmac_prng_generate
                0x0000d392       0x8e zephyr/libzephyr.a(hmac_prng.c.obj)
                0x0000d392                tc_hmac_prng_generate
 .text.z_irq_spurious
                0x0000d420        0x8 zephyr/arch/arch/arm/core/aarch32/libarch__arm__core__aarch32.a(irq_manage.c.obj)
                0x0000d420                z_irq_spurious
 .text.configure_builtin_stack_guard
                0x0000d428        0x8 zephyr/arch/arch/arm/core/aarch32/libarch__arm__core__aarch32.a(thread.c.obj)
                0x0000d428                configure_builtin_stack_guard
 .text.z_do_kernel_oops
                0x0000d430        0x8 zephyr/arch/arch/arm/core/aarch32/libarch__arm__core__aarch32.a(fatal.c.obj)
                0x0000d430                z_do_kernel_oops
 .text.z_arm_nmi
                0x0000d438        0xe zephyr/arch/arch/arm/core/aarch32/libarch__arm__core__aarch32.a(nmi.c.obj)
                0x0000d438                z_arm_nmi
 .text.mpu_configure_region
                0x0000d446       0x32 zephyr/arch/arch/arm/core/aarch32/cortex_m/mpu/libarch__arm__core__aarch32__cortex_m__mpu.a(arm_mpu.c.obj)
 .text.arm_cmse_mpu_region_get
                0x0000d478       0x12 zephyr/arch/arch/arm/core/aarch32/cortex_m/cmse/libarch__arm__core__aarch32__cortex_m__cmse.a(arm_core_cmse.c.obj)
                0x0000d478                arm_cmse_mpu_region_get
 .text.strcpy   0x0000d48a       0x14 zephyr/lib/libc/minimal/liblib__libc__minimal.a(string.c.obj)
                0x0000d48a                strcpy
 .text.strncpy  0x0000d49e       0x26 zephyr/lib/libc/minimal/liblib__libc__minimal.a(string.c.obj)
                0x0000d49e                strncpy
 .text.strlen   0x0000d4c4        0xe zephyr/lib/libc/minimal/liblib__libc__minimal.a(string.c.obj)
                0x0000d4c4                strlen
 .text.strnlen  0x0000d4d2       0x12 zephyr/lib/libc/minimal/liblib__libc__minimal.a(string.c.obj)
                0x0000d4d2                strnlen
 .text.strcmp   0x0000d4e4       0x18 zephyr/lib/libc/minimal/liblib__libc__minimal.a(string.c.obj)
                0x0000d4e4                strcmp
 .text.strncmp  0x0000d4fc       0x1e zephyr/lib/libc/minimal/liblib__libc__minimal.a(string.c.obj)
                0x0000d4fc                strncmp
 .text.memcmp   0x0000d51a       0x20 zephyr/lib/libc/minimal/liblib__libc__minimal.a(string.c.obj)
                0x0000d51a                memcmp
 .text.memcpy   0x0000d53a       0x56 zephyr/lib/libc/minimal/liblib__libc__minimal.a(string.c.obj)
                0x0000d53a                memcpy
 .text.memset   0x0000d590       0x46 zephyr/lib/libc/minimal/liblib__libc__minimal.a(string.c.obj)
                0x0000d590                memset
 .text._stdout_hook_default
                0x0000d5d6        0x6 zephyr/lib/libc/minimal/liblib__libc__minimal.a(stdout_console.c.obj)
 .text.bt_uuid_cmp
                0x0000d5dc       0x54 zephyr/subsys/bluetooth/host/libsubsys__bluetooth__host.a(uuid.c.obj)
                0x0000d5dc                bt_uuid_cmp
 .text.bt_uuid_create
                0x0000d630       0x50 zephyr/subsys/bluetooth/host/libsubsys__bluetooth__host.a(uuid.c.obj)
                0x0000d630                bt_uuid_create
 .text.bt_addr_le_create_static
                0x0000d680       0x1c zephyr/subsys/bluetooth/host/libsubsys__bluetooth__host.a(addr.c.obj)
                0x0000d680                bt_addr_le_create_static
 .text.bt_hci_evt_get_flags
                0x0000d69c       0x24 zephyr/subsys/bluetooth/host/libsubsys__bluetooth__host.a(hci_core.c.obj)
 .text.get_adv_channel_map
                0x0000d6c0       0x1e zephyr/subsys/bluetooth/host/libsubsys__bluetooth__host.a(hci_core.c.obj)
 .text.atomic_get
                0x0000d6de        0x6 zephyr/subsys/bluetooth/host/libsubsys__bluetooth__host.a(hci_core.c.obj)
 .text.bt_addr_le_copy
                0x0000d6e4        0x6 zephyr/subsys/bluetooth/host/libsubsys__bluetooth__host.a(hci_core.c.obj)
 .text.bt_addr_le_cmp
                0x0000d6ea        0x6 zephyr/subsys/bluetooth/host/libsubsys__bluetooth__host.a(hci_core.c.obj)
 .text.atomic_or
                0x0000d6f0       0x16 zephyr/subsys/bluetooth/host/libsubsys__bluetooth__host.a(hci_core.c.obj)
 .text.atomic_and
                0x0000d706       0x16 zephyr/subsys/bluetooth/host/libsubsys__bluetooth__host.a(hci_core.c.obj)
 .text.atomic_set_bit_to
                0x0000d71c       0x22 zephyr/subsys/bluetooth/host/libsubsys__bluetooth__host.a(hci_core.c.obj)
 .text.bt_hci_disconnect
                0x0000d73e       0x36 zephyr/subsys/bluetooth/host/libsubsys__bluetooth__host.a(hci_core.c.obj)
                0x0000d73e                bt_hci_disconnect
 .text.bt_le_conn_params_valid
                0x0000d774       0x40 zephyr/subsys/bluetooth/host/libsubsys__bluetooth__host.a(hci_core.c.obj)
                0x0000d774                bt_le_conn_params_valid
 .text.bt_le_set_data_len
                0x0000d7b4       0x3a zephyr/subsys/bluetooth/host/libsubsys__bluetooth__host.a(hci_core.c.obj)
                0x0000d7b4                bt_le_set_data_len
 .text.bt_le_set_phy
                0x0000d7ee       0x4c zephyr/subsys/bluetooth/host/libsubsys__bluetooth__host.a(hci_core.c.obj)
                0x0000d7ee                bt_le_set_phy
 .text.bt_addr_le_is_bonded
                0x0000d83a        0x4 zephyr/subsys/bluetooth/host/libsubsys__bluetooth__host.a(hci_core.c.obj)
                0x0000d83a                bt_addr_le_is_bonded
 .text.le_enh_conn_complete
                0x0000d83e        0x6 zephyr/subsys/bluetooth/host/libsubsys__bluetooth__host.a(hci_core.c.obj)
 .text.le_legacy_conn_complete
                0x0000d844       0x72 zephyr/subsys/bluetooth/host/libsubsys__bluetooth__host.a(hci_core.c.obj)
 .text.tx_notify
                0x0000d8b6       0x46 zephyr/subsys/bluetooth/host/libsubsys__bluetooth__host.a(conn.c.obj)
 .text.tx_complete_work
                0x0000d8fc        0x6 zephyr/subsys/bluetooth/host/libsubsys__bluetooth__host.a(conn.c.obj)
 .text.bt_conn_new
                0x0000d902       0x44 zephyr/subsys/bluetooth/host/libsubsys__bluetooth__host.a(conn.c.obj)
                0x0000d902                bt_conn_new
 .text.bt_conn_get_security
                0x0000d946        0x4 zephyr/subsys/bluetooth/host/libsubsys__bluetooth__host.a(conn.c.obj)
                0x0000d946                bt_conn_get_security
 .text.bt_conn_reset_rx_state
                0x0000d94a       0x12 zephyr/subsys/bluetooth/host/libsubsys__bluetooth__host.a(conn.c.obj)
                0x0000d94a                bt_conn_reset_rx_state
 .text.bt_conn_is_peer_addr_le
                0x0000d95c       0x40 zephyr/subsys/bluetooth/host/libsubsys__bluetooth__host.a(conn.c.obj)
                0x0000d95c                bt_conn_is_peer_addr_le
 .text.bt_conn_ref
                0x0000d99c       0x28 zephyr/subsys/bluetooth/host/libsubsys__bluetooth__host.a(conn.c.obj)
                0x0000d99c                bt_conn_ref
 .text.bt_conn_unref
                0x0000d9c4       0x1c zephyr/subsys/bluetooth/host/libsubsys__bluetooth__host.a(conn.c.obj)
                0x0000d9c4                bt_conn_unref
 .text.conn_lookup_handle
                0x0000d9e0       0x44 zephyr/subsys/bluetooth/host/libsubsys__bluetooth__host.a(conn.c.obj)
                0x0000d9e0                conn_lookup_handle
 .text.bt_conn_le_conn_update
                0x0000da24       0x50 zephyr/subsys/bluetooth/host/libsubsys__bluetooth__host.a(conn.c.obj)
                0x0000da24                bt_conn_le_conn_update
 .text.l2cap_connected
                0x0000da74        0x2 zephyr/subsys/bluetooth/host/libsubsys__bluetooth__host.a(l2cap.c.obj)
 .text.l2cap_disconnected
                0x0000da76        0x2 zephyr/subsys/bluetooth/host/libsubsys__bluetooth__host.a(l2cap.c.obj)
 .text.bt_l2cap_chan_remove
                0x0000da78       0x44 zephyr/subsys/bluetooth/host/libsubsys__bluetooth__host.a(l2cap.c.obj)
                0x0000da78                bt_l2cap_chan_remove
 .text.bt_l2cap_chan_del
                0x0000dabc       0x2a zephyr/subsys/bluetooth/host/libsubsys__bluetooth__host.a(l2cap.c.obj)
                0x0000dabc                bt_l2cap_chan_del
 .text.bt_l2cap_disconnected
                0x0000dae6       0x2c zephyr/subsys/bluetooth/host/libsubsys__bluetooth__host.a(l2cap.c.obj)
                0x0000dae6                bt_l2cap_disconnected
 .text.bt_l2cap_create_pdu_timeout
                0x0000db12        0x6 zephyr/subsys/bluetooth/host/libsubsys__bluetooth__host.a(l2cap.c.obj)
                0x0000db12                bt_l2cap_create_pdu_timeout
 .text.bt_l2cap_send_cb
                0x0000db18       0x32 zephyr/subsys/bluetooth/host/libsubsys__bluetooth__host.a(l2cap.c.obj)
                0x0000db18                bt_l2cap_send_cb
 .text.bt_l2cap_le_lookup_tx_cid
                0x0000db4a       0x20 zephyr/subsys/bluetooth/host/libsubsys__bluetooth__host.a(l2cap.c.obj)
                0x0000db4a                bt_l2cap_le_lookup_tx_cid
 .text.bt_l2cap_le_lookup_rx_cid
                0x0000db6a       0x20 zephyr/subsys/bluetooth/host/libsubsys__bluetooth__host.a(l2cap.c.obj)
                0x0000db6a                bt_l2cap_le_lookup_rx_cid
 .text.bt_l2cap_init
                0x0000db8a        0x2 zephyr/subsys/bluetooth/host/libsubsys__bluetooth__host.a(l2cap.c.obj)
                0x0000db8a                bt_l2cap_init
 .text.sys_slist_get
                0x0000db8c       0x14 zephyr/subsys/bluetooth/host/libsubsys__bluetooth__host.a(att.c.obj)
 .text.sys_slist_find_and_remove
                0x0000dba0       0x36 zephyr/subsys/bluetooth/host/libsubsys__bluetooth__host.a(att.c.obj)
 .text.net_buf_frags_len
                0x0000dbd6       0x10 zephyr/subsys/bluetooth/host/libsubsys__bluetooth__host.a(att.c.obj)
 .text.att_sent
                0x0000dbe6        0xc zephyr/subsys/bluetooth/host/libsubsys__bluetooth__host.a(att.c.obj)
                0x0000dbe6                att_sent
 .text.attr_read_type_cb
                0x0000dbf2       0x20 zephyr/subsys/bluetooth/host/libsubsys__bluetooth__host.a(att.c.obj)
 .text.att_prepare_write_req
                0x0000dc12        0x4 zephyr/subsys/bluetooth/host/libsubsys__bluetooth__host.a(att.c.obj)
 .text.att_op_get_type
                0x0000dc16       0x5a zephyr/subsys/bluetooth/host/libsubsys__bluetooth__host.a(att.c.obj)
 .text.att_notify_mult
                0x0000dc70       0x12 zephyr/subsys/bluetooth/host/libsubsys__bluetooth__host.a(att.c.obj)
 .text.att_notify
                0x0000dc82       0x20 zephyr/subsys/bluetooth/host/libsubsys__bluetooth__host.a(att.c.obj)
 .text.bt_gatt_foreach_attr
                0x0000dca2       0x16 zephyr/subsys/bluetooth/host/libsubsys__bluetooth__host.a(att.c.obj)
 .text.att_chan_read
                0x0000dcb8      0x116 zephyr/subsys/bluetooth/host/libsubsys__bluetooth__host.a(att.c.obj)
 .text.find_info_cb
                0x0000ddce       0x98 zephyr/subsys/bluetooth/host/libsubsys__bluetooth__host.a(att.c.obj)
 .text.attr_read_group_cb
                0x0000de66       0x20 zephyr/subsys/bluetooth/host/libsubsys__bluetooth__host.a(att.c.obj)
 .text.bt_att_chan_send
                0x0000de86       0x2e zephyr/subsys/bluetooth/host/libsubsys__bluetooth__host.a(att.c.obj)
 .text.bt_att_chan_send_rsp
                0x0000deb4       0x1c zephyr/subsys/bluetooth/host/libsubsys__bluetooth__host.a(att.c.obj)
 .text.process_queue
                0x0000ded0       0x34 zephyr/subsys/bluetooth/host/libsubsys__bluetooth__host.a(att.c.obj)
 .text.att_exec_write_req
                0x0000df04        0x4 zephyr/subsys/bluetooth/host/libsubsys__bluetooth__host.a(att.c.obj)
 .text.chan_rsp_sent
                0x0000df08       0x14 zephyr/subsys/bluetooth/host/libsubsys__bluetooth__host.a(att.c.obj)
 .text.chan_cfm_sent